Archive member included to satisfy reference by file (symbol)

C:/ST/STM32CubeIDE_1.16.0/STM32CubeIDE/plugins/com.st.stm32cube.ide.mcu.externaltools.gnu-tools-for-stm32.12.3.rel1.win32_1.0.200.202406191623/tools/bin/../lib/gcc/arm-none-eabi/12.3.1/../../../../arm-none-eabi/lib/thumb/v7e-m+fp/hard\libc_nano.a(libc_a-exit.o)
                              C:/ST/STM32CubeIDE_1.16.0/STM32CubeIDE/plugins/com.st.stm32cube.ide.mcu.externaltools.gnu-tools-for-stm32.12.3.rel1.win32_1.0.200.202406191623/tools/bin/../lib/gcc/arm-none-eabi/12.3.1/../../../../arm-none-eabi/lib/thumb/v7e-m+fp/hard/crt0.o (exit)
C:/ST/STM32CubeIDE_1.16.0/STM32CubeIDE/plugins/com.st.stm32cube.ide.mcu.externaltools.gnu-tools-for-stm32.12.3.rel1.win32_1.0.200.202406191623/tools/bin/../lib/gcc/arm-none-eabi/12.3.1/../../../../arm-none-eabi/lib/thumb/v7e-m+fp/hard\libc_nano.a(libc_a-findfp.o)
                              C:/ST/STM32CubeIDE_1.16.0/STM32CubeIDE/plugins/com.st.stm32cube.ide.mcu.externaltools.gnu-tools-for-stm32.12.3.rel1.win32_1.0.200.202406191623/tools/bin/../lib/gcc/arm-none-eabi/12.3.1/../../../../arm-none-eabi/lib/thumb/v7e-m+fp/hard\libc_nano.a(libc_a-exit.o) (__stdio_exit_handler)
C:/ST/STM32CubeIDE_1.16.0/STM32CubeIDE/plugins/com.st.stm32cube.ide.mcu.externaltools.gnu-tools-for-stm32.12.3.rel1.win32_1.0.200.202406191623/tools/bin/../lib/gcc/arm-none-eabi/12.3.1/../../../../arm-none-eabi/lib/thumb/v7e-m+fp/hard\libc_nano.a(libc_a-fwalk.o)
                              C:/ST/STM32CubeIDE_1.16.0/STM32CubeIDE/plugins/com.st.stm32cube.ide.mcu.externaltools.gnu-tools-for-stm32.12.3.rel1.win32_1.0.200.202406191623/tools/bin/../lib/gcc/arm-none-eabi/12.3.1/../../../../arm-none-eabi/lib/thumb/v7e-m+fp/hard\libc_nano.a(libc_a-findfp.o) (_fwalk_sglue)
C:/ST/STM32CubeIDE_1.16.0/STM32CubeIDE/plugins/com.st.stm32cube.ide.mcu.externaltools.gnu-tools-for-stm32.12.3.rel1.win32_1.0.200.202406191623/tools/bin/../lib/gcc/arm-none-eabi/12.3.1/../../../../arm-none-eabi/lib/thumb/v7e-m+fp/hard\libc_nano.a(libc_a-sprintf.o)
                              ./Core/Src/cpp_main.o (sprintf)
C:/ST/STM32CubeIDE_1.16.0/STM32CubeIDE/plugins/com.st.stm32cube.ide.mcu.externaltools.gnu-tools-for-stm32.12.3.rel1.win32_1.0.200.202406191623/tools/bin/../lib/gcc/arm-none-eabi/12.3.1/../../../../arm-none-eabi/lib/thumb/v7e-m+fp/hard\libc_nano.a(libc_a-stdio.o)
                              C:/ST/STM32CubeIDE_1.16.0/STM32CubeIDE/plugins/com.st.stm32cube.ide.mcu.externaltools.gnu-tools-for-stm32.12.3.rel1.win32_1.0.200.202406191623/tools/bin/../lib/gcc/arm-none-eabi/12.3.1/../../../../arm-none-eabi/lib/thumb/v7e-m+fp/hard\libc_nano.a(libc_a-findfp.o) (__sread)
C:/ST/STM32CubeIDE_1.16.0/STM32CubeIDE/plugins/com.st.stm32cube.ide.mcu.externaltools.gnu-tools-for-stm32.12.3.rel1.win32_1.0.200.202406191623/tools/bin/../lib/gcc/arm-none-eabi/12.3.1/../../../../arm-none-eabi/lib/thumb/v7e-m+fp/hard\libc_nano.a(libc_a-memset.o)
                              C:/ST/STM32CubeIDE_1.16.0/STM32CubeIDE/plugins/com.st.stm32cube.ide.mcu.externaltools.gnu-tools-for-stm32.12.3.rel1.win32_1.0.200.202406191623/tools/bin/../lib/gcc/arm-none-eabi/12.3.1/../../../../arm-none-eabi/lib/thumb/v7e-m+fp/hard/crt0.o (memset)
C:/ST/STM32CubeIDE_1.16.0/STM32CubeIDE/plugins/com.st.stm32cube.ide.mcu.externaltools.gnu-tools-for-stm32.12.3.rel1.win32_1.0.200.202406191623/tools/bin/../lib/gcc/arm-none-eabi/12.3.1/../../../../arm-none-eabi/lib/thumb/v7e-m+fp/hard\libc_nano.a(libc_a-strncpy.o)
                              ./Core/Src/cpp_main.o (strncpy)
C:/ST/STM32CubeIDE_1.16.0/STM32CubeIDE/plugins/com.st.stm32cube.ide.mcu.externaltools.gnu-tools-for-stm32.12.3.rel1.win32_1.0.200.202406191623/tools/bin/../lib/gcc/arm-none-eabi/12.3.1/../../../../arm-none-eabi/lib/thumb/v7e-m+fp/hard\libc_nano.a(libc_a-closer.o)
                              C:/ST/STM32CubeIDE_1.16.0/STM32CubeIDE/plugins/com.st.stm32cube.ide.mcu.externaltools.gnu-tools-for-stm32.12.3.rel1.win32_1.0.200.202406191623/tools/bin/../lib/gcc/arm-none-eabi/12.3.1/../../../../arm-none-eabi/lib/thumb/v7e-m+fp/hard\libc_nano.a(libc_a-stdio.o) (_close_r)
C:/ST/STM32CubeIDE_1.16.0/STM32CubeIDE/plugins/com.st.stm32cube.ide.mcu.externaltools.gnu-tools-for-stm32.12.3.rel1.win32_1.0.200.202406191623/tools/bin/../lib/gcc/arm-none-eabi/12.3.1/../../../../arm-none-eabi/lib/thumb/v7e-m+fp/hard\libc_nano.a(libc_a-reent.o)
                              C:/ST/STM32CubeIDE_1.16.0/STM32CubeIDE/plugins/com.st.stm32cube.ide.mcu.externaltools.gnu-tools-for-stm32.12.3.rel1.win32_1.0.200.202406191623/tools/bin/../lib/gcc/arm-none-eabi/12.3.1/../../../../arm-none-eabi/lib/thumb/v7e-m+fp/hard\libc_nano.a(libc_a-closer.o) (errno)
C:/ST/STM32CubeIDE_1.16.0/STM32CubeIDE/plugins/com.st.stm32cube.ide.mcu.externaltools.gnu-tools-for-stm32.12.3.rel1.win32_1.0.200.202406191623/tools/bin/../lib/gcc/arm-none-eabi/12.3.1/../../../../arm-none-eabi/lib/thumb/v7e-m+fp/hard\libc_nano.a(libc_a-impure.o)
[...]
Memory Configuration

Name             Origin             Length             Attributes
RAM              0x20000000         0x00008000         xrw
RAM2             0x10000000         0x00002000         xrw
FLASH            0x08000000         0x00020000         xr
*default*        0x00000000         0xffffffff

Linker script and memory map

LOAD C:/ST/STM32CubeIDE_1.16.0/STM32CubeIDE/plugins/com.st.stm32cube.ide.mcu.externaltools.gnu-tools-for-stm32.12.3.rel1.win32_1.0.200.202406191623/tools/bin/../lib/gcc/arm-none-eabi/12.3.1/thumb/v7e-m+fp/hard/crti.o
LOAD C:/ST/STM32CubeIDE_1.16.0/STM32CubeIDE/plugins/com.st.stm32cube.ide.mcu.externaltools.gnu-tools-for-stm32.12.3.rel1.win32_1.0.200.202406191623/tools/bin/../lib/gcc/arm-none-eabi/12.3.1/thumb/v7e-m+fp/hard/crtbegin.o
LOAD C:/ST/STM32CubeIDE_1.16.0/STM32CubeIDE/plugins/com.st.stm32cube.ide.mcu.externaltools.gnu-tools-for-stm32.12.3.rel1.win32_1.0.200.202406191623/tools/bin/../lib/gcc/arm-none-eabi/12.3.1/../../../../arm-none-eabi/lib/thumb/v7e-m+fp/hard/crt0.o
LOAD ./Core/Src/GFX_BW.o
LOAD ./Core/Src/OLED_SSD1306.o
LOAD ./Core/Src/cpp_main.o
LOAD ./Core/Src/dma.o
LOAD ./Core/Src/encoder.o
LOAD ./Core/Src/gpio.o
LOAD ./Core/Src/main.o
LOAD ./Core/Src/spi.o
LOAD ./Core/Src/stm32l4xx_hal_msp.o
LOAD ./Core/Src/stm32l4xx_it.o
LOAD ./Core/Src/syscalls.o
LOAD ./Core/Src/sysmem.o
LOAD ./Core/Src/system_stm32l4xx.o
LOAD ./Core/Src/tim.o
LOAD ./Core/Src/usart.o
LOAD ./Core/Startup/startup_stm32l412kbux.o
LOAD ./Drivers/STM32L4xx_HAL_Driver/Src/stm32l4xx_hal.o
LOAD ./Drivers/STM32L4xx_HAL_Driver/Src/stm32l4xx_hal_cortex.o
LOAD ./Drivers/STM32L4xx_HAL_Driver/Src/stm32l4xx_hal_dma.o
LOAD ./Drivers/STM32L4xx_HAL_Driver/Src/stm32l4xx_hal_dma_ex.o
LOAD ./Drivers/STM32L4xx_HAL_Driver/Src/stm32l4xx_hal_exti.o
LOAD ./Drivers/STM32L4xx_HAL_Driver/Src/stm32l4xx_hal_flash.o
LOAD ./Drivers/STM32L4xx_HAL_Driver/Src/stm32l4xx_hal_flash_ex.o
LOAD ./Drivers/STM32L4xx_HAL_Driver/Src/stm32l4xx_hal_flash_ramfunc.o
LOAD ./Drivers/STM32L4xx_HAL_Driver/Src/stm32l4xx_hal_gpio.o
LOAD ./Drivers/STM32L4xx_HAL_Driver/Src/stm32l4xx_hal_i2c.o
LOAD ./Drivers/STM32L4xx_HAL_Driver/Src/stm32l4xx_hal_i2c_ex.o
LOAD ./Drivers/STM32L4xx_HAL_Driver/Src/stm32l4xx_hal_pwr.o
LOAD ./Drivers/STM32L4xx_HAL_Driver/Src/stm32l4xx_hal_pwr_ex.o
LOAD ./Drivers/STM32L4xx_HAL_Driver/Src/stm32l4xx_hal_rcc.o
LOAD ./Drivers/STM32L4xx_HAL_Driver/Src/stm32l4xx_hal_rcc_ex.o
LOAD ./Drivers/STM32L4xx_HAL_Driver/Src/stm32l4xx_hal_spi.o
LOAD ./Drivers/STM32L4xx_HAL_Driver/Src/stm32l4xx_hal_spi_ex.o
LOAD ./Drivers/STM32L4xx_HAL_Driver/Src/stm32l4xx_hal_tim.o
LOAD ./Drivers/STM32L4xx_HAL_Driver/Src/stm32l4xx_hal_tim_ex.o
LOAD ./Drivers/STM32L4xx_HAL_Driver/Src/stm32l4xx_hal_uart.o
LOAD ./Drivers/STM32L4xx_HAL_Driver/Src/stm32l4xx_hal_uart_ex.o
START GROUP
LOAD C:/ST/STM32CubeIDE_1.16.0/STM32CubeIDE/plugins/com.st.stm32cube.ide.mcu.externaltools.gnu-tools-for-stm32.12.3.rel1.win32_1.0.200.202406191623/tools/bin/../lib/gcc/arm-none-eabi/12.3.1/../../../../arm-none-eabi/lib/thumb/v7e-m+fp/hard\libstdc++_nano.a
LOAD C:/ST/STM32CubeIDE_1.16.0/STM32CubeIDE/plugins/com.st.stm32cube.ide.mcu.externaltools.gnu-tools-for-stm32.12.3.rel1.win32_1.0.200.202406191623/tools/bin/../lib/gcc/arm-none-eabi/12.3.1/../../../../arm-none-eabi/lib/thumb/v7e-m+fp/hard\libsupc++_nano.a
END GROUP
LOAD C:/ST/STM32CubeIDE_1.16.0/STM32CubeIDE/plugins/com.st.stm32cube.ide.mcu.externaltools.gnu-tools-for-stm32.12.3.rel1.win32_1.0.200.202406191623/tools/bin/../lib/gcc/arm-none-eabi/12.3.1/../../../../arm-none-eabi/lib/thumb/v7e-m+fp/hard\libstdc++_nano.a
LOAD C:/ST/STM32CubeIDE_1.16.0/STM32CubeIDE/plugins/com.st.stm32cube.ide.mcu.externaltools.gnu-tools-for-stm32.12.3.rel1.win32_1.0.200.202406191623/tools/bin/../lib/gcc/arm-none-eabi/12.3.1/../../../../arm-none-eabi/lib/thumb/v7e-m+fp/hard\libm.a
LOAD C:/ST/STM32CubeIDE_1.16.0/STM32CubeIDE/plugins/com.st.stm32cube.ide.mcu.externaltools.gnu-tools-for-stm32.12.3.rel1.win32_1.0.200.202406191623/tools/bin/../lib/gcc/arm-none-eabi/12.3.1/../../../../arm-none-eabi/lib/thumb/v7e-m+fp/hard\libc_nano.a
START GROUP
LOAD C:/ST/STM32CubeIDE_1.16.0/STM32CubeIDE/plugins/com.st.stm32cube.ide.mcu.externaltools.gnu-tools-for-stm32.12.3.rel1.win32_1.0.200.202406191623/tools/bin/../lib/gcc/arm-none-eabi/12.3.1/thumb/v7e-m+fp/hard\libgcc.a
LOAD C:/ST/STM32CubeIDE_1.16.0/STM32CubeIDE/plugins/com.st.stm32cube.ide.mcu.externaltools.gnu-tools-for-stm32.12.3.rel1.win32_1.0.200.202406191623/tools/bin/../lib/gcc/arm-none-eabi/12.3.1/../../../../arm-none-eabi/lib/thumb/v7e-m+fp/hard\libc_nano.a
END GROUP
START GROUP
LOAD C:/ST/STM32CubeIDE_1.16.0/STM32CubeIDE/plugins/com.st.stm32cube.ide.mcu.externaltools.gnu-tools-for-stm32.12.3.rel1.win32_1.0.200.202406191623/tools/bin/../lib/gcc/arm-none-eabi/12.3.1/thumb/v7e-m+fp/hard\libgcc.a
LOAD C:/ST/STM32CubeIDE_1.16.0/STM32CubeIDE/plugins/com.st.stm32cube.ide.mcu.externaltools.gnu-tools-for-stm32.12.3.rel1.win32_1.0.200.202406191623/tools/bin/../lib/gcc/arm-none-eabi/12.3.1/../../../../arm-none-eabi/lib/thumb/v7e-m+fp/hard\libc_nano.a
LOAD C:/ST/STM32CubeIDE_1.16.0/STM32CubeIDE/plugins/com.st.stm32cube.ide.mcu.externaltools.gnu-tools-for-stm32.12.3.rel1.win32_1.0.200.202406191623/tools/bin/../lib/gcc/arm-none-eabi/12.3.1/../../../../arm-none-eabi/lib/thumb/v7e-m+fp/hard\libnosys.a
END GROUP
START GROUP
LOAD C:/ST/STM32CubeIDE_1.16.0/STM32CubeIDE/plugins/com.st.stm32cube.ide.mcu.externaltools.gnu-tools-for-stm32.12.3.rel1.win32_1.0.200.202406191623/tools/bin/../lib/gcc/arm-none-eabi/12.3.1/thumb/v7e-m+fp/hard\libgcc.a
LOAD C:/ST/STM32CubeIDE_1.16.0/STM32CubeIDE/plugins/com.st.stm32cube.ide.mcu.externaltools.gnu-tools-for-stm32.12.3.rel1.win32_1.0.200.202406191623/tools/bin/../lib/gcc/arm-none-eabi/12.3.1/../../../../arm-none-eabi/lib/thumb/v7e-m+fp/hard\libc_nano.a
LOAD C:/ST/STM32CubeIDE_1.16.0/STM32CubeIDE/plugins/com.st.stm32cube.ide.mcu.externaltools.gnu-tools-for-stm32.12.3.rel1.win32_1.0.200.202406191623/tools/bin/../lib/gcc/arm-none-eabi/12.3.1/../../../../arm-none-eabi/lib/thumb/v7e-m+fp/hard\libnosys.a
END GROUP
LOAD C:/ST/STM32CubeIDE_1.16.0/STM32CubeIDE/plugins/com.st.stm32cube.ide.mcu.externaltools.gnu-tools-for-stm32.12.3.rel1.win32_1.0.200.202406191623/tools/bin/../lib/gcc/arm-none-eabi/12.3.1/thumb/v7e-m+fp/hard/crtend.o
LOAD C:/ST/STM32CubeIDE_1.16.0/STM32CubeIDE/plugins/com.st.stm32cube.ide.mcu.externaltools.gnu-tools-for-stm32.12.3.rel1.win32_1.0.200.202406191623/tools/bin/../lib/gcc/arm-none-eabi/12.3.1/thumb/v7e-m+fp/hard/crtn.o
                0x20008000                        _estack = (ORIGIN (RAM) + LENGTH (RAM))
                0x00000200                        _Min_Heap_Size = 0x200
                0x00000400                        _Min_Stack_Size = 0x400

.isr_vector     0x08000000      0x18c
                0x08000000                        . = ALIGN (0x4)
 *(.isr_vector)
 .isr_vector    0x08000000      0x18c ./Core/Startup/startup_stm32l412kbux.o
                0x08000000                g_pfnVectors
                0x0800018c                        . = ALIGN (0x4)

.text           0x08000190     0x50e8
                0x08000190                        . = ALIGN (0x4)
 *(.text)
 .text          0x08000190       0x40 C:/ST/STM32CubeIDE_1.16.0/STM32CubeIDE/plugins/com.st.stm32cube.ide.mcu.externaltools.gnu-tools-for-stm32.12.3.rel1.win32_1.0.200.202406191623/tools/bin/../lib/gcc/arm-none-eabi/12.3.1/thumb/v7e-m+fp/hard/crtbegin.o
 .text          0x080001d0       0xa0 C:/ST/STM32CubeIDE_1.16.0/STM32CubeIDE/plugins/com.st.stm32cube.ide.mcu.externaltools.gnu-tools-for-stm32.12.3.rel1.win32_1.0.200.202406191623/tools/bin/../lib/gcc/arm-none-eabi/12.3.1/../../../../arm-none-eabi/lib/thumb/v7e-m+fp/hard\libc_nano.a(libc_a-memchr.o)
                0x080001d0                memchr
 .text          0x08000270       0x30 C:/ST/STM32CubeIDE_1.16.0/STM32CubeIDE/plugins/com.st.stm32cube.ide.mcu.externaltools.gnu-tools-for-stm32.12.3.rel1.win32_1.0.200.202406191623/tools/bin/../lib/gcc/arm-none-eabi/12.3.1/thumb/v7e-m+fp/hard\libgcc.a(_aeabi_uldivmod.o)
                0x08000270                __aeabi_uldivmod
 .text          0x080002a0      0x2bc C:/ST/STM32CubeIDE_1.16.0/STM32CubeIDE/plugins/com.st.stm32cube.ide.mcu.externaltools.gnu-tools-for-stm32.12.3.rel1.win32_1.0.200.202406191623/tools/bin/../lib/gcc/arm-none-eabi/12.3.1/thumb/v7e-m+fp/hard\libgcc.a(_udivmoddi4.o)
                0x080002a0                __udivmoddi4
 .text          0x0800055c        0x4 C:/ST/STM32CubeIDE_1.16.0/STM32CubeIDE/plugins/com.st.stm32cube.ide.mcu.externaltools.gnu-tools-for-stm32.12.3.rel1.win32_1.0.200.202406191623/tools/bin/../lib/gcc/arm-none-eabi/12.3.1/thumb/v7e-m+fp/hard\libgcc.a(_dvmd_tls.o)
                0x0800055c                __aeabi_idiv0
                0x0800055c                __aeabi_ldiv0
 *(.text*)
 .text.GFX_DrawChar.part.0
                0x08000560      0x2dc ./Core/Src/GFX_BW.o
 .text.GFX_SetFont
                0x0800083c        0xc ./Core/Src/GFX_BW.o
                0x0800083c                GFX_SetFont
 .text.GFX_SetFontSize
                0x08000848        0xc ./Core/Src/GFX_BW.o
                0x08000848                GFX_SetFontSize
 .text.GFX_DrawString
                0x08000854       0x9c ./Core/Src/GFX_BW.o
                0x08000854                GFX_DrawString
 .text.SSD1306_SetOLED
                0x080008f0        0xc ./Core/Src/OLED_SSD1306.o
                0x080008f0                SSD1306_SetOLED
 .text.SSD1306_ResetOLEDS
                0x080008fc       0x24 ./Core/Src/OLED_SSD1306.o
                0x080008fc                SSD1306_ResetOLEDS
 .text.SSD1306_RotateDisplay
                0x08000920       0xa4 ./Core/Src/OLED_SSD1306.o
                0x08000920                SSD1306_RotateDisplay
 .text.SSD1306_Init
                0x080009c4      0x794 ./Core/Src/OLED_SSD1306.o
                0x080009c4                SSD1306_Init
 .text.SSD1306_SpiInit
                0x08001158        0xc ./Core/Src/OLED_SSD1306.o
                0x08001158                SSD1306_SpiInit
 .text.SSD1306_DrawPixel
                0x08001164       0x88 ./Core/Src/OLED_SSD1306.o
                0x08001164                SSD1306_DrawPixel
 .text.SSD1306_Clear
                0x080011ec       0x28 ./Core/Src/OLED_SSD1306.o
                0x080011ec                SSD1306_Clear
 .text.SSD1306_Display
                0x08001214      0x114 ./Core/Src/OLED_SSD1306.o
                0x08001214                SSD1306_Display
 .text.SSD1306_DmaEndCallback
                0x08001328       0x24 ./Core/Src/OLED_SSD1306.o
                0x08001328                SSD1306_DmaEndCallback
 .text._Z13emptyCallback16EncoderDirectionh
                0x0800134c        0x4 ./Core/Src/cpp_main.o
                0x0800134c                emptyCallback(EncoderDirection, unsigned char)
 .text._Z10drawScreenv.part.0
                0x08001350      0x124 ./Core/Src/cpp_main.o
 .text._Z15initializeOLEDsv
                0x08001474       0xd0 ./Core/Src/cpp_main.o
                0x08001474                initializeOLEDs()
 .text._Z18initializeEncodersv
                0x08001544       0x98 ./Core/Src/cpp_main.o
                0x08001544                initializeEncoders()
 .text.setup    0x080015dc       0x10 ./Core/Src/cpp_main.o
                0x080015dc                setup
 .text.Timer6Interrupt
                0x080015ec       0xcc ./Core/Src/cpp_main.o
                0x080015ec                Timer6Interrupt
 .text.UART_received
                0x080016b8       0x38 ./Core/Src/cpp_main.o
                0x080016b8                UART_received
 .text.loop     0x080016f0       0x18 ./Core/Src/cpp_main.o
                0x080016f0                loop
 .text.startup._GLOBAL__sub_I_oled1
                0x08001708       0x68 ./Core/Src/cpp_main.o
 .text.MX_DMA_Init
                0x08001770       0x54 ./Core/Src/dma.o
                0x08001770                MX_DMA_Init
 .text._ZN7Encoder13setConstrainsEll
                0x080017c4        0x8 ./Core/Src/encoder.o
                0x080017c4                Encoder::setConstrains(long, long)
 .text._ZN7Encoder7refreshEbb
                0x080017cc       0x74 ./Core/Src/encoder.o
                0x080017cc                Encoder::refresh(bool, bool)
 .text._ZN7Encoder10getCounterEv
                0x08001840        0x4 ./Core/Src/encoder.o
                0x08001840                Encoder::getCounter()
 .text._ZN7Encoder10setCounterEl
                0x08001844       0x14 ./Core/Src/encoder.o
                0x08001844                Encoder::setCounter(long)
 .text._ZN7Encoder11setCallbackEPFv16EncoderDirectionhE
                0x08001858        0x4 ./Core/Src/encoder.o
                0x08001858                Encoder::setCallback(void (*)(EncoderDirection, unsigned char))
 .text.MX_GPIO_Init
                0x0800185c       0x98 ./Core/Src/gpio.o
                0x0800185c                MX_GPIO_Init
 .text.SystemClock_Config
                0x080018f4       0x78 ./Core/Src/main.o
                0x080018f4                SystemClock_Config
 .text.startup.main
                0x0800196c       0x54 ./Core/Src/main.o
                0x0800196c                main
 .text.HAL_SPI_TxCpltCallback
                0x080019c0        0x4 ./Core/Src/main.o
                0x080019c0                HAL_SPI_TxCpltCallback
 .text.HAL_TIM_PeriodElapsedCallback
                0x080019c4       0x10 ./Core/Src/main.o
                0x080019c4                HAL_TIM_PeriodElapsedCallback
 .text.HAL_UARTEx_RxEventCallback
                0x080019d4       0x38 ./Core/Src/main.o
                0x080019d4                HAL_UARTEx_RxEventCallback
 .text.Error_Handler
                0x08001a0c        0x4 ./Core/Src/main.o
                0x08001a0c                Error_Handler
 .text.MX_SPI1_Init
                0x08001a10       0x50 ./Core/Src/spi.o
                0x08001a10                MX_SPI1_Init
 .text.HAL_SPI_MspInit
                0x08001a60       0xa0 ./Core/Src/spi.o
                0x08001a60                HAL_SPI_MspInit
 .text.HAL_MspInit
                0x08001b00       0x30 ./Core/Src/stm32l4xx_hal_msp.o
                0x08001b00                HAL_MspInit
 .text.NMI_Handler
                0x08001b30        0x4 ./Core/Src/stm32l4xx_it.o
                0x08001b30                NMI_Handler
 .text.HardFault_Handler
                0x08001b34        0x4 ./Core/Src/stm32l4xx_it.o
                0x08001b34                HardFault_Handler
 .text.MemManage_Handler
                0x08001b38        0x4 ./Core/Src/stm32l4xx_it.o
                0x08001b38                MemManage_Handler
 .text.BusFault_Handler
                0x08001b3c        0x4 ./Core/Src/stm32l4xx_it.o
                0x08001b3c                BusFault_Handler
 .text.UsageFault_Handler
                0x08001b40        0x4 ./Core/Src/stm32l4xx_it.o
                0x08001b40                UsageFault_Handler
 .text.SVC_Handler
                0x08001b44        0x4 ./Core/Src/stm32l4xx_it.o
                0x08001b44                SVC_Handler
 .text.DebugMon_Handler
                0x08001b48        0x4 ./Core/Src/stm32l4xx_it.o
                0x08001b48                DebugMon_Handler
 .text.PendSV_Handler
                0x08001b4c        0x4 ./Core/Src/stm32l4xx_it.o
                0x08001b4c                PendSV_Handler
 .text.SysTick_Handler
                0x08001b50        0x4 ./Core/Src/stm32l4xx_it.o
                0x08001b50                SysTick_Handler
 .text.DMA1_Channel3_IRQHandler
                0x08001b54        0xc ./Core/Src/stm32l4xx_it.o
                0x08001b54                DMA1_Channel3_IRQHandler
 .text.DMA1_Channel6_IRQHandler
                0x08001b60        0xc ./Core/Src/stm32l4xx_it.o
                0x08001b60                DMA1_Channel6_IRQHandler
 .text.DMA1_Channel7_IRQHandler
                0x08001b6c        0xc ./Core/Src/stm32l4xx_it.o
                0x08001b6c                DMA1_Channel7_IRQHandler
 .text.USART2_IRQHandler
                0x08001b78        0xc ./Core/Src/stm32l4xx_it.o
                0x08001b78                USART2_IRQHandler
 .text.TIM6_IRQHandler
                0x08001b84        0xc ./Core/Src/stm32l4xx_it.o
                0x08001b84                TIM6_IRQHandler
 .text._sbrk    0x08001b90       0x44 ./Core/Src/sysmem.o
                0x08001b90                _sbrk
 .text.SystemInit
                0x08001bd4       0x14 ./Core/Src/system_stm32l4xx.o
                0x08001bd4                SystemInit
 .text.MX_TIM6_Init
                0x08001be8       0x54 ./Core/Src/tim.o
                0x08001be8                MX_TIM6_Init
 .text.HAL_TIM_Base_MspInit
                0x08001c3c       0x40 ./Core/Src/tim.o
                0x08001c3c                HAL_TIM_Base_MspInit
 .text.MX_USART1_UART_Init
                0x08001c7c       0x3c ./Core/Src/usart.o
                0x08001c7c                MX_USART1_UART_Init
 .text.MX_USART2_UART_Init
                0x08001cb8       0x3c ./Core/Src/usart.o
                0x08001cb8                MX_USART2_UART_Init
 .text.HAL_UART_MspInit
                0x08001cf4      0x19c ./Core/Src/usart.o
                0x08001cf4                HAL_UART_MspInit
 .text.Reset_Handler
                0x08001e90       0x50 ./Core/Startup/startup_stm32l412kbux.o
                0x08001e90                Reset_Handler
 .text.Default_Handler
                0x08001ee0        0x2 ./Core/Startup/startup_stm32l412kbux.o
                0x08001ee0                RTC_Alarm_IRQHandler
                0x08001ee0                EXTI2_IRQHandler
                0x08001ee0                TIM1_CC_IRQHandler
                0x08001ee0                TSC_IRQHandler
                0x08001ee0                TAMP_STAMP_IRQHandler
                0x08001ee0                EXTI3_IRQHandler
                0x08001ee0                LPTIM2_IRQHandler
                0x08001ee0                I2C3_ER_IRQHandler
                0x08001ee0                EXTI0_IRQHandler
                0x08001ee0                I2C2_EV_IRQHandler
                0x08001ee0                FPU_IRQHandler
                0x08001ee0                TIM1_UP_TIM16_IRQHandler
                0x08001ee0                ADC1_2_IRQHandler
                0x08001ee0                SPI1_IRQHandler
                0x08001ee0                DMA2_Channel2_IRQHandler
                0x08001ee0                DMA1_Channel4_IRQHandler
                0x08001ee0                USART3_IRQHandler
                0x08001ee0                DMA2_Channel1_IRQHandler
                0x08001ee0                QUADSPI_IRQHandler
                0x08001ee0                I2C1_EV_IRQHandler
                0x08001ee0                DMA2_Channel4_IRQHandler
                0x08001ee0                RCC_IRQHandler
                0x08001ee0                TIM1_TRG_COM_IRQHandler
                0x08001ee0                DMA1_Channel1_IRQHandler
                0x08001ee0                Default_Handler
                0x08001ee0                DMA2_Channel7_IRQHandler
                0x08001ee0                EXTI15_10_IRQHandler
                0x08001ee0                I2C3_EV_IRQHandler
                0x08001ee0                USB_IRQHandler
                0x08001ee0                EXTI9_5_IRQHandler
                0x08001ee0                RTC_WKUP_IRQHandler
                0x08001ee0                PVD_PVM_IRQHandler
                0x08001ee0                SPI2_IRQHandler
                0x08001ee0                DMA2_Channel5_IRQHandler
                0x08001ee0                CRS_IRQHandler
                0x08001ee0                DMA1_Channel5_IRQHandler
                0x08001ee0                EXTI4_IRQHandler
                0x08001ee0                RNG_IRQHandler
                0x08001ee0                COMP_IRQHandler
                0x08001ee0                WWDG_IRQHandler
                0x08001ee0                LPUART1_IRQHandler
                0x08001ee0                DMA2_Channel6_IRQHandler
                0x08001ee0                TIM2_IRQHandler
                0x08001ee0                EXTI1_IRQHandler
                0x08001ee0                I2C2_ER_IRQHandler
                0x08001ee0                DMA1_Channel2_IRQHandler
                0x08001ee0                FLASH_IRQHandler
                0x08001ee0                USART1_IRQHandler
                0x08001ee0                I2C1_ER_IRQHandler
                0x08001ee0                LPTIM1_IRQHandler
                0x08001ee0                DMA2_Channel3_IRQHandler
                0x08001ee0                TIM1_BRK_TIM15_IRQHandler
 *fill*         0x08001ee2        0x2 
 .text.HAL_InitTick
                0x08001ee4       0x4c ./Drivers/STM32L4xx_HAL_Driver/Src/stm32l4xx_hal.o
                0x08001ee4                HAL_InitTick
 .text.HAL_Init
                0x08001f30       0x20 ./Drivers/STM32L4xx_HAL_Driver/Src/stm32l4xx_hal.o
                0x08001f30                HAL_Init
 .text.HAL_IncTick
                0x08001f50       0x18 ./Drivers/STM32L4xx_HAL_Driver/Src/stm32l4xx_hal.o
                0x08001f50                HAL_IncTick
 .text.HAL_GetTick
                0x08001f68        0xc ./Drivers/STM32L4xx_HAL_Driver/Src/stm32l4xx_hal.o
                0x08001f68                HAL_GetTick
 .text.HAL_Delay
                0x08001f74       0x24 ./Drivers/STM32L4xx_HAL_Driver/Src/stm32l4xx_hal.o
                0x08001f74                HAL_Delay
 .text.HAL_NVIC_SetPriorityGrouping
                0x08001f98       0x24 ./Drivers/STM32L4xx_HAL_Driver/Src/stm32l4xx_hal_cortex.o
                0x08001f98                HAL_NVIC_SetPriorityGrouping
 .text.HAL_NVIC_SetPriority
                0x08001fbc       0x78 ./Drivers/STM32L4xx_HAL_Driver/Src/stm32l4xx_hal_cortex.o
                0x08001fbc                HAL_NVIC_SetPriority
 .text.HAL_NVIC_EnableIRQ
                0x08002034       0x1c ./Drivers/STM32L4xx_HAL_Driver/Src/stm32l4xx_hal_cortex.o
                0x08002034                HAL_NVIC_EnableIRQ
 .text.HAL_SYSTICK_Config
                0x08002050       0x34 ./Drivers/STM32L4xx_HAL_Driver/Src/stm32l4xx_hal_cortex.o
                0x08002050                HAL_SYSTICK_Config
 .text.HAL_DMA_Init
                0x08002084       0xd8 ./Drivers/STM32L4xx_HAL_Driver/Src/stm32l4xx_hal_dma.o
                0x08002084                HAL_DMA_Init
 .text.HAL_DMA_Start_IT
                0x0800215c       0x88 ./Drivers/STM32L4xx_HAL_Driver/Src/stm32l4xx_hal_dma.o
                0x0800215c                HAL_DMA_Start_IT
 .text.HAL_DMA_Abort
                0x080021e4       0x4c ./Drivers/STM32L4xx_HAL_Driver/Src/stm32l4xx_hal_dma.o
                0x080021e4                HAL_DMA_Abort
 .text.HAL_DMA_Abort_IT
                0x08002230       0x48 ./Drivers/STM32L4xx_HAL_Driver/Src/stm32l4xx_hal_dma.o
                0x08002230                HAL_DMA_Abort_IT
 .text.HAL_DMA_IRQHandler
                0x08002278       0x9c ./Drivers/STM32L4xx_HAL_Driver/Src/stm32l4xx_hal_dma.o
                0x08002278                HAL_DMA_IRQHandler
 .text.HAL_GPIO_Init
                0x08002314      0x1d8 ./Drivers/STM32L4xx_HAL_Driver/Src/stm32l4xx_hal_gpio.o
                0x08002314                HAL_GPIO_Init
 .text.HAL_GPIO_ReadPin
                0x080024ec        0xc ./Drivers/STM32L4xx_HAL_Driver/Src/stm32l4xx_hal_gpio.o
                0x080024ec                HAL_GPIO_ReadPin
 .text.HAL_GPIO_WritePin
                0x080024f8        0xc ./Drivers/STM32L4xx_HAL_Driver/Src/stm32l4xx_hal_gpio.o
                0x080024f8                HAL_GPIO_WritePin
 .text.HAL_PWREx_GetVoltageRange
                0x08002504       0x10 ./Drivers/STM32L4xx_HAL_Driver/Src/stm32l4xx_hal_pwr_ex.o
                0x08002504                HAL_PWREx_GetVoltageRange
 .text.HAL_PWREx_ControlVoltageScaling
                0x08002514       0x80 ./Drivers/STM32L4xx_HAL_Driver/Src/stm32l4xx_hal_pwr_ex.o
                0x08002514                HAL_PWREx_ControlVoltageScaling
 .text.RCC_SetFlashLatencyFromMSIRange
                0x08002594       0x8c ./Drivers/STM32L4xx_HAL_Driver/Src/stm32l4xx_hal_rcc.o
 .text.HAL_RCC_GetSysClockFreq
                0x08002620       0xb4 ./Drivers/STM32L4xx_HAL_Driver/Src/stm32l4xx_hal_rcc.o
                0x08002620                HAL_RCC_GetSysClockFreq
 .text.HAL_RCC_OscConfig
                0x080026d4      0x65c ./Drivers/STM32L4xx_HAL_Driver/Src/stm32l4xx_hal_rcc.o
                0x080026d4                HAL_RCC_OscConfig
 .text.HAL_RCC_ClockConfig
                0x08002d30      0x16c ./Drivers/STM32L4xx_HAL_Driver/Src/stm32l4xx_hal_rcc.o
                0x08002d30                HAL_RCC_ClockConfig
 .text.HAL_RCC_GetPCLK1Freq
                0x08002e9c       0x24 ./Drivers/STM32L4xx_HAL_Driver/Src/stm32l4xx_hal_rcc.o
                0x08002e9c                HAL_RCC_GetPCLK1Freq
 .text.HAL_RCC_GetPCLK2Freq
                0x08002ec0       0x24 ./Drivers/STM32L4xx_HAL_Driver/Src/stm32l4xx_hal_rcc.o
                0x08002ec0                HAL_RCC_GetPCLK2Freq
 .text.HAL_RCCEx_PeriphCLKConfig
                0x08002ee4      0x208 ./Drivers/STM32L4xx_HAL_Driver/Src/stm32l4xx_hal_rcc_ex.o
                0x08002ee4                HAL_RCCEx_PeriphCLKConfig
 .text.SPI_WaitFifoStateUntilTimeout.constprop.0
                0x080030ec       0xec ./Drivers/STM32L4xx_HAL_Driver/Src/stm32l4xx_hal_spi.o
 .text.SPI_EndRxTxTransaction
                0x080031d8      0x144 ./Drivers/STM32L4xx_HAL_Driver/Src/stm32l4xx_hal_spi.o
 .text.SPI_WaitFlagStateUntilTimeout.constprop.0
                0x0800331c       0xac ./Drivers/STM32L4xx_HAL_Driver/Src/stm32l4xx_hal_spi.o
 .text.SPI_EndRxTxTransaction.constprop.0
                0x080033c8       0xe4 ./Drivers/STM32L4xx_HAL_Driver/Src/stm32l4xx_hal_spi.o
 .text.HAL_SPI_Init
                0x080034ac       0xf8 ./Drivers/STM32L4xx_HAL_Driver/Src/stm32l4xx_hal_spi.o
                0x080034ac                HAL_SPI_Init
 .text.HAL_SPI_Transmit
                0x080035a4      0x248 ./Drivers/STM32L4xx_HAL_Driver/Src/stm32l4xx_hal_spi.o
                0x080035a4                HAL_SPI_Transmit
 .text.HAL_SPI_Transmit_DMA
                0x080037ec      0x110 ./Drivers/STM32L4xx_HAL_Driver/Src/stm32l4xx_hal_spi.o
                0x080037ec                HAL_SPI_Transmit_DMA
 .text.HAL_SPI_TxHalfCpltCallback
                0x080038fc        0x4 ./Drivers/STM32L4xx_HAL_Driver/Src/stm32l4xx_hal_spi.o
                0x080038fc                HAL_SPI_TxHalfCpltCallback
 .text.SPI_DMAHalfTransmitCplt
                0x08003900        0xc ./Drivers/STM32L4xx_HAL_Driver/Src/stm32l4xx_hal_spi.o
 .text.HAL_SPI_ErrorCallback
                0x0800390c        0x4 ./Drivers/STM32L4xx_HAL_Driver/Src/stm32l4xx_hal_spi.o
                0x0800390c                HAL_SPI_ErrorCallback
 .text.SPI_DMAError
                0x08003910       0x24 ./Drivers/STM32L4xx_HAL_Driver/Src/stm32l4xx_hal_spi.o
 .text.SPI_DMATransmitCplt
                0x08003934       0x6c ./Drivers/STM32L4xx_HAL_Driver/Src/stm32l4xx_hal_spi.o
 .text.HAL_TIM_Base_Init
                0x080039a0       0xf4 ./Drivers/STM32L4xx_HAL_Driver/Src/stm32l4xx_hal_tim.o
                0x080039a0                HAL_TIM_Base_Init
 .text.HAL_TIM_Base_Start_IT
                0x08003a94       0x58 ./Drivers/STM32L4xx_HAL_Driver/Src/stm32l4xx_hal_tim.o
                0x08003a94                HAL_TIM_Base_Start_IT
 .text.HAL_TIM_OC_DelayElapsedCallback
                0x08003aec        0x4 ./Drivers/STM32L4xx_HAL_Driver/Src/stm32l4xx_hal_tim.o
                0x08003aec                HAL_TIM_OC_DelayElapsedCallback
 .text.HAL_TIM_IC_CaptureCallback
                0x08003af0        0x4 ./Drivers/STM32L4xx_HAL_Driver/Src/stm32l4xx_hal_tim.o
                0x08003af0                HAL_TIM_IC_CaptureCallback
 .text.HAL_TIM_PWM_PulseFinishedCallback
                0x08003af4        0x4 ./Drivers/STM32L4xx_HAL_Driver/Src/stm32l4xx_hal_tim.o
                0x08003af4                HAL_TIM_PWM_PulseFinishedCallback
 .text.HAL_TIM_TriggerCallback
                0x08003af8        0x4 ./Drivers/STM32L4xx_HAL_Driver/Src/stm32l4xx_hal_tim.o
                0x08003af8                HAL_TIM_TriggerCallback
 .text.HAL_TIM_IRQHandler
                0x08003afc      0x158 ./Drivers/STM32L4xx_HAL_Driver/Src/stm32l4xx_hal_tim.o
                0x08003afc                HAL_TIM_IRQHandler
 .text.HAL_TIMEx_MasterConfigSynchronization
                0x08003c54       0x6c ./Drivers/STM32L4xx_HAL_Driver/Src/stm32l4xx_hal_tim_ex.o
                0x08003c54                HAL_TIMEx_MasterConfigSynchronization
 .text.HAL_TIMEx_CommutCallback
                0x08003cc0        0x4 ./Drivers/STM32L4xx_HAL_Driver/Src/stm32l4xx_hal_tim_ex.o
                0x08003cc0                HAL_TIMEx_CommutCallback
 .text.HAL_TIMEx_BreakCallback
                0x08003cc4        0x4 ./Drivers/STM32L4xx_HAL_Driver/Src/stm32l4xx_hal_tim_ex.o
                0x08003cc4                HAL_TIMEx_BreakCallback
 .text.HAL_TIMEx_Break2Callback
                0x08003cc8        0x4 ./Drivers/STM32L4xx_HAL_Driver/Src/stm32l4xx_hal_tim_ex.o
                0x08003cc8                HAL_TIMEx_Break2Callback
 .text.HAL_UART_Transmit_DMA
                0x08003ccc       0x80 ./Drivers/STM32L4xx_HAL_Driver/Src/stm32l4xx_hal_uart.o
                0x08003ccc                HAL_UART_Transmit_DMA
 .text.HAL_UART_TxCpltCallback
                0x08003d4c        0x4 ./Drivers/STM32L4xx_HAL_Driver/Src/stm32l4xx_hal_uart.o
                0x08003d4c                HAL_UART_TxCpltCallback
 .text.UART_DMATransmitCplt
                0x08003d50       0x44 ./Drivers/STM32L4xx_HAL_Driver/Src/stm32l4xx_hal_uart.o
 .text.HAL_UART_TxHalfCpltCallback
                0x08003d94        0x4 ./Drivers/STM32L4xx_HAL_Driver/Src/stm32l4xx_hal_uart.o
                0x08003d94                HAL_UART_TxHalfCpltCallback
 .text.UART_DMATxHalfCplt
                0x08003d98        0xc ./Drivers/STM32L4xx_HAL_Driver/Src/stm32l4xx_hal_uart.o
 .text.HAL_UART_RxCpltCallback
                0x08003da4        0x4 ./Drivers/STM32L4xx_HAL_Driver/Src/stm32l4xx_hal_uart.o
                0x08003da4                HAL_UART_RxCpltCallback
 .text.HAL_UART_RxHalfCpltCallback
                0x08003da8        0x4 ./Drivers/STM32L4xx_HAL_Driver/Src/stm32l4xx_hal_uart.o
                0x08003da8                HAL_UART_RxHalfCpltCallback
 .text.HAL_UART_ErrorCallback
                0x08003dac        0x4 ./Drivers/STM32L4xx_HAL_Driver/Src/stm32l4xx_hal_uart.o
                0x08003dac                HAL_UART_ErrorCallback
 .text.UART_DMAError
                0x08003db0       0xb4 ./Drivers/STM32L4xx_HAL_Driver/Src/stm32l4xx_hal_uart.o
 .text.UART_DMAAbortOnError
                0x08003e64       0x14 ./Drivers/STM32L4xx_HAL_Driver/Src/stm32l4xx_hal_uart.o
 .text.HAL_UART_IRQHandler
                0x08003e78      0x36c ./Drivers/STM32L4xx_HAL_Driver/Src/stm32l4xx_hal_uart.o
                0x08003e78                HAL_UART_IRQHandler
 .text.UART_DMARxHalfCplt
                0x080041e4       0x20 ./Drivers/STM32L4xx_HAL_Driver/Src/stm32l4xx_hal_uart.o
 .text.UART_DMAReceiveCplt
                0x08004204       0x9c ./Drivers/STM32L4xx_HAL_Driver/Src/stm32l4xx_hal_uart.o
 .text.UART_AdvFeatureConfig
                0x080042a0       0xb0 ./Drivers/STM32L4xx_HAL_Driver/Src/stm32l4xx_hal_uart.o
                0x080042a0                UART_AdvFeatureConfig
 .text.UART_CheckIdleState
                0x08004350      0x250 ./Drivers/STM32L4xx_HAL_Driver/Src/stm32l4xx_hal_uart.o
                0x08004350                UART_CheckIdleState
 .text.HAL_UART_Init
                0x080045a0      0x270 ./Drivers/STM32L4xx_HAL_Driver/Src/stm32l4xx_hal_uart.o
                0x080045a0                HAL_UART_Init
 .text.UART_Start_Receive_DMA
                0x08004810       0x9c ./Drivers/STM32L4xx_HAL_Driver/Src/stm32l4xx_hal_uart.o
                0x08004810                UART_Start_Receive_DMA
 .text.HAL_UARTEx_WakeupCallback
                0x080048ac        0x4 ./Drivers/STM32L4xx_HAL_Driver/Src/stm32l4xx_hal_uart_ex.o
                0x080048ac                HAL_UARTEx_WakeupCallback
 .text.HAL_UARTEx_ReceiveToIdle_DMA
                0x080048b0       0x48 ./Drivers/STM32L4xx_HAL_Driver/Src/stm32l4xx_hal_uart_ex.o
                0x080048b0                HAL_UARTEx_ReceiveToIdle_DMA
 .text.sprintf  0x080048f8       0x40 C:/ST/STM32CubeIDE_1.16.0/STM32CubeIDE/plugins/com.st.stm32cube.ide.mcu.externaltools.gnu-tools-for-stm32.12.3.rel1.win32_1.0.200.202406191623/tools/bin/../lib/gcc/arm-none-eabi/12.3.1/../../../../arm-none-eabi/lib/thumb/v7e-m+fp/hard\libc_nano.a(libc_a-sprintf.o)
                0x080048f8                siprintf
                0x080048f8                sprintf
 .text.memset   0x08004938       0x10 C:/ST/STM32CubeIDE_1.16.0/STM32CubeIDE/plugins/com.st.stm32cube.ide.mcu.externaltools.gnu-tools-for-stm32.12.3.rel1.win32_1.0.200.202406191623/tools/bin/../lib/gcc/arm-none-eabi/12.3.1/../../../../arm-none-eabi/lib/thumb/v7e-m+fp/hard\libc_nano.a(libc_a-memset.o)
                0x08004938                memset
 .text.strncpy  0x08004948       0x26 C:/ST/STM32CubeIDE_1.16.0/STM32CubeIDE/plugins/com.st.stm32cube.ide.mcu.externaltools.gnu-tools-for-stm32.12.3.rel1.win32_1.0.200.202406191623/tools/bin/../lib/gcc/arm-none-eabi/12.3.1/../../../../arm-none-eabi/lib/thumb/v7e-m+fp/hard\libc_nano.a(libc_a-strncpy.o)
                0x08004948                strncpy
 *fill*         0x0800496e        0x2 
 .text.__errno  0x08004970        0xc C:/ST/STM32CubeIDE_1.16.0/STM32CubeIDE/plugins/com.st.stm32cube.ide.mcu.externaltools.gnu-tools-for-stm32.12.3.rel1.win32_1.0.200.202406191623/tools/bin/../lib/gcc/arm-none-eabi/12.3.1/../../../../arm-none-eabi/lib/thumb/v7e-m+fp/hard\libc_nano.a(libc_a-errno.o)
                0x08004970                __errno
 .text.__libc_init_array
                0x0800497c       0x48 C:/ST/STM32CubeIDE_1.16.0/STM32CubeIDE/plugins/com.st.stm32cube.ide.mcu.externaltools.gnu-tools-for-stm32.12.3.rel1.win32_1.0.200.202406191623/tools/bin/../lib/gcc/arm-none-eabi/12.3.1/../../../../arm-none-eabi/lib/thumb/v7e-m+fp/hard\libc_nano.a(libc_a-init.o)
                0x0800497c                __libc_init_array
 .text.__retarget_lock_acquire_recursive
                0x080049c4        0x2 C:/ST/STM32CubeIDE_1.16.0/STM32CubeIDE/plugins/com.st.stm32cube.ide.mcu.externaltools.gnu-tools-for-stm32.12.3.rel1.win32_1.0.200.202406191623/tools/bin/../lib/gcc/arm-none-eabi/12.3.1/../../../../arm-none-eabi/lib/thumb/v7e-m+fp/hard\libc_nano.a(libc_a-lock.o)
                0x080049c4                __retarget_lock_acquire_recursive
 .text.__retarget_lock_release_recursive
                0x080049c6        0x2 C:/ST/STM32CubeIDE_1.16.0/STM32CubeIDE/plugins/com.st.stm32cube.ide.mcu.externaltools.gnu-tools-for-stm32.12.3.rel1.win32_1.0.200.202406191623/tools/bin/../lib/gcc/arm-none-eabi/12.3.1/../../../../arm-none-eabi/lib/thumb/v7e-m+fp/hard\libc_nano.a(libc_a-lock.o)
                0x080049c6                __retarget_lock_release_recursive
 .text._free_r  0x080049c8       0x94 C:/ST/STM32CubeIDE_1.16.0/STM32CubeIDE/plugins/com.st.stm32cube.ide.mcu.externaltools.gnu-tools-for-stm32.12.3.rel1.win32_1.0.200.202406191623/tools/bin/../lib/gcc/arm-none-eabi/12.3.1/../../../../arm-none-eabi/lib/thumb/v7e-m+fp/hard\libc_nano.a(libc_a-freer.o)
                0x080049c8                _free_r
 .text.sbrk_aligned
                0x08004a5c       0x44 C:/ST/STM32CubeIDE_1.16.0/STM32CubeIDE/plugins/com.st.stm32cube.ide.mcu.externaltools.gnu-tools-for-stm32.12.3.rel1.win32_1.0.200.202406191623/tools/bin/../lib/gcc/arm-none-eabi/12.3.1/../../../../arm-none-eabi/lib/thumb/v7e-m+fp/hard\libc_nano.a(libc_a-mallocr.o)
 .text._malloc_r
                0x08004aa0      0x100 C:/ST/STM32CubeIDE_1.16.0/STM32CubeIDE/plugins/com.st.stm32cube.ide.mcu.externaltools.gnu-tools-for-stm32.12.3.rel1.win32_1.0.200.202406191623/tools/bin/../lib/gcc/arm-none-eabi/12.3.1/../../../../arm-none-eabi/lib/thumb/v7e-m+fp/hard\libc_nano.a(libc_a-mallocr.o)
                0x08004aa0                _malloc_r
 .text.__malloc_lock
                0x08004ba0        0xc C:/ST/STM32CubeIDE_1.16.0/STM32CubeIDE/plugins/com.st.stm32cube.ide.mcu.externaltools.gnu-tools-for-stm32.12.3.rel1.win32_1.0.200.202406191623/tools/bin/../lib/gcc/arm-none-eabi/12.3.1/../../../../arm-none-eabi/lib/thumb/v7e-m+fp/hard\libc_nano.a(libc_a-mlock.o)
                0x08004ba0                __malloc_lock
 .text.__malloc_unlock
                0x08004bac        0xc C:/ST/STM32CubeIDE_1.16.0/STM32CubeIDE/plugins/com.st.stm32cube.ide.mcu.externaltools.gnu-tools-for-stm32.12.3.rel1.win32_1.0.200.202406191623/tools/bin/../lib/gcc/arm-none-eabi/12.3.1/../../../../arm-none-eabi/lib/thumb/v7e-m+fp/hard\libc_nano.a(libc_a-mlock.o)
                0x08004bac                __malloc_unlock
 .text.__ssputs_r
                0x08004bb8       0xb6 C:/ST/STM32CubeIDE_1.16.0/STM32CubeIDE/plugins/com.st.stm32cube.ide.mcu.externaltools.gnu-tools-for-stm32.12.3.rel1.win32_1.0.200.202406191623/tools/bin/../lib/gcc/arm-none-eabi/12.3.1/../../../../arm-none-eabi/lib/thumb/v7e-m+fp/hard\libc_nano.a(libc_a-nano-svfprintf.o)
                0x08004bb8                __ssputs_r
 *fill*         0x08004c6e        0x2 
 .text._svfprintf_r
                0x08004c70      0x1f8 C:/ST/STM32CubeIDE_1.16.0/STM32CubeIDE/plugins/com.st.stm32cube.ide.mcu.externaltools.gnu-tools-for-stm32.12.3.rel1.win32_1.0.200.202406191623/tools/bin/../lib/gcc/arm-none-eabi/12.3.1/../../../../arm-none-eabi/lib/thumb/v7e-m+fp/hard\libc_nano.a(libc_a-nano-svfprintf.o)
                0x08004c70                _svfiprintf_r
                0x08004c70                _svfprintf_r
 .text._printf_common
                0x08004e68       0xda C:/ST/STM32CubeIDE_1.16.0/STM32CubeIDE/plugins/com.st.stm32cube.ide.mcu.externaltools.gnu-tools-for-stm32.12.3.rel1.win32_1.0.200.202406191623/tools/bin/../lib/gcc/arm-none-eabi/12.3.1/../../../../arm-none-eabi/lib/thumb/v7e-m+fp/hard\libc_nano.a(libc_a-nano-vfprintf_i.o)
                0x08004e68                _printf_common
 *fill*         0x08004f42        0x2 
 .text._printf_i
                0x08004f44      0x240 C:/ST/STM32CubeIDE_1.16.0/STM32CubeIDE/plugins/com.st.stm32cube.ide.mcu.externaltools.gnu-tools-for-stm32.12.3.rel1.win32_1.0.200.202406191623/tools/bin/../lib/gcc/arm-none-eabi/12.3.1/../../../../arm-none-eabi/lib/thumb/v7e-m+fp/hard\libc_nano.a(libc_a-nano-vfprintf_i.o)
                0x08004f44                _printf_i
 .text.memmove  0x08005184       0x34 C:/ST/STM32CubeIDE_1.16.0/STM32CubeIDE/plugins/com.st.stm32cube.ide.mcu.externaltools.gnu-tools-for-stm32.12.3.rel1.win32_1.0.200.202406191623/tools/bin/../lib/gcc/arm-none-eabi/12.3.1/../../../../arm-none-eabi/lib/thumb/v7e-m+fp/hard\libc_nano.a(libc_a-memmove.o)
                0x08005184                memmove
 .text._sbrk_r  0x080051b8       0x20 C:/ST/STM32CubeIDE_1.16.0/STM32CubeIDE/plugins/com.st.stm32cube.ide.mcu.externaltools.gnu-tools-for-stm32.12.3.rel1.win32_1.0.200.202406191623/tools/bin/../lib/gcc/arm-none-eabi/12.3.1/../../../../arm-none-eabi/lib/thumb/v7e-m+fp/hard\libc_nano.a(libc_a-sbrkr.o)
                0x080051b8                _sbrk_r
 .text.memcpy   0x080051d8       0x1c C:/ST/STM32CubeIDE_1.16.0/STM32CubeIDE/plugins/com.st.stm32cube.ide.mcu.externaltools.gnu-tools-for-stm32.12.3.rel1.win32_1.0.200.202406191623/tools/bin/../lib/gcc/arm-none-eabi/12.3.1/../../../../arm-none-eabi/lib/thumb/v7e-m+fp/hard\libc_nano.a(libc_a-memcpy-stub.o)
                0x080051d8                memcpy
 .text._realloc_r
                0x080051f4       0x5c C:/ST/STM32CubeIDE_1.16.0/STM32CubeIDE/plugins/com.st.stm32cube.ide.mcu.externaltools.gnu-tools-for-stm32.12.3.rel1.win32_1.0.200.202406191623/tools/bin/../lib/gcc/arm-none-eabi/12.3.1/../../../../arm-none-eabi/lib/thumb/v7e-m+fp/hard\libc_nano.a(libc_a-reallocr.o)
                0x080051f4                _realloc_r
 .text._malloc_usable_size_r
                0x08005250       0x10 C:/ST/STM32CubeIDE_1.16.0/STM32CubeIDE/plugins/com.st.stm32cube.ide.mcu.externaltools.gnu-tools-for-stm32.12.3.rel1.win32_1.0.200.202406191623/tools/bin/../lib/gcc/arm-none-eabi/12.3.1/../../../../arm-none-eabi/lib/thumb/v7e-m+fp/hard\libc_nano.a(libc_a-msizer.o)
                0x08005250                _malloc_usable_size_r
 *(.glue_7)
 .glue_7        0x08005260        0x0 linker stubs
 *(.glue_7t)
 .glue_7t       0x08005260        0x0 linker stubs
 *(.eh_frame)
 .eh_frame      0x08005260        0x0 C:/ST/STM32CubeIDE_1.16.0/STM32CubeIDE/plugins/com.st.stm32cube.ide.mcu.externaltools.gnu-tools-for-stm32.12.3.rel1.win32_1.0.200.202406191623/tools/bin/../lib/gcc/arm-none-eabi/12.3.1/thumb/v7e-m+fp/hard/crtbegin.o
 *(.init)
 .init          0x08005260        0x4 C:/ST/STM32CubeIDE_1.16.0/STM32CubeIDE/plugins/com.st.stm32cube.ide.mcu.externaltools.gnu-tools-for-stm32.12.3.rel1.win32_1.0.200.202406191623/tools/bin/../lib/gcc/arm-none-eabi/12.3.1/thumb/v7e-m+fp/hard/crti.o
                0x08005260                _init
 .init          0x08005264        0x8 C:/ST/STM32CubeIDE_1.16.0/STM32CubeIDE/plugins/com.st.stm32cube.ide.mcu.externaltools.gnu-tools-for-stm32.12.3.rel1.win32_1.0.200.202406191623/tools/bin/../lib/gcc/arm-none-eabi/12.3.1/thumb/v7e-m+fp/hard/crtn.o
 *(.fini)
 .fini          0x0800526c        0x4 C:/ST/STM32CubeIDE_1.16.0/STM32CubeIDE/plugins/com.st.stm32cube.ide.mcu.externaltools.gnu-tools-for-stm32.12.3.rel1.win32_1.0.200.202406191623/tools/bin/../lib/gcc/arm-none-eabi/12.3.1/thumb/v7e-m+fp/hard/crti.o
                0x0800526c                _fini
 .fini          0x08005270        0x8 C:/ST/STM32CubeIDE_1.16.0/STM32CubeIDE/plugins/com.st.stm32cube.ide.mcu.externaltools.gnu-tools-for-stm32.12.3.rel1.win32_1.0.200.202406191623/tools/bin/../lib/gcc/arm-none-eabi/12.3.1/thumb/v7e-m+fp/hard/crtn.o
                0x08005278                        . = ALIGN (0x4)
                0x08005278                        _etext = .

.vfp11_veneer   0x08005278        0x0
 .vfp11_veneer  0x08005278        0x0 linker stubs

.v4_bx          0x08005278        0x0
 .v4_bx         0x08005278        0x0 linker stubs

.iplt           0x08005278        0x0
 .iplt          0x08005278        0x0 C:/ST/STM32CubeIDE_1.16.0/STM32CubeIDE/plugins/com.st.stm32cube.ide.mcu.externaltools.gnu-tools-for-stm32.12.3.rel1.win32_1.0.200.202406191623/tools/bin/../lib/gcc/arm-none-eabi/12.3.1/thumb/v7e-m+fp/hard/crtbegin.o

.rodata         0x08005278      0x2a0
                0x08005278                        . = ALIGN (0x4)
 *(.rodata)
 *(.rodata*)
 .rodata._Z10drawScreenv.part.0.str1.4
                0x08005278       0x2e ./Core/Src/cpp_main.o
 *fill*         0x080052a6        0x2 
 .rodata._Z15initializeOLEDsv.str1.4
                0x080052a8       0x12 ./Core/Src/cpp_main.o
 *fill*         0x080052ba        0x2 
 .rodata._ZL8font_8x5
                0x080052bc      0x1dd ./Core/Src/cpp_main.o
 *fill*         0x08005499        0x3 
 .rodata.MSIRangeTable
                0x0800549c       0x30 ./Core/Src/system_stm32l4xx.o
                0x0800549c                MSIRangeTable
 .rodata.APBPrescTable
                0x080054cc        0x8 ./Core/Src/system_stm32l4xx.o
                0x080054cc                APBPrescTable
 .rodata.AHBPrescTable
                0x080054d4       0x10 ./Core/Src/system_stm32l4xx.o
                0x080054d4                AHBPrescTable
 .rodata._svfprintf_r.str1.1
                0x080054e4       0x11 C:/ST/STM32CubeIDE_1.16.0/STM32CubeIDE/plugins/com.st.stm32cube.ide.mcu.externaltools.gnu-tools-for-stm32.12.3.rel1.win32_1.0.200.202406191623/tools/bin/../lib/gcc/arm-none-eabi/12.3.1/../../../../arm-none-eabi/lib/thumb/v7e-m+fp/hard\libc_nano.a(libc_a-nano-svfprintf.o)
 .rodata._printf_i.str1.1
                0x080054f5       0x22 C:/ST/STM32CubeIDE_1.16.0/STM32CubeIDE/plugins/com.st.stm32cube.ide.mcu.externaltools.gnu-tools-for-stm32.12.3.rel1.win32_1.0.200.202406191623/tools/bin/../lib/gcc/arm-none-eabi/12.3.1/../../../../arm-none-eabi/lib/thumb/v7e-m+fp/hard\libc_nano.a(libc_a-nano-vfprintf_i.o)
                0x08005518                        . = ALIGN (0x4)
 *fill*         0x08005517        0x1 

.ARM.extab      0x08005518        0x0
                0x08005518                        . = ALIGN (0x4)
 *(.ARM.extab* .gnu.linkonce.armextab.*)
                0x08005518                        . = ALIGN (0x4)

.ARM            0x08005518        0x8
                0x08005518                        . = ALIGN (0x4)
                0x08005518                        __exidx_start = .
 *(.ARM.exidx*)
 .ARM.exidx     0x08005518        0x8 C:/ST/STM32CubeIDE_1.16.0/STM32CubeIDE/plugins/com.st.stm32cube.ide.mcu.externaltools.gnu-tools-for-stm32.12.3.rel1.win32_1.0.200.202406191623/tools/bin/../lib/gcc/arm-none-eabi/12.3.1/../../../../arm-none-eabi/lib/thumb/v7e-m+fp/hard\libc_nano.a(libc_a-memchr.o)
 .ARM.exidx     0x08005520        0x0 C:/ST/STM32CubeIDE_1.16.0/STM32CubeIDE/plugins/com.st.stm32cube.ide.mcu.externaltools.gnu-tools-for-stm32.12.3.rel1.win32_1.0.200.202406191623/tools/bin/../lib/gcc/arm-none-eabi/12.3.1/thumb/v7e-m+fp/hard\libgcc.a(_udivmoddi4.o)
                                  0x8 (size before relaxing)
                0x08005520                        __exidx_end = .
                0x08005520                        . = ALIGN (0x4)

.preinit_array  0x08005520        0x0
                0x08005520                        . = ALIGN (0x4)
                0x08005520                        PROVIDE (__preinit_array_start = .)
 *(.preinit_array*)
                0x08005520                        PROVIDE (__preinit_array_end = .)
                0x08005520                        . = ALIGN (0x4)

.init_array     0x08005520        0x8
                0x08005520                        . = ALIGN (0x4)
                0x08005520                        PROVIDE (__init_array_start = .)
 *(SORT_BY_NAME(.init_array.*))
 *(.init_array*)
 .init_array    0x08005520        0x4 C:/ST/STM32CubeIDE_1.16.0/STM32CubeIDE/plugins/com.st.stm32cube.ide.mcu.externaltools.gnu-tools-for-stm32.12.3.rel1.win32_1.0.200.202406191623/tools/bin/../lib/gcc/arm-none-eabi/12.3.1/thumb/v7e-m+fp/hard/crtbegin.o
 .init_array    0x08005524        0x4 ./Core/Src/cpp_main.o
                0x08005528                        PROVIDE (__init_array_end = .)
                0x08005528                        . = ALIGN (0x4)

.fini_array     0x08005528        0x4
                0x08005528                        . = ALIGN (0x4)
                [!provide]                        PROVIDE (__fini_array_start = .)
 *(SORT_BY_NAME(.fini_array.*))
 *(.fini_array*)
 .fini_array    0x08005528        0x4 C:/ST/STM32CubeIDE_1.16.0/STM32CubeIDE/plugins/com.st.stm32cube.ide.mcu.externaltools.gnu-tools-for-stm32.12.3.rel1.win32_1.0.200.202406191623/tools/bin/../lib/gcc/arm-none-eabi/12.3.1/thumb/v7e-m+fp/hard/crtbegin.o
                [!provide]                        PROVIDE (__fini_array_end = .)
                0x0800552c                        . = ALIGN (0x4)
                0x0800552c                        _sidata = LOADADDR (.data)

.rel.dyn        0x0800552c        0x0
 .rel.iplt      0x0800552c        0x0 C:/ST/STM32CubeIDE_1.16.0/STM32CubeIDE/plugins/com.st.stm32cube.ide.mcu.externaltools.gnu-tools-for-stm32.12.3.rel1.win32_1.0.200.202406191623/tools/bin/../lib/gcc/arm-none-eabi/12.3.1/thumb/v7e-m+fp/hard/crtbegin.o

.data           0x20000000       0x74 load address 0x0800552c
                0x20000000                        . = ALIGN (0x4)
                0x20000000                        _sdata = .
 *(.data)
 *(.data*)
 .data.size     0x20000000        0x1 ./Core/Src/GFX_BW.o
                0x20000000                size
 *fill*         0x20000001        0x3 
 .data.stringstate
                0x20000004       0x11 ./Core/Src/cpp_main.o
                0x20000004                stringstate
 *fill*         0x20000015        0x3 
 .data.SystemCoreClock
                0x20000018        0x4 ./Core/Src/system_stm32l4xx.o
                0x20000018                SystemCoreClock
 .data.uwTickFreq
                0x2000001c        0x1 ./Drivers/STM32L4xx_HAL_Driver/Src/stm32l4xx_hal.o
                0x2000001c                uwTickFreq
 *fill*         0x2000001d        0x3 
 .data.uwTickPrio
                0x20000020        0x4 ./Drivers/STM32L4xx_HAL_Driver/Src/stm32l4xx_hal.o
                0x20000020                uwTickPrio
 .data._impure_ptr
                0x20000024        0x4 C:/ST/STM32CubeIDE_1.16.0/STM32CubeIDE/plugins/com.st.stm32cube.ide.mcu.externaltools.gnu-tools-for-stm32.12.3.rel1.win32_1.0.200.202406191623/tools/bin/../lib/gcc/arm-none-eabi/12.3.1/../../../../arm-none-eabi/lib/thumb/v7e-m+fp/hard\libc_nano.a(libc_a-impure.o)
                0x20000024                _impure_ptr
 .data._impure_data
                0x20000028       0x4c C:/ST/STM32CubeIDE_1.16.0/STM32CubeIDE/plugins/com.st.stm32cube.ide.mcu.externaltools.gnu-tools-for-stm32.12.3.rel1.win32_1.0.200.202406191623/tools/bin/../lib/gcc/arm-none-eabi/12.3.1/../../../../arm-none-eabi/lib/thumb/v7e-m+fp/hard\libc_nano.a(libc_a-impure.o)
                0x20000028                _impure_data
 *(.RamFunc)
 *(.RamFunc*)
                0x20000074                        . = ALIGN (0x4)
                0x20000074                        _edata = .

.igot.plt       0x20000074        0x0 load address 0x080055a0
 .igot.plt      0x20000074        0x0 C:/ST/STM32CubeIDE_1.16.0/STM32CubeIDE/plugins/com.st.stm32cube.ide.mcu.externaltools.gnu-tools-for-stm32.12.3.rel1.win32_1.0.200.202406191623/tools/bin/../lib/gcc/arm-none-eabi/12.3.1/thumb/v7e-m+fp/hard/crtbegin.o
                0x20000074                        . = ALIGN (0x4)

.bss            0x20000078      0xe04 load address 0x080055a0
                0x20000078                        _sbss = .
                0x20000078                        __bss_start__ = _sbss
 *(.bss)
 .bss           0x20000078       0x1c C:/ST/STM32CubeIDE_1.16.0/STM32CubeIDE/plugins/com.st.stm32cube.ide.mcu.externaltools.gnu-tools-for-stm32.12.3.rel1.win32_1.0.200.202406191623/tools/bin/../lib/gcc/arm-none-eabi/12.3.1/thumb/v7e-m+fp/hard/crtbegin.o
 *(.bss*)
 .bss.font      0x20000094        0x4 ./Core/Src/GFX_BW.o
                0x20000094                font
 .bss.currentOLED
                0x20000098        0x4 ./Core/Src/OLED_SSD1306.o
                0x20000098                currentOLED
 .bss.ssd1306_spi
                0x2000009c        0x4 ./Core/Src/OLED_SSD1306.o
                0x2000009c                ssd1306_spi
 .bss.readState
                0x200000a0        0x1 ./Core/Src/cpp_main.o
                0x200000a0                readState
 .bss.currentReadChannel
                0x200000a1        0x1 ./Core/Src/cpp_main.o
                0x200000a1                currentReadChannel
 *fill*         0x200000a2        0x2 
 .bss.msg       0x200000a4       0x14 ./Core/Src/cpp_main.o
                0x200000a4                msg
 .bss.state     0x200000b8       0x10 ./Core/Src/cpp_main.o
                0x200000b8                state
 .bss.enc4      0x200000c8       0x2c ./Core/Src/cpp_main.o
                0x200000c8                enc4
 .bss.enc3      0x200000f4       0x2c ./Core/Src/cpp_main.o
                0x200000f4                enc3
 .bss.enc2      0x20000120       0x2c ./Core/Src/cpp_main.o
                0x20000120                enc2
 .bss.enc1      0x2000014c       0x2c ./Core/Src/cpp_main.o
                0x2000014c                enc1
 .bss.oled2     0x20000178      0x40c ./Core/Src/cpp_main.o
                0x20000178                oled2
 .bss.oled1     0x20000584      0x40c ./Core/Src/cpp_main.o
                0x20000584                oled1
 .bss.uartbuffer
                0x20000990       0xff ./Core/Src/main.o
                0x20000990                uartbuffer
 *fill*         0x20000a8f        0x1 
 .bss.hdma_spi1_tx
                0x20000a90       0x48 ./Core/Src/spi.o
                0x20000a90                hdma_spi1_tx
 .bss.hspi1     0x20000ad8       0x64 ./Core/Src/spi.o
                0x20000ad8                hspi1
 .bss.__sbrk_heap_end
                0x20000b3c        0x4 ./Core/Src/sysmem.o
 .bss.htim6     0x20000b40       0x4c ./Core/Src/tim.o
                0x20000b40                htim6
 *fill*         0x20000b8c        0x4 
 .bss.hdma_usart2_tx
                0x20000b90       0x48 ./Core/Src/usart.o
                0x20000b90                hdma_usart2_tx
 .bss.hdma_usart2_rx
                0x20000bd8       0x48 ./Core/Src/usart.o
                0x20000bd8                hdma_usart2_rx
 .bss.huart2    0x20000c20       0x88 ./Core/Src/usart.o
                0x20000c20                huart2
 .bss.huart1    0x20000ca8       0x88 ./Core/Src/usart.o
                0x20000ca8                huart1
 .bss.uwTick    0x20000d30        0x4 ./Drivers/STM32L4xx_HAL_Driver/Src/stm32l4xx_hal.o
                0x20000d30                uwTick
 .bss.__sf      0x20000d34      0x138 C:/ST/STM32CubeIDE_1.16.0/STM32CubeIDE/plugins/com.st.stm32cube.ide.mcu.externaltools.gnu-tools-for-stm32.12.3.rel1.win32_1.0.200.202406191623/tools/bin/../lib/gcc/arm-none-eabi/12.3.1/../../../../arm-none-eabi/lib/thumb/v7e-m+fp/hard\libc_nano.a(libc_a-findfp.o)
                0x20000d34                __sf
 .bss.errno     0x20000e6c        0x4 C:/ST/STM32CubeIDE_1.16.0/STM32CubeIDE/plugins/com.st.stm32cube.ide.mcu.externaltools.gnu-tools-for-stm32.12.3.rel1.win32_1.0.200.202406191623/tools/bin/../lib/gcc/arm-none-eabi/12.3.1/../../../../arm-none-eabi/lib/thumb/v7e-m+fp/hard\libc_nano.a(libc_a-reent.o)
                0x20000e6c                errno
 .bss.__lock___malloc_recursive_mutex
                0x20000e70        0x1 C:/ST/STM32CubeIDE_1.16.0/STM32CubeIDE/plugins/com.st.stm32cube.ide.mcu.externaltools.gnu-tools-for-stm32.12.3.rel1.win32_1.0.200.202406191623/tools/bin/../lib/gcc/arm-none-eabi/12.3.1/../../../../arm-none-eabi/lib/thumb/v7e-m+fp/hard\libc_nano.a(libc_a-lock.o)
                0x20000e70                __lock___malloc_recursive_mutex
 *fill*         0x20000e71        0x3 
 .bss.__malloc_sbrk_start
                0x20000e74        0x4 C:/ST/STM32CubeIDE_1.16.0/STM32CubeIDE/plugins/com.st.stm32cube.ide.mcu.externaltools.gnu-tools-for-stm32.12.3.rel1.win32_1.0.200.202406191623/tools/bin/../lib/gcc/arm-none-eabi/12.3.1/../../../../arm-none-eabi/lib/thumb/v7e-m+fp/hard\libc_nano.a(libc_a-mallocr.o)
                0x20000e74                __malloc_sbrk_start
 .bss.__malloc_free_list
                0x20000e78        0x4 C:/ST/STM32CubeIDE_1.16.0/STM32CubeIDE/plugins/com.st.stm32cube.ide.mcu.externaltools.gnu-tools-for-stm32.12.3.rel1.win32_1.0.200.202406191623/tools/bin/../lib/gcc/arm-none-eabi/12.3.1/../../../../arm-none-eabi/lib/thumb/v7e-m+fp/hard\libc_nano.a(libc_a-mallocr.o)
                0x20000e78                __malloc_free_list
 *(COMMON)
                0x20000e7c                        . = ALIGN (0x4)
                0x20000e7c                        _ebss = .
                0x20000e7c                        __bss_end__ = _ebss

._user_heap_stack
                0x20000e7c      0x604 load address 0x080055a0
                0x20000e80                        . = ALIGN (0x8)
 *fill*         0x20000e7c        0x4 
                [!provide]                        PROVIDE (end = .)
                0x20000e80                        PROVIDE (_end = .)
                0x20001080                        . = (. + _Min_Heap_Size)
 *fill*         0x20000e80      0x200 
                0x20001480                        . = (. + _Min_Stack_Size)
 *fill*         0x20001080      0x400 
                0x20001480                        . = ALIGN (0x8)

/DISCARD/
 libc.a(*)
 libm.a(*)
 libgcc.a(*)

.ARM.attributes
                0x00000000       0x30
 *(.ARM.attributes)
 .ARM.attributes
                0x00000000       0x22 C:/ST/STM32CubeIDE_1.16.0/STM32CubeIDE/plugins/com.st.stm32cube.ide.mcu.externaltools.gnu-tools-for-stm32.12.3.rel1.win32_1.0.200.202406191623/tools/bin/../lib/gcc/arm-none-eabi/12.3.1/thumb/v7e-m+fp/hard/crti.o
 .ARM.attributes
                0x00000022       0x34 C:/ST/STM32CubeIDE_1.16.0/STM32CubeIDE/plugins/com.st.stm32cube.ide.mcu.externaltools.gnu-tools-for-stm32.12.3.rel1.win32_1.0.200.202406191623/tools/bin/../lib/gcc/arm-none-eabi/12.3.1/thumb/v7e-m+fp/hard/crtbegin.o
 .ARM.attributes
                0x00000056       0x30 ./Core/Src/GFX_BW.o
 .ARM.attributes
                0x00000086       0x30 ./Core/Src/OLED_SSD1306.o
 .ARM.attributes
                0x000000b6       0x30 ./Core/Src/cpp_main.o
 .ARM.attributes
                0x000000e6       0x30 ./Core/Src/dma.o
 .ARM.attributes
                0x00000116       0x30 ./Core/Src/encoder.o
 .ARM.attributes
                0x00000146       0x30 ./Core/Src/gpio.o
 .ARM.attributes
                0x00000176       0x30 ./Core/Src/main.o
 .ARM.attributes
                0x000001a6       0x30 ./Core/Src/spi.o
 .ARM.attributes
                0x000001d6       0x30 ./Core/Src/stm32l4xx_hal_msp.o
 .ARM.attributes
                0x00000206       0x30 ./Core/Src/stm32l4xx_it.o
 .ARM.attributes
                0x00000236       0x30 ./Core/Src/sysmem.o
 .ARM.attributes
                0x00000266       0x30 ./Core/Src/system_stm32l4xx.o
 .ARM.attributes
                0x00000296       0x30 ./Core/Src/tim.o
 .ARM.attributes
                0x000002c6       0x30 ./Core/Src/usart.o
 .ARM.attributes
                0x000002f6       0x21 ./Core/Startup/startup_stm32l412kbux.o
 .ARM.attributes
                0x00000317       0x30 ./Drivers/STM32L4xx_HAL_Driver/Src/stm32l4xx_hal.o
 .ARM.attributes
                0x00000347       0x30 ./Drivers/STM32L4xx_HAL_Driver/Src/stm32l4xx_hal_cortex.o
 .ARM.attributes
                0x00000377       0x30 ./Drivers/STM32L4xx_HAL_Driver/Src/stm32l4xx_hal_dma.o
 .ARM.attributes
                0x000003a7       0x30 ./Drivers/STM32L4xx_HAL_Driver/Src/stm32l4xx_hal_gpio.o
 .ARM.attributes
                0x000003d7       0x30 ./Drivers/STM32L4xx_HAL_Driver/Src/stm32l4xx_hal_pwr_ex.o
 .ARM.attributes
                0x00000407       0x30 ./Drivers/STM32L4xx_HAL_Driver/Src/stm32l4xx_hal_rcc.o
 .ARM.attributes
                0x00000437       0x30 ./Drivers/STM32L4xx_HAL_Driver/Src/stm32l4xx_hal_rcc_ex.o
 .ARM.attributes
                0x00000467       0x30 ./Drivers/STM32L4xx_HAL_Driver/Src/stm32l4xx_hal_spi.o
 .ARM.attributes
                0x00000497       0x30 ./Drivers/STM32L4xx_HAL_Driver/Src/stm32l4xx_hal_tim.o
 .ARM.attributes
                0x000004c7       0x30 ./Drivers/STM32L4xx_HAL_Driver/Src/stm32l4xx_hal_tim_ex.o
 .ARM.attributes
                0x000004f7       0x30 ./Drivers/STM32L4xx_HAL_Driver/Src/stm32l4xx_hal_uart.o
 .ARM.attributes
                0x00000527       0x30 ./Drivers/STM32L4xx_HAL_Driver/Src/stm32l4xx_hal_uart_ex.o
 .ARM.attributes
                0x00000557       0x34 C:/ST/STM32CubeIDE_1.16.0/STM32CubeIDE/plugins/com.st.stm32cube.ide.mcu.externaltools.gnu-tools-for-stm32.12.3.rel1.win32_1.0.200.202406191623/tools/bin/../lib/gcc/arm-none-eabi/12.3.1/../../../../arm-none-eabi/lib/thumb/v7e-m+fp/hard\libc_nano.a(libc_a-findfp.o)
 .ARM.attributes
                0x0000058b       0x34 C:/ST/STM32CubeIDE_1.16.0/STM32CubeIDE/plugins/com.st.stm32cube.ide.mcu.externaltools.gnu-tools-for-stm32.12.3.rel1.win32_1.0.200.202406191623/tools/bin/../lib/gcc/arm-none-eabi/12.3.1/../../../../arm-none-eabi/lib/thumb/v7e-m+fp/hard\libc_nano.a(libc_a-sprintf.o)
 .ARM.attributes
                0x000005bf       0x34 C:/ST/STM32CubeIDE_1.16.0/STM32CubeIDE/plugins/com.st.stm32cube.ide.mcu.externaltools.gnu-tools-for-stm32.12.3.rel1.win32_1.0.200.202406191623/tools/bin/../lib/gcc/arm-none-eabi/12.3.1/../../../../arm-none-eabi/lib/thumb/v7e-m+fp/hard\libc_nano.a(libc_a-memset.o)
 .ARM.attributes
                0x000005f3       0x34 C:/ST/STM32CubeIDE_1.16.0/STM32CubeIDE/plugins/com.st.stm32cube.ide.mcu.externaltools.gnu-tools-for-stm32.12.3.rel1.win32_1.0.200.202406191623/tools/bin/../lib/gcc/arm-none-eabi/12.3.1/../../../../arm-none-eabi/lib/thumb/v7e-m+fp/hard\libc_nano.a(libc_a-strncpy.o)
 .ARM.attributes
                0x00000627       0x34 C:/ST/STM32CubeIDE_1.16.0/STM32CubeIDE/plugins/com.st.stm32cube.ide.mcu.externaltools.gnu-tools-for-stm32.12.3.rel1.win32_1.0.200.202406191623/tools/bin/../lib/gcc/arm-none-eabi/12.3.1/../../../../arm-none-eabi/lib/thumb/v7e-m+fp/hard\libc_nano.a(libc_a-reent.o)
 .ARM.attributes
                0x0000065b       0x34 C:/ST/STM32CubeIDE_1.16.0/STM32CubeIDE/plugins/com.st.stm32cube.ide.mcu.externaltools.gnu-tools-for-stm32.12.3.rel1.win32_1.0.200.202406191623/tools/bin/../lib/gcc/arm-none-eabi/12.3.1/../../../../arm-none-eabi/lib/thumb/v7e-m+fp/hard\libc_nano.a(libc_a-impure.o)
 .ARM.attributes
                0x0000068f       0x34 C:/ST/STM32CubeIDE_1.16.0/STM32CubeIDE/plugins/com.st.stm32cube.ide.mcu.externaltools.gnu-tools-for-stm32.12.3.rel1.win32_1.0.200.202406191623/tools/bin/../lib/gcc/arm-none-eabi/12.3.1/../../../../arm-none-eabi/lib/thumb/v7e-m+fp/hard\libc_nano.a(libc_a-errno.o)
 .ARM.attributes
                0x000006c3       0x34 C:/ST/STM32CubeIDE_1.16.0/STM32CubeIDE/plugins/com.st.stm32cube.ide.mcu.externaltools.gnu-tools-for-stm32.12.3.rel1.win32_1.0.200.202406191623/tools/bin/../lib/gcc/arm-none-eabi/12.3.1/../../../../arm-none-eabi/lib/thumb/v7e-m+fp/hard\libc_nano.a(libc_a-init.o)
 .ARM.attributes
                0x000006f7       0x34 C:/ST/STM32CubeIDE_1.16.0/STM32CubeIDE/plugins/com.st.stm32cube.ide.mcu.externaltools.gnu-tools-for-stm32.12.3.rel1.win32_1.0.200.202406191623/tools/bin/../lib/gcc/arm-none-eabi/12.3.1/../../../../arm-none-eabi/lib/thumb/v7e-m+fp/hard\libc_nano.a(libc_a-lock.o)
 .ARM.attributes
                0x0000072b       0x34 C:/ST/STM32CubeIDE_1.16.0/STM32CubeIDE/plugins/com.st.stm32cube.ide.mcu.externaltools.gnu-tools-for-stm32.12.3.rel1.win32_1.0.200.202406191623/tools/bin/../lib/gcc/arm-none-eabi/12.3.1/../../../../arm-none-eabi/lib/thumb/v7e-m+fp/hard\libc_nano.a(libc_a-freer.o)
 .ARM.attributes
                0x0000075f       0x34 C:/ST/STM32CubeIDE_1.16.0/STM32CubeIDE/plugins/com.st.stm32cube.ide.mcu.externaltools.gnu-tools-for-stm32.12.3.rel1.win32_1.0.200.202406191623/tools/bin/../lib/gcc/arm-none-eabi/12.3.1/../../../../arm-none-eabi/lib/thumb/v7e-m+fp/hard\libc_nano.a(libc_a-mallocr.o)
 .ARM.attributes
                0x00000793       0x34 C:/ST/STM32CubeIDE_1.16.0/STM32CubeIDE/plugins/com.st.stm32cube.ide.mcu.externaltools.gnu-tools-for-stm32.12.3.rel1.win32_1.0.200.202406191623/tools/bin/../lib/gcc/arm-none-eabi/12.3.1/../../../../arm-none-eabi/lib/thumb/v7e-m+fp/hard\libc_nano.a(libc_a-mlock.o)
 .ARM.attributes
                0x000007c7       0x34 C:/ST/STM32CubeIDE_1.16.0/STM32CubeIDE/plugins/com.st.stm32cube.ide.mcu.externaltools.gnu-tools-for-stm32.12.3.rel1.win32_1.0.200.202406191623/tools/bin/../lib/gcc/arm-none-eabi/12.3.1/../../../../arm-none-eabi/lib/thumb/v7e-m+fp/hard\libc_nano.a(libc_a-nano-svfprintf.o)
 .ARM.attributes
                0x000007fb       0x34 C:/ST/STM32CubeIDE_1.16.0/STM32CubeIDE/plugins/com.st.stm32cube.ide.mcu.externaltools.gnu-tools-for-stm32.12.3.rel1.win32_1.0.200.202406191623/tools/bin/../lib/gcc/arm-none-eabi/12.3.1/../../../../arm-none-eabi/lib/thumb/v7e-m+fp/hard\libc_nano.a(libc_a-nano-vfprintf_i.o)
 .ARM.attributes
                0x0000082f       0x34 C:/ST/STM32CubeIDE_1.16.0/STM32CubeIDE/plugins/com.st.stm32cube.ide.mcu.externaltools.gnu-tools-for-stm32.12.3.rel1.win32_1.0.200.202406191623/tools/bin/../lib/gcc/arm-none-eabi/12.3.1/../../../../arm-none-eabi/lib/thumb/v7e-m+fp/hard\libc_nano.a(libc_a-memmove.o)
 .ARM.attributes
                0x00000863       0x34 C:/ST/STM32CubeIDE_1.16.0/STM32CubeIDE/plugins/com.st.stm32cube.ide.mcu.externaltools.gnu-tools-for-stm32.12.3.rel1.win32_1.0.200.202406191623/tools/bin/../lib/gcc/arm-none-eabi/12.3.1/../../../../arm-none-eabi/lib/thumb/v7e-m+fp/hard\libc_nano.a(libc_a-sbrkr.o)
 .ARM.attributes
                0x00000897       0x1c C:/ST/STM32CubeIDE_1.16.0/STM32CubeIDE/plugins/com.st.stm32cube.ide.mcu.externaltools.gnu-tools-for-stm32.12.3.rel1.win32_1.0.200.202406191623/tools/bin/../lib/gcc/arm-none-eabi/12.3.1/../../../../arm-none-eabi/lib/thumb/v7e-m+fp/hard\libc_nano.a(libc_a-memchr.o)
 .ARM.attributes
                0x000008b3       0x34 C:/ST/STM32CubeIDE_1.16.0/STM32CubeIDE/plugins/com.st.stm32cube.ide.mcu.externaltools.gnu-tools-for-stm32.12.3.rel1.win32_1.0.200.202406191623/tools/bin/../lib/gcc/arm-none-eabi/12.3.1/../../../../arm-none-eabi/lib/thumb/v7e-m+fp/hard\libc_nano.a(libc_a-memcpy-stub.o)
 .ARM.attributes
                0x000008e7       0x34 C:/ST/STM32CubeIDE_1.16.0/STM32CubeIDE/plugins/com.st.stm32cube.ide.mcu.externaltools.gnu-tools-for-stm32.12.3.rel1.win32_1.0.200.202406191623/tools/bin/../lib/gcc/arm-none-eabi/12.3.1/../../../../arm-none-eabi/lib/thumb/v7e-m+fp/hard\libc_nano.a(libc_a-reallocr.o)
 .ARM.attributes
                0x0000091b       0x34 C:/ST/STM32CubeIDE_1.16.0/STM32CubeIDE/plugins/com.st.stm32cube.ide.mcu.externaltools.gnu-tools-for-stm32.12.3.rel1.win32_1.0.200.202406191623/tools/bin/../lib/gcc/arm-none-eabi/12.3.1/../../../../arm-none-eabi/lib/thumb/v7e-m+fp/hard\libc_nano.a(libc_a-msizer.o)
 .ARM.attributes
                0x0000094f       0x22 C:/ST/STM32CubeIDE_1.16.0/STM32CubeIDE/plugins/com.st.stm32cube.ide.mcu.externaltools.gnu-tools-for-stm32.12.3.rel1.win32_1.0.200.202406191623/tools/bin/../lib/gcc/arm-none-eabi/12.3.1/thumb/v7e-m+fp/hard\libgcc.a(_aeabi_uldivmod.o)
 .ARM.attributes
                0x00000971       0x34 C:/ST/STM32CubeIDE_1.16.0/STM32CubeIDE/plugins/com.st.stm32cube.ide.mcu.externaltools.gnu-tools-for-stm32.12.3.rel1.win32_1.0.200.202406191623/tools/bin/../lib/gcc/arm-none-eabi/12.3.1/thumb/v7e-m+fp/hard\libgcc.a(_udivmoddi4.o)
 .ARM.attributes
                0x000009a5       0x22 C:/ST/STM32CubeIDE_1.16.0/STM32CubeIDE/plugins/com.st.stm32cube.ide.mcu.externaltools.gnu-tools-for-stm32.12.3.rel1.win32_1.0.200.202406191623/tools/bin/../lib/gcc/arm-none-eabi/12.3.1/thumb/v7e-m+fp/hard\libgcc.a(_dvmd_tls.o)
 .ARM.attributes
                0x000009c7       0x22 C:/ST/STM32CubeIDE_1.16.0/STM32CubeIDE/plugins/com.st.stm32cube.ide.mcu.externaltools.gnu-tools-for-stm32.12.3.rel1.win32_1.0.200.202406191623/tools/bin/../lib/gcc/arm-none-eabi/12.3.1/thumb/v7e-m+fp/hard/crtn.o
OUTPUT(Perc_module_frontend.elf elf32-littlearm)
LOAD linker stubs
LOAD C:/ST/STM32CubeIDE_1.16.0/STM32CubeIDE/plugins/com.st.stm32cube.ide.mcu.externaltools.gnu-tools-for-stm32.12.3.rel1.win32_1.0.200.202406191623/tools/bin/../lib/gcc/arm-none-eabi/12.3.1/../../../../arm-none-eabi/lib/thumb/v7e-m+fp/hard\libc.a
LOAD C:/ST/STM32CubeIDE_1.16.0/STM32CubeIDE/plugins/com.st.stm32cube.ide.mcu.externaltools.gnu-tools-for-stm32.12.3.rel1.win32_1.0.200.202406191623/tools/bin/../lib/gcc/arm-none-eabi/12.3.1/../../../../arm-none-eabi/lib/thumb/v7e-m+fp/hard\libm.a
LOAD C:/ST/STM32CubeIDE_1.16.0/STM32CubeIDE/plugins/com.st.stm32cube.ide.mcu.externaltools.gnu-tools-for-stm32.12.3.rel1.win32_1.0.200.202406191623/tools/bin/../lib/gcc/arm-none-eabi/12.3.1/thumb/v7e-m+fp/hard\libgcc.a

.debug_info     0x00000000    0x2bb5c
 .debug_info    0x00000000     0x46ae ./Core/Src/GFX_BW.o
 .debug_info    0x000046ae     0x3df4 ./Core/Src/OLED_SSD1306.o
 .debug_info    0x000084a2     0x747f ./Core/Src/cpp_main.o
 .debug_info    0x0000f921      0x505 ./Core/Src/dma.o
 .debug_info    0x0000fe26      0x500 ./Core/Src/encoder.o
 .debug_info    0x00010326      0x4c4 ./Core/Src/gpio.o
 .debug_info    0x000107ea     0x1294 ./Core/Src/main.o
 .debug_info    0x00011a7e      0xa45 ./Core/Src/spi.o
 .debug_info    0x000124c3      0x2c1 ./Core/Src/stm32l4xx_hal_msp.o
 .debug_info    0x00012784      0xb88 ./Core/Src/stm32l4xx_it.o
 .debug_info    0x0001330c      0x186 ./Core/Src/sysmem.o
 .debug_info    0x00013492      0x5dd ./Core/Src/system_stm32l4xx.o
 .debug_info    0x00013a6f      0xc2a ./Core/Src/tim.o
 .debug_info    0x00014699     0x1024 ./Core/Src/usart.o
 .debug_info    0x000156bd       0x30 ./Core/Startup/startup_stm32l412kbux.o
 .debug_info    0x000156ed      0xa78 ./Drivers/STM32L4xx_HAL_Driver/Src/stm32l4xx_hal.o
 .debug_info    0x00016165      0xf82 ./Drivers/STM32L4xx_HAL_Driver/Src/stm32l4xx_hal_cortex.o
 .debug_info    0x000170e7      0x811 ./Drivers/STM32L4xx_HAL_Driver/Src/stm32l4xx_hal_dma.o
 .debug_info    0x000178f8      0x78d ./Drivers/STM32L4xx_HAL_Driver/Src/stm32l4xx_hal_gpio.o
 .debug_info    0x00018085      0xa26 ./Drivers/STM32L4xx_HAL_Driver/Src/stm32l4xx_hal_pwr_ex.o
 .debug_info    0x00018aab      0xe94 ./Drivers/STM32L4xx_HAL_Driver/Src/stm32l4xx_hal_rcc.o
 .debug_info    0x0001993f      0xe10 ./Drivers/STM32L4xx_HAL_Driver/Src/stm32l4xx_hal_rcc_ex.o
 .debug_info    0x0001a74f     0x2dc9 ./Drivers/STM32L4xx_HAL_Driver/Src/stm32l4xx_hal_spi.o
 .debug_info    0x0001d518     0x509b ./Drivers/STM32L4xx_HAL_Driver/Src/stm32l4xx_hal_tim.o
 .debug_info    0x000225b3     0x1dd6 ./Drivers/STM32L4xx_HAL_Driver/Src/stm32l4xx_hal_tim_ex.o
 .debug_info    0x00024389     0x674a ./Drivers/STM32L4xx_HAL_Driver/Src/stm32l4xx_hal_uart.o
 .debug_info    0x0002aad3     0x1089 ./Drivers/STM32L4xx_HAL_Driver/Src/stm32l4xx_hal_uart_ex.o

.debug_abbrev   0x00000000     0x4872
 .debug_abbrev  0x00000000      0x3e7 ./Core/Src/GFX_BW.o
 .debug_abbrev  0x000003e7      0x3f1 ./Core/Src/OLED_SSD1306.o
 .debug_abbrev  0x000007d8      0x88c ./Core/Src/cpp_main.o
 .debug_abbrev  0x00001064      0x11c ./Core/Src/dma.o
 .debug_abbrev  0x00001180      0x1cf ./Core/Src/encoder.o
 .debug_abbrev  0x0000134f      0x164 ./Core/Src/gpio.o
 .debug_abbrev  0x000014b3      0x301 ./Core/Src/main.o
 .debug_abbrev  0x000017b4      0x22f ./Core/Src/spi.o
 .debug_abbrev  0x000019e3       0xc4 ./Core/Src/stm32l4xx_hal_msp.o
 .debug_abbrev  0x00001aa7      0x1fa ./Core/Src/stm32l4xx_it.o
 .debug_abbrev  0x00001ca1       0xdc ./Core/Src/sysmem.o
 .debug_abbrev  0x00001d7d      0x120 ./Core/Src/system_stm32l4xx.o
 .debug_abbrev  0x00001e9d      0x223 ./Core/Src/tim.o
 .debug_abbrev  0x000020c0      0x252 ./Core/Src/usart.o
 .debug_abbrev  0x00002312       0x24 ./Core/Startup/startup_stm32l412kbux.o
 .debug_abbrev  0x00002336      0x2f9 ./Drivers/STM32L4xx_HAL_Driver/Src/stm32l4xx_hal.o
 .debug_abbrev  0x0000262f      0x387 ./Drivers/STM32L4xx_HAL_Driver/Src/stm32l4xx_hal_cortex.o
 .debug_abbrev  0x000029b6      0x243 ./Drivers/STM32L4xx_HAL_Driver/Src/stm32l4xx_hal_dma.o
 .debug_abbrev  0x00002bf9      0x1fb ./Drivers/STM32L4xx_HAL_Driver/Src/stm32l4xx_hal_gpio.o
 .debug_abbrev  0x00002df4      0x296 ./Drivers/STM32L4xx_HAL_Driver/Src/stm32l4xx_hal_pwr_ex.o
 .debug_abbrev  0x0000308a      0x2cc ./Drivers/STM32L4xx_HAL_Driver/Src/stm32l4xx_hal_rcc.o
 .debug_abbrev  0x00003356      0x2d2 ./Drivers/STM32L4xx_HAL_Driver/Src/stm32l4xx_hal_rcc_ex.o
 .debug_abbrev  0x00003628      0x38d ./Drivers/STM32L4xx_HAL_Driver/Src/stm32l4xx_hal_spi.o
 .debug_abbrev  0x000039b5      0x392 ./Drivers/STM32L4xx_HAL_Driver/Src/stm32l4xx_hal_tim.o
 .debug_abbrev  0x00003d47      0x38e ./Drivers/STM32L4xx_HAL_Driver/Src/stm32l4xx_hal_tim_ex.o
 .debug_abbrev  0x000040d5      0x47a ./Drivers/STM32L4xx_HAL_Driver/Src/stm32l4xx_hal_uart.o
 .debug_abbrev  0x0000454f      0x323 ./Drivers/STM32L4xx_HAL_Driver/Src/stm32l4xx_hal_uart_ex.o

.debug_loclists
                0x00000000    0x18409
 .debug_loclists
                0x00000000     0x8914 ./Core/Src/GFX_BW.o
 .debug_loclists
                0x00008914      0xad6 ./Core/Src/OLED_SSD1306.o
 .debug_loclists
                0x000093ea      0x240 ./Core/Src/cpp_main.o
 .debug_loclists
                0x0000962a       0xa6 ./Core/Src/encoder.o
 .debug_loclists
                0x000096d0       0x68 ./Core/Src/main.o
 .debug_loclists
                0x00009738       0x3f ./Core/Src/spi.o
 .debug_loclists
                0x00009777       0x4e ./Core/Src/sysmem.o
 .debug_loclists
                0x000097c5       0xdc ./Core/Src/system_stm32l4xx.o
 .debug_loclists
                0x000098a1       0x3a ./Core/Src/tim.o
 .debug_loclists
                0x000098db       0x63 ./Core/Src/usart.o
 .debug_loclists
                0x0000993e      0x147 ./Drivers/STM32L4xx_HAL_Driver/Src/stm32l4xx_hal.o
 .debug_loclists
                0x00009a85      0x4d3 ./Drivers/STM32L4xx_HAL_Driver/Src/stm32l4xx_hal_cortex.o
 .debug_loclists
                0x00009f58      0x454 ./Drivers/STM32L4xx_HAL_Driver/Src/stm32l4xx_hal_dma.o
 .debug_loclists
                0x0000a3ac      0x294 ./Drivers/STM32L4xx_HAL_Driver/Src/stm32l4xx_hal_gpio.o
 .debug_loclists
                0x0000a640      0x376 ./Drivers/STM32L4xx_HAL_Driver/Src/stm32l4xx_hal_pwr_ex.o
 .debug_loclists
                0x0000a9b6      0x5e7 ./Drivers/STM32L4xx_HAL_Driver/Src/stm32l4xx_hal_rcc.o
 .debug_loclists
                0x0000af9d      0x57c ./Drivers/STM32L4xx_HAL_Driver/Src/stm32l4xx_hal_rcc_ex.o
 .debug_loclists
                0x0000b519     0x236a ./Drivers/STM32L4xx_HAL_Driver/Src/stm32l4xx_hal_spi.o
 .debug_loclists
                0x0000d883     0x5053 ./Drivers/STM32L4xx_HAL_Driver/Src/stm32l4xx_hal_tim.o
 .debug_loclists
                0x000128d6     0x118b ./Drivers/STM32L4xx_HAL_Driver/Src/stm32l4xx_hal_tim_ex.o
 .debug_loclists
                0x00013a61     0x420f ./Drivers/STM32L4xx_HAL_Driver/Src/stm32l4xx_hal_uart.o
 .debug_loclists
                0x00017c70      0x799 ./Drivers/STM32L4xx_HAL_Driver/Src/stm32l4xx_hal_uart_ex.o

.debug_aranges  0x00000000     0x1370
 .debug_aranges
                0x00000000       0xd0 ./Core/Src/GFX_BW.o
 .debug_aranges
                0x000000d0       0xf0 ./Core/Src/OLED_SSD1306.o
 .debug_aranges
                0x000001c0       0x98 ./Core/Src/cpp_main.o
 .debug_aranges
                0x00000258       0x20 ./Core/Src/dma.o
 .debug_aranges
                0x00000278       0x60 ./Core/Src/encoder.o
 .debug_aranges
                0x000002d8       0x20 ./Core/Src/gpio.o
 .debug_aranges
                0x000002f8       0x48 ./Core/Src/main.o
 .debug_aranges
                0x00000340       0x30 ./Core/Src/spi.o
 .debug_aranges
                0x00000370       0x20 ./Core/Src/stm32l4xx_hal_msp.o
 .debug_aranges
                0x00000390       0x88 ./Core/Src/stm32l4xx_it.o
 .debug_aranges
                0x00000418       0x20 ./Core/Src/sysmem.o
 .debug_aranges
                0x00000438       0x28 ./Core/Src/system_stm32l4xx.o
 .debug_aranges
                0x00000460       0x30 ./Core/Src/tim.o
 .debug_aranges
                0x00000490       0x38 ./Core/Src/usart.o
 .debug_aranges
                0x000004c8       0x28 ./Core/Startup/startup_stm32l412kbux.o
 .debug_aranges
                0x000004f0      0x108 ./Drivers/STM32L4xx_HAL_Driver/Src/stm32l4xx_hal.o
 .debug_aranges
                0x000005f8       0xb8 ./Drivers/STM32L4xx_HAL_Driver/Src/stm32l4xx_hal_cortex.o
 .debug_aranges
                0x000006b0       0x78 ./Drivers/STM32L4xx_HAL_Driver/Src/stm32l4xx_hal_dma.o
 .debug_aranges
                0x00000728       0x58 ./Drivers/STM32L4xx_HAL_Driver/Src/stm32l4xx_hal_gpio.o
 .debug_aranges
                0x00000780      0x148 ./Drivers/STM32L4xx_HAL_Driver/Src/stm32l4xx_hal_pwr_ex.o
 .debug_aranges
                0x000008c8       0x90 ./Drivers/STM32L4xx_HAL_Driver/Src/stm32l4xx_hal_rcc.o
 .debug_aranges
                0x00000958       0xd0 ./Drivers/STM32L4xx_HAL_Driver/Src/stm32l4xx_hal_rcc_ex.o
 .debug_aranges
                0x00000a28      0x1c0 ./Drivers/STM32L4xx_HAL_Driver/Src/stm32l4xx_hal_spi.o
 .debug_aranges
                0x00000be8      0x380 ./Drivers/STM32L4xx_HAL_Driver/Src/stm32l4xx_hal_tim.o
 .debug_aranges
                0x00000f68      0x178 ./Drivers/STM32L4xx_HAL_Driver/Src/stm32l4xx_hal_tim_ex.o
 .debug_aranges
                0x000010e0      0x218 ./Drivers/STM32L4xx_HAL_Driver/Src/stm32l4xx_hal_uart.o
 .debug_aranges
                0x000012f8       0x78 ./Drivers/STM32L4xx_HAL_Driver/Src/stm32l4xx_hal_uart_ex.o

.debug_rnglists
                0x00000000     0x2711
 .debug_rnglists
                0x00000000      0xb72 ./Core/Src/GFX_BW.o
 .debug_rnglists
                0x00000b72      0x1ed ./Core/Src/OLED_SSD1306.o
 .debug_rnglists
                0x00000d5f      0x105 ./Core/Src/cpp_main.o
 .debug_rnglists
                0x00000e64       0x28 ./Core/Src/dma.o
 .debug_rnglists
                0x00000e8c       0x43 ./Core/Src/encoder.o
 .debug_rnglists
                0x00000ecf       0x32 ./Core/Src/gpio.o
 .debug_rnglists
                0x00000f01       0x31 ./Core/Src/main.o
 .debug_rnglists
                0x00000f32       0x38 ./Core/Src/spi.o
 .debug_rnglists
                0x00000f6a       0x1f ./Core/Src/stm32l4xx_hal_msp.o
 .debug_rnglists
                0x00000f89       0x61 ./Core/Src/stm32l4xx_it.o
 .debug_rnglists
                0x00000fea       0x13 ./Core/Src/sysmem.o
 .debug_rnglists
                0x00000ffd       0x1a ./Core/Src/system_stm32l4xx.o
 .debug_rnglists
                0x00001017       0x31 ./Core/Src/tim.o
 .debug_rnglists
                0x00001048       0x56 ./Core/Src/usart.o
 .debug_rnglists
                0x0000109e       0x19 ./Core/Startup/startup_stm32l412kbux.o
 .debug_rnglists
                0x000010b7       0xc1 ./Drivers/STM32L4xx_HAL_Driver/Src/stm32l4xx_hal.o
 .debug_rnglists
                0x00001178       0xfa ./Drivers/STM32L4xx_HAL_Driver/Src/stm32l4xx_hal_cortex.o
 .debug_rnglists
                0x00001272       0x78 ./Drivers/STM32L4xx_HAL_Driver/Src/stm32l4xx_hal_dma.o
 .debug_rnglists
                0x000012ea       0x3f ./Drivers/STM32L4xx_HAL_Driver/Src/stm32l4xx_hal_gpio.o
 .debug_rnglists
                0x00001329       0xf5 ./Drivers/STM32L4xx_HAL_Driver/Src/stm32l4xx_hal_pwr_ex.o
 .debug_rnglists
                0x0000141e       0xc1 ./Drivers/STM32L4xx_HAL_Driver/Src/stm32l4xx_hal_rcc.o
 .debug_rnglists
                0x000014df       0xd4 ./Drivers/STM32L4xx_HAL_Driver/Src/stm32l4xx_hal_rcc_ex.o
 .debug_rnglists
                0x000015b3      0x47f ./Drivers/STM32L4xx_HAL_Driver/Src/stm32l4xx_hal_spi.o
 .debug_rnglists
                0x00001a32      0x62d ./Drivers/STM32L4xx_HAL_Driver/Src/stm32l4xx_hal_tim.o
 .debug_rnglists
                0x0000205f      0x19c ./Drivers/STM32L4xx_HAL_Driver/Src/stm32l4xx_hal_tim_ex.o
 .debug_rnglists
                0x000021fb      0x4be ./Drivers/STM32L4xx_HAL_Driver/Src/stm32l4xx_hal_uart.o
 .debug_rnglists
                0x000026b9       0x58 ./Drivers/STM32L4xx_HAL_Driver/Src/stm32l4xx_hal_uart_ex.o

.debug_macro    0x00000000    0x20515
 .debug_macro   0x00000000      0x2d6 ./Core/Src/GFX_BW.o
 .debug_macro   0x000002d6      0xad8 ./Core/Src/GFX_BW.o
 .debug_macro   0x00000dae      0x1ad ./Core/Src/GFX_BW.o
 .debug_macro   0x00000f5b       0x2e ./Core/Src/GFX_BW.o
 .debug_macro   0x00000f89       0x28 ./Core/Src/GFX_BW.o
 .debug_macro   0x00000fb1       0x22 ./Core/Src/GFX_BW.o
 .debug_macro   0x00000fd3       0x8e ./Core/Src/GFX_BW.o
 .debug_macro   0x00001061       0x51 ./Core/Src/GFX_BW.o
 .debug_macro   0x000010b2      0x103 ./Core/Src/GFX_BW.o
 .debug_macro   0x000011b5       0x6a ./Core/Src/GFX_BW.o
 .debug_macro   0x0000121f      0x1df ./Core/Src/GFX_BW.o
 .debug_macro   0x000013fe       0x1c ./Core/Src/GFX_BW.o
 .debug_macro   0x0000141a       0x22 ./Core/Src/GFX_BW.o
 .debug_macro   0x0000143c       0xfb ./Core/Src/GFX_BW.o
 .debug_macro   0x00001537     0x1011 ./Core/Src/GFX_BW.o
 .debug_macro   0x00002548      0x11f ./Core/Src/GFX_BW.o
 .debug_macro   0x00002667     0xe4b1 ./Core/Src/GFX_BW.o
 .debug_macro   0x00010b18       0x6d ./Core/Src/GFX_BW.o
 .debug_macro   0x00010b85     0x38f4 ./Core/Src/GFX_BW.o
 .debug_macro   0x00014479      0x189 ./Core/Src/GFX_BW.o
 .debug_macro   0x00014602       0x5c ./Core/Src/GFX_BW.o
 .debug_macro   0x0001465e     0x105e ./Core/Src/GFX_BW.o
 .debug_macro   0x000156bc      0x49b ./Core/Src/GFX_BW.o
 .debug_macro   0x00015b57      0x1b9 ./Core/Src/GFX_BW.o
 .debug_macro   0x00015d10       0xd7 ./Core/Src/GFX_BW.o
 .debug_macro   0x00015de7      0x26b ./Core/Src/GFX_BW.o
 .debug_macro   0x00016052      0x23d ./Core/Src/GFX_BW.o
 .debug_macro   0x0001628f      0x21c ./Core/Src/GFX_BW.o
 .debug_macro   0x000164ab      0x375 ./Core/Src/GFX_BW.o
 .debug_macro   0x00016820       0xd6 ./Core/Src/GFX_BW.o
 .debug_macro   0x000168f6      0x122 ./Core/Src/GFX_BW.o
 .debug_macro   0x00016a18      0x364 ./Core/Src/GFX_BW.o
 .debug_macro   0x00016d7c      0x2fe ./Core/Src/GFX_BW.o
 .debug_macro   0x0001707a      0xa98 ./Core/Src/GFX_BW.o
 .debug_macro   0x00017b12      0x113 ./Core/Src/GFX_BW.o
 .debug_macro   0x00017c25      0x5cf ./Core/Src/GFX_BW.o
 .debug_macro   0x000181f4       0x44 ./Core/Src/GFX_BW.o
 .debug_macro   0x00018238      0x220 ./Core/Src/GFX_BW.o
 .debug_macro   0x00018458       0x88 ./Core/Src/GFX_BW.o
 .debug_macro   0x000184e0       0x22 ./Core/Src/GFX_BW.o
 .debug_macro   0x00018502      0x10c ./Core/Src/GFX_BW.o
 .debug_macro   0x0001860e       0x8e ./Core/Src/GFX_BW.o
 .debug_macro   0x0001869c       0x2a ./Core/Src/GFX_BW.o
 .debug_macro   0x000186c6       0x61 ./Core/Src/GFX_BW.o
 .debug_macro   0x00018727       0x43 ./Core/Src/GFX_BW.o
 .debug_macro   0x0001876a       0x34 ./Core/Src/GFX_BW.o
 .debug_macro   0x0001879e       0x16 ./Core/Src/GFX_BW.o
 .debug_macro   0x000187b4       0x35 ./Core/Src/GFX_BW.o
 .debug_macro   0x000187e9       0x16 ./Core/Src/GFX_BW.o
 .debug_macro   0x000187ff       0x43 ./Core/Src/GFX_BW.o
 .debug_macro   0x00018842       0x34 ./Core/Src/GFX_BW.o
 .debug_macro   0x00018876       0x10 ./Core/Src/GFX_BW.o
 .debug_macro   0x00018886       0x58 ./Core/Src/GFX_BW.o
 .debug_macro   0x000188de       0x8e ./Core/Src/GFX_BW.o
 .debug_macro   0x0001896c       0x1c ./Core/Src/GFX_BW.o
 .debug_macro   0x00018988      0x177 ./Core/Src/GFX_BW.o
 .debug_macro   0x00018aff      0x369 ./Core/Src/GFX_BW.o
 .debug_macro   0x00018e68       0x16 ./Core/Src/GFX_BW.o
 .debug_macro   0x00018e7e       0x29 ./Core/Src/GFX_BW.o
 .debug_macro   0x00018ea7      0x2e1 ./Core/Src/OLED_SSD1306.o
 .debug_macro   0x00019188       0x10 ./Core/Src/OLED_SSD1306.o
 .debug_macro   0x00019198       0x20 ./Core/Src/OLED_SSD1306.o
 .debug_macro   0x000191b8      0x6fd ./Core/Src/cpp_main.o
 .debug_macro   0x000198b5      0xbb0 ./Core/Src/cpp_main.o
 .debug_macro   0x0001a465       0x1c ./Core/Src/cpp_main.o
 .debug_macro   0x0001a481     0x1011 ./Core/Src/cpp_main.o
 .debug_macro   0x0001b492      0x190 ./Core/Src/cpp_main.o
 .debug_macro   0x0001b622       0x34 ./Core/Src/cpp_main.o
 .debug_macro   0x0001b656       0x16 ./Core/Src/cpp_main.o
 .debug_macro   0x0001b66c       0x35 ./Core/Src/cpp_main.o
 .debug_macro   0x0001b6a1      0x38c ./Core/Src/cpp_main.o
 .debug_macro   0x0001ba2d       0x10 ./Core/Src/cpp_main.o
 .debug_macro   0x0001ba3d       0x43 ./Core/Src/cpp_main.o
 .debug_macro   0x0001ba80       0x16 ./Core/Src/cpp_main.o
 .debug_macro   0x0001ba96       0x16 ./Core/Src/cpp_main.o
 .debug_macro   0x0001baac       0x16 ./Core/Src/cpp_main.o
 .debug_macro   0x0001bac2      0x138 ./Core/Src/cpp_main.o
 .debug_macro   0x0001bbfa      0x1d6 ./Core/Src/cpp_main.o
 .debug_macro   0x0001bdd0       0x10 ./Core/Src/cpp_main.o
 .debug_macro   0x0001bde0      0x417 ./Core/Src/cpp_main.o
 .debug_macro   0x0001c1f7       0x10 ./Core/Src/cpp_main.o
 .debug_macro   0x0001c207       0x1c ./Core/Src/cpp_main.o
 .debug_macro   0x0001c223       0xde ./Core/Src/cpp_main.o
 .debug_macro   0x0001c301       0x16 ./Core/Src/cpp_main.o
 .debug_macro   0x0001c317       0x16 ./Core/Src/cpp_main.o
 .debug_macro   0x0001c32d       0x10 ./Core/Src/cpp_main.o
 .debug_macro   0x0001c33d       0x10 ./Core/Src/cpp_main.o
 .debug_macro   0x0001c34d      0x460 ./Core/Src/cpp_main.o
 .debug_macro   0x0001c7ad       0x18 ./Core/Src/cpp_main.o
 .debug_macro   0x0001c7c5      0x194 ./Core/Src/cpp_main.o
 .debug_macro   0x0001c959      0x3cd ./Core/Src/cpp_main.o
 .debug_macro   0x0001cd26       0x22 ./Core/Src/cpp_main.o
 .debug_macro   0x0001cd48       0x3c ./Core/Src/cpp_main.o
 .debug_macro   0x0001cd84       0x2c ./Core/Src/cpp_main.o
 .debug_macro   0x0001cdb0      0x173 ./Core/Src/cpp_main.o
 .debug_macro   0x0001cf23       0x41 ./Core/Src/cpp_main.o
 .debug_macro   0x0001cf64       0x1c ./Core/Src/cpp_main.o
 .debug_macro   0x0001cf80       0x1f ./Core/Src/cpp_main.o
 .debug_macro   0x0001cf9f       0x2c ./Core/Src/cpp_main.o
 .debug_macro   0x0001cfcb       0x11 ./Core/Src/cpp_main.o
 .debug_macro   0x0001cfdc       0x10 ./Core/Src/cpp_main.o
 .debug_macro   0x0001cfec       0x5e ./Core/Src/cpp_main.o
 .debug_macro   0x0001d04a       0x16 ./Core/Src/cpp_main.o
 .debug_macro   0x0001d060       0x52 ./Core/Src/cpp_main.o
 .debug_macro   0x0001d0b2       0x5e ./Core/Src/cpp_main.o
 .debug_macro   0x0001d110       0x28 ./Core/Src/cpp_main.o
 .debug_macro   0x0001d138       0x2e ./Core/Src/cpp_main.o
 .debug_macro   0x0001d166       0x19 ./Core/Src/cpp_main.o
 .debug_macro   0x0001d17f       0x11 ./Core/Src/cpp_main.o
 .debug_macro   0x0001d190       0x4f ./Core/Src/cpp_main.o
 .debug_macro   0x0001d1df       0x18 ./Core/Src/cpp_main.o
 .debug_macro   0x0001d1f7       0x19 ./Core/Src/cpp_main.o
 .debug_macro   0x0001d210       0x88 ./Core/Src/cpp_main.o
 .debug_macro   0x0001d298       0x19 ./Core/Src/cpp_main.o
 .debug_macro   0x0001d2b1       0x1c ./Core/Src/cpp_main.o
 .debug_macro   0x0001d2cd      0x11d ./Core/Src/cpp_main.o
 .debug_macro   0x0001d3ea       0x10 ./Core/Src/cpp_main.o
 .debug_macro   0x0001d3fa      0x242 ./Core/Src/cpp_main.o
 .debug_macro   0x0001d63c       0x11 ./Core/Src/cpp_main.o
 .debug_macro   0x0001d64d       0x19 ./Core/Src/cpp_main.o
 .debug_macro   0x0001d666       0x18 ./Core/Src/cpp_main.o
 .debug_macro   0x0001d67e      0x1ed ./Core/Src/dma.o
 .debug_macro   0x0001d86b       0xbe ./Core/Src/encoder.o
 .debug_macro   0x0001d929       0x5b ./Core/Src/encoder.o
 .debug_macro   0x0001d984       0x94 ./Core/Src/encoder.o
 .debug_macro   0x0001da18       0x3a ./Core/Src/encoder.o
 .debug_macro   0x0001da52       0x57 ./Core/Src/encoder.o
 .debug_macro   0x0001daa9       0x89 ./Core/Src/encoder.o
 .debug_macro   0x0001db32      0x1ed ./Core/Src/gpio.o
 .debug_macro   0x0001dd1f      0x241 ./Core/Src/main.o
 .debug_macro   0x0001df60      0x1ed ./Core/Src/spi.o
 .debug_macro   0x0001e14d      0x1e3 ./Core/Src/stm32l4xx_hal_msp.o
 .debug_macro   0x0001e330      0x1ed ./Core/Src/stm32l4xx_it.o
 .debug_macro   0x0001e51d       0xff ./Core/Src/sysmem.o
 .debug_macro   0x0001e61c      0x23c ./Core/Src/sysmem.o
 .debug_macro   0x0001e858      0x1d4 ./Core/Src/system_stm32l4xx.o
 .debug_macro   0x0001ea2c      0x1ed ./Core/Src/tim.o
 .debug_macro   0x0001ec19      0x1ed ./Core/Src/usart.o
 .debug_macro   0x0001ee06      0x21c ./Drivers/STM32L4xx_HAL_Driver/Src/stm32l4xx_hal.o
 .debug_macro   0x0001f022      0x1d4 ./Drivers/STM32L4xx_HAL_Driver/Src/stm32l4xx_hal_cortex.o
 .debug_macro   0x0001f1f6      0x1d4 ./Drivers/STM32L4xx_HAL_Driver/Src/stm32l4xx_hal_dma.o
 .debug_macro   0x0001f3ca      0x1db ./Drivers/STM32L4xx_HAL_Driver/Src/stm32l4xx_hal_gpio.o
 .debug_macro   0x0001f5a5      0x1f8 ./Drivers/STM32L4xx_HAL_Driver/Src/stm32l4xx_hal_pwr_ex.o
 .debug_macro   0x0001f79d      0x216 ./Drivers/STM32L4xx_HAL_Driver/Src/stm32l4xx_hal_rcc.o
 .debug_macro   0x0001f9b3      0x20a ./Drivers/STM32L4xx_HAL_Driver/Src/stm32l4xx_hal_rcc_ex.o
 .debug_macro   0x0001fbbd      0x1dc ./Drivers/STM32L4xx_HAL_Driver/Src/stm32l4xx_hal_spi.o
 .debug_macro   0x0001fd99      0x1d5 ./Drivers/STM32L4xx_HAL_Driver/Src/stm32l4xx_hal_tim.o
 .debug_macro   0x0001ff6e      0x1d4 ./Drivers/STM32L4xx_HAL_Driver/Src/stm32l4xx_hal_tim_ex.o
 .debug_macro   0x00020142      0x1ff ./Drivers/STM32L4xx_HAL_Driver/Src/stm32l4xx_hal_uart.o
 .debug_macro   0x00020341      0x1d4 ./Drivers/STM32L4xx_HAL_Driver/Src/stm32l4xx_hal_uart_ex.o

.debug_line     0x00000000    0x28148
 .debug_line    0x00000000     0x3ea5 ./Core/Src/GFX_BW.o
 .debug_line    0x00003ea5     0x1cd3 ./Core/Src/OLED_SSD1306.o
 .debug_line    0x00005b78     0x1b34 ./Core/Src/cpp_main.o
 .debug_line    0x000076ac      0x7a0 ./Core/Src/dma.o
 .debug_line    0x00007e4c      0x71a ./Core/Src/encoder.o
 .debug_line    0x00008566      0x803 ./Core/Src/gpio.o
 .debug_line    0x00008d69      0x9fb ./Core/Src/main.o
 .debug_line    0x00009764      0x8a2 ./Core/Src/spi.o
 .debug_line    0x0000a006      0x796 ./Core/Src/stm32l4xx_hal_msp.o
 .debug_line    0x0000a79c      0x8e5 ./Core/Src/stm32l4xx_it.o
 .debug_line    0x0000b081      0x5bb ./Core/Src/sysmem.o
 .debug_line    0x0000b63c      0x867 ./Core/Src/system_stm32l4xx.o
 .debug_line    0x0000bea3      0x857 ./Core/Src/tim.o
 .debug_line    0x0000c6fa      0x9ee ./Core/Src/usart.o
 .debug_line    0x0000d0e8       0x7a ./Core/Startup/startup_stm32l412kbux.o
 .debug_line    0x0000d162      0xbd5 ./Drivers/STM32L4xx_HAL_Driver/Src/stm32l4xx_hal.o
 .debug_line    0x0000dd37      0xdd1 ./Drivers/STM32L4xx_HAL_Driver/Src/stm32l4xx_hal_cortex.o
 .debug_line    0x0000eb08     0x10f1 ./Drivers/STM32L4xx_HAL_Driver/Src/stm32l4xx_hal_dma.o
 .debug_line    0x0000fbf9      0xd2a ./Drivers/STM32L4xx_HAL_Driver/Src/stm32l4xx_hal_gpio.o
 .debug_line    0x00010923      0xe60 ./Drivers/STM32L4xx_HAL_Driver/Src/stm32l4xx_hal_pwr_ex.o
 .debug_line    0x00011783     0x1593 ./Drivers/STM32L4xx_HAL_Driver/Src/stm32l4xx_hal_rcc.o
 .debug_line    0x00012d16     0x12b0 ./Drivers/STM32L4xx_HAL_Driver/Src/stm32l4xx_hal_rcc_ex.o
 .debug_line    0x00013fc6     0x4181 ./Drivers/STM32L4xx_HAL_Driver/Src/stm32l4xx_hal_spi.o
 .debug_line    0x00018147     0x6abe ./Drivers/STM32L4xx_HAL_Driver/Src/stm32l4xx_hal_tim.o
 .debug_line    0x0001ec05     0x20c6 ./Drivers/STM32L4xx_HAL_Driver/Src/stm32l4xx_hal_tim_ex.o
 .debug_line    0x00020ccb     0x63bc ./Drivers/STM32L4xx_HAL_Driver/Src/stm32l4xx_hal_uart.o
 .debug_line    0x00027087     0x10c1 ./Drivers/STM32L4xx_HAL_Driver/Src/stm32l4xx_hal_uart_ex.o

.debug_str      0x00000000    0xb82ec
 .debug_str     0x00000000    0xa643f ./Core/Src/GFX_BW.o
                              0xa674b (size before relaxing)
 .debug_str     0x000a643f      0x703 ./Core/Src/OLED_SSD1306.o
                              0xa6a4d (size before relaxing)
 .debug_str     0x000a6b42     0xc8f2 ./Core/Src/cpp_main.o
                              0xb35da (size before relaxing)
 .debug_str     0x000b3434      0x4f2 ./Core/Src/dma.o
                              0xa315f (size before relaxing)
 .debug_str     0x000b3926       0x2a ./Core/Src/encoder.o
                               0x59d3 (size before relaxing)
 .debug_str     0x000b3950       0x5e ./Core/Src/gpio.o
                              0xa2e63 (size before relaxing)
 .debug_str     0x000b39ae      0x736 ./Core/Src/main.o
                              0xa3ddf (size before relaxing)
 .debug_str     0x000b40e4       0x84 ./Core/Src/spi.o
                              0xa32b8 (size before relaxing)
 .debug_str     0x000b4168       0x2c ./Core/Src/stm32l4xx_hal_msp.o
                              0xa2d98 (size before relaxing)
 .debug_str     0x000b4194      0x17e ./Core/Src/stm32l4xx_it.o
                              0xa3538 (size before relaxing)
 .debug_str     0x000b4312       0x73 ./Core/Src/sysmem.o
                               0x614d (size before relaxing)
 .debug_str     0x000b4385       0xf2 ./Core/Src/system_stm32l4xx.o
                              0xa2c32 (size before relaxing)
 .debug_str     0x000b4477       0xf8 ./Core/Src/tim.o
                              0xa3790 (size before relaxing)
 .debug_str     0x000b456f      0x19c ./Core/Src/usart.o
                              0xa386e (size before relaxing)
 .debug_str     0x000b470b       0x44 ./Core/Startup/startup_stm32l412kbux.o
                                 0x80 (size before relaxing)
 .debug_str     0x000b474f      0x4f6 ./Drivers/STM32L4xx_HAL_Driver/Src/stm32l4xx_hal.o
                              0xa358c (size before relaxing)
 .debug_str     0x000b4c45      0x342 ./Drivers/STM32L4xx_HAL_Driver/Src/stm32l4xx_hal_cortex.o
                              0xa3361 (size before relaxing)
 .debug_str     0x000b4f87      0x224 ./Drivers/STM32L4xx_HAL_Driver/Src/stm32l4xx_hal_dma.o
                              0xa2e9b (size before relaxing)
 .debug_str     0x000b51ab      0x112 ./Drivers/STM32L4xx_HAL_Driver/Src/stm32l4xx_hal_gpio.o
                              0xa2da6 (size before relaxing)
 .debug_str     0x000b52bd      0x4c0 ./Drivers/STM32L4xx_HAL_Driver/Src/stm32l4xx_hal_pwr_ex.o
                              0xa314e (size before relaxing)
 .debug_str     0x000b577d      0x38b ./Drivers/STM32L4xx_HAL_Driver/Src/stm32l4xx_hal_rcc.o
                              0xa323e (size before relaxing)
 .debug_str     0x000b5b08      0x4b7 ./Drivers/STM32L4xx_HAL_Driver/Src/stm32l4xx_hal_rcc_ex.o
                              0xa3385 (size before relaxing)
 .debug_str     0x000b5fbf      0x545 ./Drivers/STM32L4xx_HAL_Driver/Src/stm32l4xx_hal_spi.o
                              0xa344c (size before relaxing)
 .debug_str     0x000b6504      0xe3f ./Drivers/STM32L4xx_HAL_Driver/Src/stm32l4xx_hal_tim.o
                              0xa3f71 (size before relaxing)
 .debug_str     0x000b7343      0x588 ./Drivers/STM32L4xx_HAL_Driver/Src/stm32l4xx_hal_tim_ex.o
                              0xa3885 (size before relaxing)
 .debug_str     0x000b78cb      0x847 ./Drivers/STM32L4xx_HAL_Driver/Src/stm32l4xx_hal_uart.o
                              0xa399b (size before relaxing)
 .debug_str     0x000b8112      0x1da ./Drivers/STM32L4xx_HAL_Driver/Src/stm32l4xx_hal_uart_ex.o
                              0xa31b5 (size before relaxing)

.comment        0x00000000       0x43
 .comment       0x00000000       0x43 ./Core/Src/GFX_BW.o
                                 0x44 (size before relaxing)
 .comment       0x00000043       0x44 ./Core/Src/OLED_SSD1306.o
 .comment       0x00000043       0x44 ./Core/Src/cpp_main.o
 .comment       0x00000043       0x44 ./Core/Src/dma.o
 .comment       0x00000043       0x44 ./Core/Src/encoder.o
 .comment       0x00000043       0x44 ./Core/Src/gpio.o
 .comment       0x00000043       0x44 ./Core/Src/main.o
 .comment       0x00000043       0x44 ./Core/Src/spi.o
 .comment       0x00000043       0x44 ./Core/Src/stm32l4xx_hal_msp.o
 .comment       0x00000043       0x44 ./Core/Src/stm32l4xx_it.o
 .comment       0x00000043       0x44 ./Core/Src/sysmem.o
 .comment       0x00000043       0x44 ./Core/Src/system_stm32l4xx.o
 .comment       0x00000043       0x44 ./Core/Src/tim.o
 .comment       0x00000043       0x44 ./Core/Src/usart.o
 .comment       0x00000043       0x44 ./Drivers/STM32L4xx_HAL_Driver/Src/stm32l4xx_hal.o