Archive member included to satisfy reference by file (symbol)

C:/ST/STM32CubeIDE_1.16.0/STM32CubeIDE/plugins/com.st.stm32cube.ide.mcu.externaltools.gnu-tools-for-stm32.12.3.rel1.win32_1.0.200.202406191623/tools/bin/../lib/gcc/arm-none-eabi/12.3.1/../../../../arm-none-eabi/lib/thumb/v7e-m+fp/hard\libc_nano.a(libc_a-exit.o)
                              C:/ST/STM32CubeIDE_1.16.0/STM32CubeIDE/plugins/com.st.stm32cube.ide.mcu.externaltools.gnu-tools-for-stm32.12.3.rel1.win32_1.0.200.202406191623/tools/bin/../lib/gcc/arm-none-eabi/12.3.1/../../../../arm-none-eabi/lib/thumb/v7e-m+fp/hard/crt0.o (exit)
C:/ST/STM32CubeIDE_1.16.0/STM32CubeIDE/plugins/com.st.stm32cube.ide.mcu.externaltools.gnu-tools-for-stm32.12.3.rel1.win32_1.0.200.202406191623/tools/bin/../lib/gcc/arm-none-eabi/12.3.1/../../../../arm-none-eabi/lib/thumb/v7e-m+fp/hard\libc_nano.a(libc_a-findfp.o)
                              C:/ST/STM32CubeIDE_1.16.0/STM32CubeIDE/plugins/com.st.stm32cube.ide.mcu.externaltools.gnu-tools-for-stm32.12.3.rel1.win32_1.0.200.202406191623/tools/bin/../lib/gcc/arm-none-eabi/12.3.1/../../../../arm-none-eabi/lib/thumb/v7e-m+fp/hard\libc_nano.a(libc_a-exit.o) (__stdio_exit_handler)
C:/ST/STM32CubeIDE_1.16.0/STM32CubeIDE/plugins/com.st.stm32cube.ide.mcu.externaltools.gnu-tools-for-stm32.12.3.rel1.win32_1.0.200.202406191623/tools/bin/../lib/gcc/arm-none-eabi/12.3.1/../../../../arm-none-eabi/lib/thumb/v7e-m+fp/hard\libc_nano.a(libc_a-fwalk.o)
                              C:/ST/STM32CubeIDE_1.16.0/STM32CubeIDE/plugins/com.st.stm32cube.ide.mcu.externaltools.gnu-tools-for-stm32.12.3.rel1.win32_1.0.200.202406191623/tools/bin/../lib/gcc/arm-none-eabi/12.3.1/../../../../arm-none-eabi/lib/thumb/v7e-m+fp/hard\libc_nano.a(libc_a-findfp.o) (_fwalk_sglue)
C:/ST/STM32CubeIDE_1.16.0/STM32CubeIDE/plugins/com.st.stm32cube.ide.mcu.externaltools.gnu-tools-for-stm32.12.3.rel1.win32_1.0.200.202406191623/tools/bin/../lib/gcc/arm-none-eabi/12.3.1/../../../../arm-none-eabi/lib/thumb/v7e-m+fp/hard\libc_nano.a(libc_a-stdio.o)
                              C:/ST/STM32CubeIDE_1.16.0/STM32CubeIDE/plugins/com.st.stm32cube.ide.mcu.externaltools.gnu-tools-for-stm32.12.3.rel1.win32_1.0.200.202406191623/tools/bin/../lib/gcc/arm-none-eabi/12.3.1/../../../../arm-none-eabi/lib/thumb/v7e-m+fp/hard\libc_nano.a(libc_a-findfp.o) (__sread)
C:/ST/STM32CubeIDE_1.16.0/STM32CubeIDE/plugins/com.st.stm32cube.ide.mcu.externaltools.gnu-tools-for-stm32.12.3.rel1.win32_1.0.200.202406191623/tools/bin/../lib/gcc/arm-none-eabi/12.3.1/../../../../arm-none-eabi/lib/thumb/v7e-m+fp/hard\libc_nano.a(libc_a-memset.o)
                              C:/ST/STM32CubeIDE_1.16.0/STM32CubeIDE/plugins/com.st.stm32cube.ide.mcu.externaltools.gnu-tools-for-stm32.12.3.rel1.win32_1.0.200.202406191623/tools/bin/../lib/gcc/arm-none-eabi/12.3.1/../../../../arm-none-eabi/lib/thumb/v7e-m+fp/hard/crt0.o (memset)
C:/ST/STM32CubeIDE_1.16.0/STM32CubeIDE/plugins/com.st.stm32cube.ide.mcu.externaltools.gnu-tools-for-stm32.12.3.rel1.win32_1.0.200.202406191623/tools/bin/../lib/gcc/arm-none-eabi/12.3.1/../../../../arm-none-eabi/lib/thumb/v7e-m+fp/hard\libc_nano.a(libc_a-closer.o)
                              C:/ST/STM32CubeIDE_1.16.0/STM32CubeIDE/plugins/com.st.stm32cube.ide.mcu.externaltools.gnu-tools-for-stm32.12.3.rel1.win32_1.0.200.202406191623/tools/bin/../lib/gcc/arm-none-eabi/12.3.1/../../../../arm-none-eabi/lib/thumb/v7e-m+fp/hard\libc_nano.a(libc_a-stdio.o) (_close_r)
C:/ST/STM32CubeIDE_1.16.0/STM32CubeIDE/plugins/com.st.stm32cube.ide.mcu.externaltools.gnu-tools-for-stm32.12.3.rel1.win32_1.0.200.202406191623/tools/bin/../lib/gcc/arm-none-eabi/12.3.1/../../../../arm-none-eabi/lib/thumb/v7e-m+fp/hard\libc_nano.a(libc_a-reent.o)
                              C:/ST/STM32CubeIDE_1.16.0/STM32CubeIDE/plugins/com.st.stm32cube.ide.mcu.externaltools.gnu-tools-for-stm32.12.3.rel1.win32_1.0.200.202406191623/tools/bin/../lib/gcc/arm-none-eabi/12.3.1/../../../../arm-none-eabi/lib/thumb/v7e-m+fp/hard\libc_nano.a(libc_a-closer.o) (errno)
C:/ST/STM32CubeIDE_1.16.0/STM32CubeIDE/plugins/com.st.stm32cube.ide.mcu.externaltools.gnu-tools-for-stm32.12.3.rel1.win32_1.0.200.202406191623/tools/bin/../lib/gcc/arm-none-eabi/12.3.1/../../../../arm-none-eabi/lib/thumb/v7e-m+fp/hard\libc_nano.a(libc_a-impure.o)
                              C:/ST/STM32CubeIDE_1.16.0/STM32CubeIDE/plugins/com.st.stm32cube.ide.mcu.externaltools.gnu-tools-for-stm32.12.3.rel1.win32_1.0.200.202406191623/tools/bin/../lib/gcc/arm-none-eabi/12.3.1/../../../../arm-none-eabi/lib/thumb/v7e-m+fp/hard\libc_nano.a(libc_a-reent.o) (_impure_ptr)
C:/ST/STM32CubeIDE_1.16.0/STM32CubeIDE/plugins/com.st.stm32cube.ide.mcu.externaltools.gnu-tools-for-stm32.12.3.rel1.win32_1.0.200.202406191623/tools/bin/../lib/gcc/arm-none-eabi/12.3.1/../../../../arm-none-eabi/lib/thumb/v7e-m+fp/hard\libc_nano.a(libc_a-lseekr.o)
[...]
Memory Configuration

Name             Origin             Length             Attributes
RAM              0x20000000         0x00008000         xrw
RAM2             0x10000000         0x00002000         xrw
FLASH            0x08000000         0x00020000         xr
*default*        0x00000000         0xffffffff

Linker script and memory map

LOAD C:/ST/STM32CubeIDE_1.16.0/STM32CubeIDE/plugins/com.st.stm32cube.ide.mcu.externaltools.gnu-tools-for-stm32.12.3.rel1.win32_1.0.200.202406191623/tools/bin/../lib/gcc/arm-none-eabi/12.3.1/thumb/v7e-m+fp/hard/crti.o
LOAD C:/ST/STM32CubeIDE_1.16.0/STM32CubeIDE/plugins/com.st.stm32cube.ide.mcu.externaltools.gnu-tools-for-stm32.12.3.rel1.win32_1.0.200.202406191623/tools/bin/../lib/gcc/arm-none-eabi/12.3.1/thumb/v7e-m+fp/hard/crtbegin.o
LOAD C:/ST/STM32CubeIDE_1.16.0/STM32CubeIDE/plugins/com.st.stm32cube.ide.mcu.externaltools.gnu-tools-for-stm32.12.3.rel1.win32_1.0.200.202406191623/tools/bin/../lib/gcc/arm-none-eabi/12.3.1/../../../../arm-none-eabi/lib/thumb/v7e-m+fp/hard/crt0.o
LOAD ./Core/Src/GFX_BW.o
LOAD ./Core/Src/OLED_SSD1306.o
LOAD ./Core/Src/cpp_main.o
LOAD ./Core/Src/dma.o
LOAD ./Core/Src/gpio.o
LOAD ./Core/Src/main.o
LOAD ./Core/Src/spi.o
LOAD ./Core/Src/stm32l4xx_hal_msp.o
LOAD ./Core/Src/stm32l4xx_it.o
LOAD ./Core/Src/syscalls.o
LOAD ./Core/Src/sysmem.o
LOAD ./Core/Src/system_stm32l4xx.o
LOAD ./Core/Src/usart.o
LOAD ./Core/Startup/startup_stm32l412kbux.o
LOAD ./Drivers/STM32L4xx_HAL_Driver/Src/stm32l4xx_hal.o
LOAD ./Drivers/STM32L4xx_HAL_Driver/Src/stm32l4xx_hal_cortex.o
LOAD ./Drivers/STM32L4xx_HAL_Driver/Src/stm32l4xx_hal_dma.o
LOAD ./Drivers/STM32L4xx_HAL_Driver/Src/stm32l4xx_hal_dma_ex.o
LOAD ./Drivers/STM32L4xx_HAL_Driver/Src/stm32l4xx_hal_exti.o
LOAD ./Drivers/STM32L4xx_HAL_Driver/Src/stm32l4xx_hal_flash.o
LOAD ./Drivers/STM32L4xx_HAL_Driver/Src/stm32l4xx_hal_flash_ex.o
LOAD ./Drivers/STM32L4xx_HAL_Driver/Src/stm32l4xx_hal_flash_ramfunc.o
LOAD ./Drivers/STM32L4xx_HAL_Driver/Src/stm32l4xx_hal_gpio.o
LOAD ./Drivers/STM32L4xx_HAL_Driver/Src/stm32l4xx_hal_i2c.o
LOAD ./Drivers/STM32L4xx_HAL_Driver/Src/stm32l4xx_hal_i2c_ex.o
LOAD ./Drivers/STM32L4xx_HAL_Driver/Src/stm32l4xx_hal_pwr.o
LOAD ./Drivers/STM32L4xx_HAL_Driver/Src/stm32l4xx_hal_pwr_ex.o
LOAD ./Drivers/STM32L4xx_HAL_Driver/Src/stm32l4xx_hal_rcc.o
LOAD ./Drivers/STM32L4xx_HAL_Driver/Src/stm32l4xx_hal_rcc_ex.o
LOAD ./Drivers/STM32L4xx_HAL_Driver/Src/stm32l4xx_hal_spi.o
LOAD ./Drivers/STM32L4xx_HAL_Driver/Src/stm32l4xx_hal_spi_ex.o
LOAD ./Drivers/STM32L4xx_HAL_Driver/Src/stm32l4xx_hal_tim.o
LOAD ./Drivers/STM32L4xx_HAL_Driver/Src/stm32l4xx_hal_tim_ex.o
LOAD ./Drivers/STM32L4xx_HAL_Driver/Src/stm32l4xx_hal_uart.o
LOAD ./Drivers/STM32L4xx_HAL_Driver/Src/stm32l4xx_hal_uart_ex.o
START GROUP
LOAD C:/ST/STM32CubeIDE_1.16.0/STM32CubeIDE/plugins/com.st.stm32cube.ide.mcu.externaltools.gnu-tools-for-stm32.12.3.rel1.win32_1.0.200.202406191623/tools/bin/../lib/gcc/arm-none-eabi/12.3.1/../../../../arm-none-eabi/lib/thumb/v7e-m+fp/hard\libstdc++_nano.a
LOAD C:/ST/STM32CubeIDE_1.16.0/STM32CubeIDE/plugins/com.st.stm32cube.ide.mcu.externaltools.gnu-tools-for-stm32.12.3.rel1.win32_1.0.200.202406191623/tools/bin/../lib/gcc/arm-none-eabi/12.3.1/../../../../arm-none-eabi/lib/thumb/v7e-m+fp/hard\libsupc++_nano.a
END GROUP
LOAD C:/ST/STM32CubeIDE_1.16.0/STM32CubeIDE/plugins/com.st.stm32cube.ide.mcu.externaltools.gnu-tools-for-stm32.12.3.rel1.win32_1.0.200.202406191623/tools/bin/../lib/gcc/arm-none-eabi/12.3.1/../../../../arm-none-eabi/lib/thumb/v7e-m+fp/hard\libstdc++_nano.a
LOAD C:/ST/STM32CubeIDE_1.16.0/STM32CubeIDE/plugins/com.st.stm32cube.ide.mcu.externaltools.gnu-tools-for-stm32.12.3.rel1.win32_1.0.200.202406191623/tools/bin/../lib/gcc/arm-none-eabi/12.3.1/../../../../arm-none-eabi/lib/thumb/v7e-m+fp/hard\libm.a
LOAD C:/ST/STM32CubeIDE_1.16.0/STM32CubeIDE/plugins/com.st.stm32cube.ide.mcu.externaltools.gnu-tools-for-stm32.12.3.rel1.win32_1.0.200.202406191623/tools/bin/../lib/gcc/arm-none-eabi/12.3.1/../../../../arm-none-eabi/lib/thumb/v7e-m+fp/hard\libc_nano.a
START GROUP
LOAD C:/ST/STM32CubeIDE_1.16.0/STM32CubeIDE/plugins/com.st.stm32cube.ide.mcu.externaltools.gnu-tools-for-stm32.12.3.rel1.win32_1.0.200.202406191623/tools/bin/../lib/gcc/arm-none-eabi/12.3.1/thumb/v7e-m+fp/hard\libgcc.a
LOAD C:/ST/STM32CubeIDE_1.16.0/STM32CubeIDE/plugins/com.st.stm32cube.ide.mcu.externaltools.gnu-tools-for-stm32.12.3.rel1.win32_1.0.200.202406191623/tools/bin/../lib/gcc/arm-none-eabi/12.3.1/../../../../arm-none-eabi/lib/thumb/v7e-m+fp/hard\libc_nano.a
END GROUP
START GROUP
LOAD C:/ST/STM32CubeIDE_1.16.0/STM32CubeIDE/plugins/com.st.stm32cube.ide.mcu.externaltools.gnu-tools-for-stm32.12.3.rel1.win32_1.0.200.202406191623/tools/bin/../lib/gcc/arm-none-eabi/12.3.1/thumb/v7e-m+fp/hard\libgcc.a
LOAD C:/ST/STM32CubeIDE_1.16.0/STM32CubeIDE/plugins/com.st.stm32cube.ide.mcu.externaltools.gnu-tools-for-stm32.12.3.rel1.win32_1.0.200.202406191623/tools/bin/../lib/gcc/arm-none-eabi/12.3.1/../../../../arm-none-eabi/lib/thumb/v7e-m+fp/hard\libc_nano.a
LOAD C:/ST/STM32CubeIDE_1.16.0/STM32CubeIDE/plugins/com.st.stm32cube.ide.mcu.externaltools.gnu-tools-for-stm32.12.3.rel1.win32_1.0.200.202406191623/tools/bin/../lib/gcc/arm-none-eabi/12.3.1/../../../../arm-none-eabi/lib/thumb/v7e-m+fp/hard\libnosys.a
END GROUP
START GROUP
LOAD C:/ST/STM32CubeIDE_1.16.0/STM32CubeIDE/plugins/com.st.stm32cube.ide.mcu.externaltools.gnu-tools-for-stm32.12.3.rel1.win32_1.0.200.202406191623/tools/bin/../lib/gcc/arm-none-eabi/12.3.1/thumb/v7e-m+fp/hard\libgcc.a
LOAD C:/ST/STM32CubeIDE_1.16.0/STM32CubeIDE/plugins/com.st.stm32cube.ide.mcu.externaltools.gnu-tools-for-stm32.12.3.rel1.win32_1.0.200.202406191623/tools/bin/../lib/gcc/arm-none-eabi/12.3.1/../../../../arm-none-eabi/lib/thumb/v7e-m+fp/hard\libc_nano.a
LOAD C:/ST/STM32CubeIDE_1.16.0/STM32CubeIDE/plugins/com.st.stm32cube.ide.mcu.externaltools.gnu-tools-for-stm32.12.3.rel1.win32_1.0.200.202406191623/tools/bin/../lib/gcc/arm-none-eabi/12.3.1/../../../../arm-none-eabi/lib/thumb/v7e-m+fp/hard\libnosys.a
END GROUP
LOAD C:/ST/STM32CubeIDE_1.16.0/STM32CubeIDE/plugins/com.st.stm32cube.ide.mcu.externaltools.gnu-tools-for-stm32.12.3.rel1.win32_1.0.200.202406191623/tools/bin/../lib/gcc/arm-none-eabi/12.3.1/thumb/v7e-m+fp/hard/crtend.o
LOAD C:/ST/STM32CubeIDE_1.16.0/STM32CubeIDE/plugins/com.st.stm32cube.ide.mcu.externaltools.gnu-tools-for-stm32.12.3.rel1.win32_1.0.200.202406191623/tools/bin/../lib/gcc/arm-none-eabi/12.3.1/thumb/v7e-m+fp/hard/crtn.o
                0x20008000                        _estack = (ORIGIN (RAM) + LENGTH (RAM))
                0x00000200                        _Min_Heap_Size = 0x200
                0x00000400                        _Min_Stack_Size = 0x400

.isr_vector     0x08000000      0x18c
                0x08000000                        . = ALIGN (0x4)
 *(.isr_vector)
 .isr_vector    0x08000000      0x18c ./Core/Startup/startup_stm32l412kbux.o
                0x08000000                g_pfnVectors
                0x0800018c                        . = ALIGN (0x4)

.text           0x0800018c     0x4330
                0x0800018c                        . = ALIGN (0x4)
 *(.text)
 .text          0x0800018c       0x40 C:/ST/STM32CubeIDE_1.16.0/STM32CubeIDE/plugins/com.st.stm32cube.ide.mcu.externaltools.gnu-tools-for-stm32.12.3.rel1.win32_1.0.200.202406191623/tools/bin/../lib/gcc/arm-none-eabi/12.3.1/thumb/v7e-m+fp/hard/crtbegin.o
 .text          0x080001cc       0x30 C:/ST/STM32CubeIDE_1.16.0/STM32CubeIDE/plugins/com.st.stm32cube.ide.mcu.externaltools.gnu-tools-for-stm32.12.3.rel1.win32_1.0.200.202406191623/tools/bin/../lib/gcc/arm-none-eabi/12.3.1/thumb/v7e-m+fp/hard\libgcc.a(_aeabi_uldivmod.o)
                0x080001cc                __aeabi_uldivmod
 .text          0x080001fc      0x2bc C:/ST/STM32CubeIDE_1.16.0/STM32CubeIDE/plugins/com.st.stm32cube.ide.mcu.externaltools.gnu-tools-for-stm32.12.3.rel1.win32_1.0.200.202406191623/tools/bin/../lib/gcc/arm-none-eabi/12.3.1/thumb/v7e-m+fp/hard\libgcc.a(_udivmoddi4.o)
                0x080001fc                __udivmoddi4
 .text          0x080004b8        0x4 C:/ST/STM32CubeIDE_1.16.0/STM32CubeIDE/plugins/com.st.stm32cube.ide.mcu.externaltools.gnu-tools-for-stm32.12.3.rel1.win32_1.0.200.202406191623/tools/bin/../lib/gcc/arm-none-eabi/12.3.1/thumb/v7e-m+fp/hard\libgcc.a(_dvmd_tls.o)
                0x080004b8                __aeabi_idiv0
                0x080004b8                __aeabi_ldiv0
 *(.text*)
 .text.GFX_SetFont
                0x080004bc       0x20 ./Core/Src/GFX_BW.o
                0x080004bc                GFX_SetFont
 .text.GFX_SetFontSize
                0x080004dc       0x28 ./Core/Src/GFX_BW.o
                0x080004dc                GFX_SetFontSize
 .text.GFX_DrawChar
                0x08000504      0x174 ./Core/Src/GFX_BW.o
                0x08000504                GFX_DrawChar
 .text.GFX_DrawString
                0x08000678       0xb8 ./Core/Src/GFX_BW.o
                0x08000678                GFX_DrawString
 .text.GFX_WriteLine
                0x08000730      0x11e ./Core/Src/GFX_BW.o
                0x08000730                GFX_WriteLine
 .text.GFX_DrawFastVLine
                0x0800084e       0x2e ./Core/Src/GFX_BW.o
                0x0800084e                GFX_DrawFastVLine
 .text.GFX_DrawFillRectangle
                0x0800087c       0x46 ./Core/Src/GFX_BW.o
                0x0800087c                GFX_DrawFillRectangle
 *fill*         0x080008c2        0x2 
 .text.SSD1306_SetOLED
                0x080008c4       0x20 ./Core/Src/OLED_SSD1306.o
                0x080008c4                SSD1306_SetOLED
 .text.SSD1306_Command
                0x080008e4       0x64 ./Core/Src/OLED_SSD1306.o
                0x080008e4                SSD1306_Command
 .text.SSD1306_ResetOLEDS
                0x08000948       0x28 ./Core/Src/OLED_SSD1306.o
                0x08000948                SSD1306_ResetOLEDS
 .text.SSD1306_RotateDisplay
                0x08000970       0x4a ./Core/Src/OLED_SSD1306.o
                0x08000970                SSD1306_RotateDisplay
 .text.SSD1306_DisplayON
                0x080009ba       0x24 ./Core/Src/OLED_SSD1306.o
                0x080009ba                SSD1306_DisplayON
 .text.SSD1306_SetContrast
                0x080009de       0x20 ./Core/Src/OLED_SSD1306.o
                0x080009de                SSD1306_SetContrast
 .text.SSD1306_StopScroll
                0x080009fe        0xe ./Core/Src/OLED_SSD1306.o
                0x080009fe                SSD1306_StopScroll
 .text.SSD1306_StopFadeOutOrBlinking
                0x08000a0c       0x14 ./Core/Src/OLED_SSD1306.o
                0x08000a0c                SSD1306_StopFadeOutOrBlinking
 .text.SSD1306_Init
                0x08000a20       0xa6 ./Core/Src/OLED_SSD1306.o
                0x08000a20                SSD1306_Init
 *fill*         0x08000ac6        0x2 
 .text.SSD1306_SpiInit
                0x08000ac8       0x20 ./Core/Src/OLED_SSD1306.o
                0x08000ac8                SSD1306_SpiInit
 .text.SSD1306_DrawPixel
                0x08000ae8      0x17c ./Core/Src/OLED_SSD1306.o
                0x08000ae8                SSD1306_DrawPixel
 .text.SSD1306_Clear
                0x08000c64       0x44 ./Core/Src/OLED_SSD1306.o
                0x08000c64                SSD1306_Clear
 .text.SSD1306_Display
                0x08000ca8       0x7c ./Core/Src/OLED_SSD1306.o
                0x08000ca8                SSD1306_Display
 .text.SSD1306_DmaEndCallback
                0x08000d24       0x3c ./Core/Src/OLED_SSD1306.o
                0x08000d24                SSD1306_DmaEndCallback
 .text._Z15initializeOLEDsv
                0x08000d60       0xf0 ./Core/Src/cpp_main.o
                0x08000d60                initializeOLEDs()
 .text._Z10drawScreenv
                0x08000e50       0xb8 ./Core/Src/cpp_main.o
                0x08000e50                drawScreen()
 .text.setup    0x08000f08        0xc ./Core/Src/cpp_main.o
                0x08000f08                setup
 .text.loop     0x08000f14       0x12 ./Core/Src/cpp_main.o
                0x08000f14                loop
 *fill*         0x08000f26        0x2 
 .text.MX_DMA_Init
                0x08000f28       0x3c ./Core/Src/dma.o
                0x08000f28                MX_DMA_Init
 .text.MX_GPIO_Init
                0x08000f64       0xac ./Core/Src/gpio.o
                0x08000f64                MX_GPIO_Init
 .text.main     0x08001010       0x38 ./Core/Src/main.o
                0x08001010                main
 .text.SystemClock_Config
                0x08001048       0x9e ./Core/Src/main.o
                0x08001048                SystemClock_Config
 .text.HAL_SPI_TxCpltCallback
                0x080010e6       0x16 ./Core/Src/main.o
                0x080010e6                HAL_SPI_TxCpltCallback
 .text.Error_Handler
                0x080010fc        0xc ./Core/Src/main.o
                0x080010fc                Error_Handler
 .text.MX_SPI1_Init
                0x08001108       0x7c ./Core/Src/spi.o
                0x08001108                MX_SPI1_Init
 .text.HAL_SPI_MspInit
                0x08001184       0xe0 ./Core/Src/spi.o
                0x08001184                HAL_SPI_MspInit
 .text.HAL_MspInit
                0x08001264       0x48 ./Core/Src/stm32l4xx_hal_msp.o
                0x08001264                HAL_MspInit
 .text.NMI_Handler
                0x080012ac        0x8 ./Core/Src/stm32l4xx_it.o
                0x080012ac                NMI_Handler
 .text.HardFault_Handler
                0x080012b4        0x8 ./Core/Src/stm32l4xx_it.o
                0x080012b4                HardFault_Handler
 .text.MemManage_Handler
                0x080012bc        0x8 ./Core/Src/stm32l4xx_it.o
                0x080012bc                MemManage_Handler
 .text.BusFault_Handler
                0x080012c4        0x8 ./Core/Src/stm32l4xx_it.o
                0x080012c4                BusFault_Handler
 .text.UsageFault_Handler
                0x080012cc        0x8 ./Core/Src/stm32l4xx_it.o
                0x080012cc                UsageFault_Handler
 .text.SVC_Handler
                0x080012d4        0xe ./Core/Src/stm32l4xx_it.o
                0x080012d4                SVC_Handler
 .text.DebugMon_Handler
                0x080012e2        0xe ./Core/Src/stm32l4xx_it.o
                0x080012e2                DebugMon_Handler
 .text.PendSV_Handler
                0x080012f0        0xe ./Core/Src/stm32l4xx_it.o
                0x080012f0                PendSV_Handler
 .text.SysTick_Handler
                0x080012fe        0xc ./Core/Src/stm32l4xx_it.o
                0x080012fe                SysTick_Handler
 *fill*         0x0800130a        0x2 
 .text.DMA1_Channel3_IRQHandler
                0x0800130c       0x14 ./Core/Src/stm32l4xx_it.o
                0x0800130c                DMA1_Channel3_IRQHandler
 .text.SystemInit
                0x08001320       0x24 ./Core/Src/system_stm32l4xx.o
                0x08001320                SystemInit
 .text.MX_USART1_UART_Init
                0x08001344       0x60 ./Core/Src/usart.o
                0x08001344                MX_USART1_UART_Init
 .text.MX_USART2_UART_Init
                0x080013a4       0x60 ./Core/Src/usart.o
                0x080013a4                MX_USART2_UART_Init
 .text.HAL_UART_MspInit
                0x08001404      0x130 ./Core/Src/usart.o
                0x08001404                HAL_UART_MspInit
 .text.Reset_Handler
                0x08001534       0x50 ./Core/Startup/startup_stm32l412kbux.o
                0x08001534                Reset_Handler
 .text.Default_Handler
                0x08001584        0x2 ./Core/Startup/startup_stm32l412kbux.o
                0x08001584                RTC_Alarm_IRQHandler
                0x08001584                EXTI2_IRQHandler
                0x08001584                TIM1_CC_IRQHandler
                0x08001584                TSC_IRQHandler
                0x08001584                TIM6_IRQHandler
                0x08001584                TAMP_STAMP_IRQHandler
                0x08001584                EXTI3_IRQHandler
                0x08001584                LPTIM2_IRQHandler
                0x08001584                I2C3_ER_IRQHandler
                0x08001584                EXTI0_IRQHandler
                0x08001584                I2C2_EV_IRQHandler
                0x08001584                FPU_IRQHandler
                0x08001584                TIM1_UP_TIM16_IRQHandler
                0x08001584                ADC1_2_IRQHandler
                0x08001584                SPI1_IRQHandler
                0x08001584                DMA2_Channel2_IRQHandler
                0x08001584                DMA1_Channel4_IRQHandler
                0x08001584                USART3_IRQHandler
                0x08001584                DMA1_Channel7_IRQHandler
                0x08001584                DMA2_Channel1_IRQHandler
                0x08001584                QUADSPI_IRQHandler
                0x08001584                I2C1_EV_IRQHandler
                0x08001584                DMA1_Channel6_IRQHandler
                0x08001584                DMA2_Channel4_IRQHandler
                0x08001584                RCC_IRQHandler
                0x08001584                TIM1_TRG_COM_IRQHandler
                0x08001584                DMA1_Channel1_IRQHandler
                0x08001584                Default_Handler
                0x08001584                DMA2_Channel7_IRQHandler
                0x08001584                EXTI15_10_IRQHandler
                0x08001584                I2C3_EV_IRQHandler
                0x08001584                USB_IRQHandler
                0x08001584                EXTI9_5_IRQHandler
                0x08001584                RTC_WKUP_IRQHandler
                0x08001584                PVD_PVM_IRQHandler
                0x08001584                SPI2_IRQHandler
                0x08001584                DMA2_Channel5_IRQHandler
                0x08001584                CRS_IRQHandler
                0x08001584                DMA1_Channel5_IRQHandler
                0x08001584                EXTI4_IRQHandler
                0x08001584                RNG_IRQHandler
                0x08001584                COMP_IRQHandler
                0x08001584                WWDG_IRQHandler
                0x08001584                LPUART1_IRQHandler
                0x08001584                DMA2_Channel6_IRQHandler
                0x08001584                TIM2_IRQHandler
                0x08001584                EXTI1_IRQHandler
                0x08001584                USART2_IRQHandler
                0x08001584                I2C2_ER_IRQHandler
                0x08001584                DMA1_Channel2_IRQHandler
                0x08001584                FLASH_IRQHandler
                0x08001584                USART1_IRQHandler
                0x08001584                I2C1_ER_IRQHandler
                0x08001584                LPTIM1_IRQHandler
                0x08001584                DMA2_Channel3_IRQHandler
                0x08001584                TIM1_BRK_TIM15_IRQHandler
 .text.HAL_Init
                0x08001586       0x30 ./Drivers/STM32L4xx_HAL_Driver/Src/stm32l4xx_hal.o
                0x08001586                HAL_Init
 *fill*         0x080015b6        0x2 
 .text.HAL_InitTick
                0x080015b8       0x78 ./Drivers/STM32L4xx_HAL_Driver/Src/stm32l4xx_hal.o
                0x080015b8                HAL_InitTick
 .text.HAL_IncTick
                0x08001630       0x28 ./Drivers/STM32L4xx_HAL_Driver/Src/stm32l4xx_hal.o
                0x08001630                HAL_IncTick
 .text.HAL_GetTick
                0x08001658       0x18 ./Drivers/STM32L4xx_HAL_Driver/Src/stm32l4xx_hal.o
                0x08001658                HAL_GetTick
 .text.HAL_Delay
                0x08001670       0x48 ./Drivers/STM32L4xx_HAL_Driver/Src/stm32l4xx_hal.o
                0x08001670                HAL_Delay
 .text.__NVIC_SetPriorityGrouping
                0x080016b8       0x48 ./Drivers/STM32L4xx_HAL_Driver/Src/stm32l4xx_hal_cortex.o
 .text.__NVIC_GetPriorityGrouping
                0x08001700       0x1c ./Drivers/STM32L4xx_HAL_Driver/Src/stm32l4xx_hal_cortex.o
 .text.__NVIC_EnableIRQ
                0x0800171c       0x3c ./Drivers/STM32L4xx_HAL_Driver/Src/stm32l4xx_hal_cortex.o
 .text.__NVIC_SetPriority
                0x08001758       0x54 ./Drivers/STM32L4xx_HAL_Driver/Src/stm32l4xx_hal_cortex.o
 .text.NVIC_EncodePriority
                0x080017ac       0x66 ./Drivers/STM32L4xx_HAL_Driver/Src/stm32l4xx_hal_cortex.o
 *fill*         0x08001812        0x2 
 .text.SysTick_Config
                0x08001814       0x44 ./Drivers/STM32L4xx_HAL_Driver/Src/stm32l4xx_hal_cortex.o
 .text.HAL_NVIC_SetPriorityGrouping
                0x08001858       0x16 ./Drivers/STM32L4xx_HAL_Driver/Src/stm32l4xx_hal_cortex.o
                0x08001858                HAL_NVIC_SetPriorityGrouping
 .text.HAL_NVIC_SetPriority
                0x0800186e       0x38 ./Drivers/STM32L4xx_HAL_Driver/Src/stm32l4xx_hal_cortex.o
                0x0800186e                HAL_NVIC_SetPriority
 .text.HAL_NVIC_EnableIRQ
                0x080018a6       0x1c ./Drivers/STM32L4xx_HAL_Driver/Src/stm32l4xx_hal_cortex.o
                0x080018a6                HAL_NVIC_EnableIRQ
 .text.HAL_SYSTICK_Config
                0x080018c2       0x18 ./Drivers/STM32L4xx_HAL_Driver/Src/stm32l4xx_hal_cortex.o
                0x080018c2                HAL_SYSTICK_Config
 *fill*         0x080018da        0x2 
 .text.HAL_DMA_Init
                0x080018dc      0x170 ./Drivers/STM32L4xx_HAL_Driver/Src/stm32l4xx_hal_dma.o
                0x080018dc                HAL_DMA_Init
 .text.HAL_DMA_Start_IT
                0x08001a4c       0xc0 ./Drivers/STM32L4xx_HAL_Driver/Src/stm32l4xx_hal_dma.o
                0x08001a4c                HAL_DMA_Start_IT
 .text.HAL_DMA_IRQHandler
                0x08001b0c      0x15e ./Drivers/STM32L4xx_HAL_Driver/Src/stm32l4xx_hal_dma.o
                0x08001b0c                HAL_DMA_IRQHandler
 .text.DMA_SetConfig
                0x08001c6a       0x60 ./Drivers/STM32L4xx_HAL_Driver/Src/stm32l4xx_hal_dma.o
 *fill*         0x08001cca        0x2 
 .text.HAL_GPIO_Init
                0x08001ccc      0x2e4 ./Drivers/STM32L4xx_HAL_Driver/Src/stm32l4xx_hal_gpio.o
                0x08001ccc                HAL_GPIO_Init
 .text.HAL_GPIO_WritePin
                0x08001fb0       0x30 ./Drivers/STM32L4xx_HAL_Driver/Src/stm32l4xx_hal_gpio.o
                0x08001fb0                HAL_GPIO_WritePin
 .text.HAL_PWREx_GetVoltageRange
                0x08001fe0       0x1c ./Drivers/STM32L4xx_HAL_Driver/Src/stm32l4xx_hal_pwr_ex.o
                0x08001fe0                HAL_PWREx_GetVoltageRange
 .text.HAL_PWREx_ControlVoltageScaling
                0x08001ffc       0xac ./Drivers/STM32L4xx_HAL_Driver/Src/stm32l4xx_hal_pwr_ex.o
                0x08001ffc                HAL_PWREx_ControlVoltageScaling
 .text.HAL_RCC_OscConfig
                0x080020a8      0x8c4 ./Drivers/STM32L4xx_HAL_Driver/Src/stm32l4xx_hal_rcc.o
                0x080020a8                HAL_RCC_OscConfig
 .text.HAL_RCC_ClockConfig
                0x0800296c      0x200 ./Drivers/STM32L4xx_HAL_Driver/Src/stm32l4xx_hal_rcc.o
                0x0800296c                HAL_RCC_ClockConfig
 .text.HAL_RCC_GetSysClockFreq
                0x08002b6c      0x118 ./Drivers/STM32L4xx_HAL_Driver/Src/stm32l4xx_hal_rcc.o
                0x08002b6c                HAL_RCC_GetSysClockFreq
 .text.HAL_RCC_GetHCLKFreq
                0x08002c84       0x18 ./Drivers/STM32L4xx_HAL_Driver/Src/stm32l4xx_hal_rcc.o
                0x08002c84                HAL_RCC_GetHCLKFreq
 .text.HAL_RCC_GetPCLK1Freq
                0x08002c9c       0x2c ./Drivers/STM32L4xx_HAL_Driver/Src/stm32l4xx_hal_rcc.o
                0x08002c9c                HAL_RCC_GetPCLK1Freq
 .text.HAL_RCC_GetPCLK2Freq
                0x08002cc8       0x2c ./Drivers/STM32L4xx_HAL_Driver/Src/stm32l4xx_hal_rcc.o
                0x08002cc8                HAL_RCC_GetPCLK2Freq
 .text.RCC_SetFlashLatencyFromMSIRange
                0x08002cf4       0xc0 ./Drivers/STM32L4xx_HAL_Driver/Src/stm32l4xx_hal_rcc.o
 .text.HAL_RCCEx_PeriphCLKConfig
                0x08002db4      0x30c ./Drivers/STM32L4xx_HAL_Driver/Src/stm32l4xx_hal_rcc_ex.o
                0x08002db4                HAL_RCCEx_PeriphCLKConfig
 .text.HAL_SPI_Init
                0x080030c0      0x146 ./Drivers/STM32L4xx_HAL_Driver/Src/stm32l4xx_hal_spi.o
                0x080030c0                HAL_SPI_Init
 .text.HAL_SPI_Transmit
                0x08003206      0x2ec ./Drivers/STM32L4xx_HAL_Driver/Src/stm32l4xx_hal_spi.o
                0x08003206                HAL_SPI_Transmit
 *fill*         0x080034f2        0x2 
 .text.HAL_SPI_Transmit_DMA
                0x080034f4      0x1dc ./Drivers/STM32L4xx_HAL_Driver/Src/stm32l4xx_hal_spi.o
                0x080034f4                HAL_SPI_Transmit_DMA
 .text.HAL_SPI_TxHalfCpltCallback
                0x080036d0       0x14 ./Drivers/STM32L4xx_HAL_Driver/Src/stm32l4xx_hal_spi.o
                0x080036d0                HAL_SPI_TxHalfCpltCallback
 .text.HAL_SPI_ErrorCallback
                0x080036e4       0x14 ./Drivers/STM32L4xx_HAL_Driver/Src/stm32l4xx_hal_spi.o
                0x080036e4                HAL_SPI_ErrorCallback
 .text.SPI_DMATransmitCplt
                0x080036f8       0xa6 ./Drivers/STM32L4xx_HAL_Driver/Src/stm32l4xx_hal_spi.o
 .text.SPI_DMAHalfTransmitCplt
                0x0800379e       0x1c ./Drivers/STM32L4xx_HAL_Driver/Src/stm32l4xx_hal_spi.o
 .text.SPI_DMAError
                0x080037ba       0x40 ./Drivers/STM32L4xx_HAL_Driver/Src/stm32l4xx_hal_spi.o
 *fill*         0x080037fa        0x2 
 .text.SPI_WaitFlagStateUntilTimeout
                0x080037fc      0x110 ./Drivers/STM32L4xx_HAL_Driver/Src/stm32l4xx_hal_spi.o
 .text.SPI_WaitFifoStateUntilTimeout
                0x0800390c      0x12c ./Drivers/STM32L4xx_HAL_Driver/Src/stm32l4xx_hal_spi.o
 .text.SPI_EndRxTxTransaction
                0x08003a38       0x8c ./Drivers/STM32L4xx_HAL_Driver/Src/stm32l4xx_hal_spi.o
 .text.HAL_UART_Init
                0x08003ac4       0x9c ./Drivers/STM32L4xx_HAL_Driver/Src/stm32l4xx_hal_uart.o
                0x08003ac4                HAL_UART_Init
 .text.UART_SetConfig
                0x08003b60      0x4b4 ./Drivers/STM32L4xx_HAL_Driver/Src/stm32l4xx_hal_uart.o
                0x08003b60                UART_SetConfig
 .text.UART_AdvFeatureConfig
                0x08004014      0x144 ./Drivers/STM32L4xx_HAL_Driver/Src/stm32l4xx_hal_uart.o
                0x08004014                UART_AdvFeatureConfig
 .text.UART_CheckIdleState
                0x08004158      0x150 ./Drivers/STM32L4xx_HAL_Driver/Src/stm32l4xx_hal_uart.o
                0x08004158                UART_CheckIdleState
 .text.UART_WaitOnFlagUntilTimeout
                0x080042a8       0xda ./Drivers/STM32L4xx_HAL_Driver/Src/stm32l4xx_hal_uart.o
                0x080042a8                UART_WaitOnFlagUntilTimeout
 .text.UART_EndRxTransfer
                0x08004382       0xc8 ./Drivers/STM32L4xx_HAL_Driver/Src/stm32l4xx_hal_uart.o
 .text.memset   0x0800444a       0x10 C:/ST/STM32CubeIDE_1.16.0/STM32CubeIDE/plugins/com.st.stm32cube.ide.mcu.externaltools.gnu-tools-for-stm32.12.3.rel1.win32_1.0.200.202406191623/tools/bin/../lib/gcc/arm-none-eabi/12.3.1/../../../../arm-none-eabi/lib/thumb/v7e-m+fp/hard\libc_nano.a(libc_a-memset.o)
                0x0800444a                memset
 *fill*         0x0800445a        0x2 
 .text.__libc_init_array
                0x0800445c       0x48 C:/ST/STM32CubeIDE_1.16.0/STM32CubeIDE/plugins/com.st.stm32cube.ide.mcu.externaltools.gnu-tools-for-stm32.12.3.rel1.win32_1.0.200.202406191623/tools/bin/../lib/gcc/arm-none-eabi/12.3.1/../../../../arm-none-eabi/lib/thumb/v7e-m+fp/hard\libc_nano.a(libc_a-init.o)
                0x0800445c                __libc_init_array
 *(.glue_7)
 .glue_7        0x080044a4        0x0 linker stubs
 *(.glue_7t)
 .glue_7t       0x080044a4        0x0 linker stubs
 *(.eh_frame)
 .eh_frame      0x080044a4        0x0 C:/ST/STM32CubeIDE_1.16.0/STM32CubeIDE/plugins/com.st.stm32cube.ide.mcu.externaltools.gnu-tools-for-stm32.12.3.rel1.win32_1.0.200.202406191623/tools/bin/../lib/gcc/arm-none-eabi/12.3.1/thumb/v7e-m+fp/hard/crtbegin.o
 *(.init)
 .init          0x080044a4        0x4 C:/ST/STM32CubeIDE_1.16.0/STM32CubeIDE/plugins/com.st.stm32cube.ide.mcu.externaltools.gnu-tools-for-stm32.12.3.rel1.win32_1.0.200.202406191623/tools/bin/../lib/gcc/arm-none-eabi/12.3.1/thumb/v7e-m+fp/hard/crti.o
                0x080044a4                _init
 .init          0x080044a8        0x8 C:/ST/STM32CubeIDE_1.16.0/STM32CubeIDE/plugins/com.st.stm32cube.ide.mcu.externaltools.gnu-tools-for-stm32.12.3.rel1.win32_1.0.200.202406191623/tools/bin/../lib/gcc/arm-none-eabi/12.3.1/thumb/v7e-m+fp/hard/crtn.o
 *(.fini)
 .fini          0x080044b0        0x4 C:/ST/STM32CubeIDE_1.16.0/STM32CubeIDE/plugins/com.st.stm32cube.ide.mcu.externaltools.gnu-tools-for-stm32.12.3.rel1.win32_1.0.200.202406191623/tools/bin/../lib/gcc/arm-none-eabi/12.3.1/thumb/v7e-m+fp/hard/crti.o
                0x080044b0                _fini
 .fini          0x080044b4        0x8 C:/ST/STM32CubeIDE_1.16.0/STM32CubeIDE/plugins/com.st.stm32cube.ide.mcu.externaltools.gnu-tools-for-stm32.12.3.rel1.win32_1.0.200.202406191623/tools/bin/../lib/gcc/arm-none-eabi/12.3.1/thumb/v7e-m+fp/hard/crtn.o
                0x080044bc                        . = ALIGN (0x4)
                0x080044bc                        _etext = .

.vfp11_veneer   0x080044bc        0x0
 .vfp11_veneer  0x080044bc        0x0 linker stubs

.v4_bx          0x080044bc        0x0
 .v4_bx         0x080044bc        0x0 linker stubs

.iplt           0x080044bc        0x0
 .iplt          0x080044bc        0x0 C:/ST/STM32CubeIDE_1.16.0/STM32CubeIDE/plugins/com.st.stm32cube.ide.mcu.externaltools.gnu-tools-for-stm32.12.3.rel1.win32_1.0.200.202406191623/tools/bin/../lib/gcc/arm-none-eabi/12.3.1/thumb/v7e-m+fp/hard/crtbegin.o

.rodata         0x080044bc      0x23c
                0x080044bc                        . = ALIGN (0x4)
 *(.rodata)
 .rodata        0x080044bc       0x12 ./Core/Src/cpp_main.o
 *(.rodata*)
 *fill*         0x080044ce        0x2 
 .rodata._ZL8font_8x5
                0x080044d0      0x1dd ./Core/Src/cpp_main.o
 *fill*         0x080046ad        0x3 
 .rodata.AHBPrescTable
                0x080046b0       0x10 ./Core/Src/system_stm32l4xx.o
                0x080046b0                AHBPrescTable
 .rodata.APBPrescTable
                0x080046c0        0x8 ./Core/Src/system_stm32l4xx.o
                0x080046c0                APBPrescTable
 .rodata.MSIRangeTable
                0x080046c8       0x30 ./Core/Src/system_stm32l4xx.o
                0x080046c8                MSIRangeTable
                0x080046f8                        . = ALIGN (0x4)

.ARM.extab      0x080046f8        0x0
                0x080046f8                        . = ALIGN (0x4)
 *(.ARM.extab* .gnu.linkonce.armextab.*)
                0x080046f8                        . = ALIGN (0x4)

.ARM            0x080046f8        0x8
                0x080046f8                        . = ALIGN (0x4)
                0x080046f8                        __exidx_start = .
 *(.ARM.exidx*)
 .ARM.exidx     0x080046f8        0x8 C:/ST/STM32CubeIDE_1.16.0/STM32CubeIDE/plugins/com.st.stm32cube.ide.mcu.externaltools.gnu-tools-for-stm32.12.3.rel1.win32_1.0.200.202406191623/tools/bin/../lib/gcc/arm-none-eabi/12.3.1/thumb/v7e-m+fp/hard\libgcc.a(_udivmoddi4.o)
                0x08004700                        __exidx_end = .
                0x08004700                        . = ALIGN (0x4)

.preinit_array  0x08004700        0x0
                0x08004700                        . = ALIGN (0x4)
                0x08004700                        PROVIDE (__preinit_array_start = .)
 *(.preinit_array*)
                0x08004700                        PROVIDE (__preinit_array_end = .)
                0x08004700                        . = ALIGN (0x4)

.init_array     0x08004700        0x4
                0x08004700                        . = ALIGN (0x4)
                0x08004700                        PROVIDE (__init_array_start = .)
 *(SORT_BY_NAME(.init_array.*))
 *(.init_array*)
 .init_array    0x08004700        0x4 C:/ST/STM32CubeIDE_1.16.0/STM32CubeIDE/plugins/com.st.stm32cube.ide.mcu.externaltools.gnu-tools-for-stm32.12.3.rel1.win32_1.0.200.202406191623/tools/bin/../lib/gcc/arm-none-eabi/12.3.1/thumb/v7e-m+fp/hard/crtbegin.o
                0x08004704                        PROVIDE (__init_array_end = .)
                0x08004704                        . = ALIGN (0x4)

.fini_array     0x08004704        0x4
                0x08004704                        . = ALIGN (0x4)
                [!provide]                        PROVIDE (__fini_array_start = .)
 *(SORT_BY_NAME(.fini_array.*))
 *(.fini_array*)
 .fini_array    0x08004704        0x4 C:/ST/STM32CubeIDE_1.16.0/STM32CubeIDE/plugins/com.st.stm32cube.ide.mcu.externaltools.gnu-tools-for-stm32.12.3.rel1.win32_1.0.200.202406191623/tools/bin/../lib/gcc/arm-none-eabi/12.3.1/thumb/v7e-m+fp/hard/crtbegin.o
                [!provide]                        PROVIDE (__fini_array_end = .)
                0x08004708                        . = ALIGN (0x4)
                0x08004708                        _sidata = LOADADDR (.data)

.rel.dyn        0x08004708        0x0
 .rel.iplt      0x08004708        0x0 C:/ST/STM32CubeIDE_1.16.0/STM32CubeIDE/plugins/com.st.stm32cube.ide.mcu.externaltools.gnu-tools-for-stm32.12.3.rel1.win32_1.0.200.202406191623/tools/bin/../lib/gcc/arm-none-eabi/12.3.1/thumb/v7e-m+fp/hard/crtbegin.o

.data           0x20000000       0x10 load address 0x08004708
                0x20000000                        . = ALIGN (0x4)
                0x20000000                        _sdata = .
 *(.data)
 *(.data*)
 .data.size     0x20000000        0x1 ./Core/Src/GFX_BW.o
                0x20000000                size
 *fill*         0x20000001        0x1 
 .data.rotat_90
                0x20000002        0x2 ./Core/Src/OLED_SSD1306.o
                0x20000002                rotat_90
 .data.SystemCoreClock
                0x20000004        0x4 ./Core/Src/system_stm32l4xx.o
                0x20000004                SystemCoreClock
 .data.uwTickPrio
                0x20000008        0x4 ./Drivers/STM32L4xx_HAL_Driver/Src/stm32l4xx_hal.o
                0x20000008                uwTickPrio
 .data.uwTickFreq
                0x2000000c        0x1 ./Drivers/STM32L4xx_HAL_Driver/Src/stm32l4xx_hal.o
                0x2000000c                uwTickFreq
 *(.RamFunc)
 *(.RamFunc*)
                0x20000010                        . = ALIGN (0x4)
 *fill*         0x2000000d        0x3 
                0x20000010                        _edata = .

.igot.plt       0x20000010        0x0 load address 0x08004718
 .igot.plt      0x20000010        0x0 C:/ST/STM32CubeIDE_1.16.0/STM32CubeIDE/plugins/com.st.stm32cube.ide.mcu.externaltools.gnu-tools-for-stm32.12.3.rel1.win32_1.0.200.202406191623/tools/bin/../lib/gcc/arm-none-eabi/12.3.1/thumb/v7e-m+fp/hard/crtbegin.o
                0x20000010                        . = ALIGN (0x4)

.bss            0x20000010      0xa00 load address 0x08004718
                0x20000010                        _sbss = .
                0x20000010                        __bss_start__ = _sbss
 *(.bss)
 .bss           0x20000010       0x1c C:/ST/STM32CubeIDE_1.16.0/STM32CubeIDE/plugins/com.st.stm32cube.ide.mcu.externaltools.gnu-tools-for-stm32.12.3.rel1.win32_1.0.200.202406191623/tools/bin/../lib/gcc/arm-none-eabi/12.3.1/thumb/v7e-m+fp/hard/crtbegin.o
 *(.bss*)
 .bss.font      0x2000002c        0x4 ./Core/Src/GFX_BW.o
                0x2000002c                font
 .bss.ssd1306_spi
                0x20000030        0x4 ./Core/Src/OLED_SSD1306.o
                0x20000030                ssd1306_spi
 .bss.currentOLED
                0x20000034        0x4 ./Core/Src/OLED_SSD1306.o
                0x20000034                currentOLED
 .bss.oled1     0x20000038      0x40c ./Core/Src/cpp_main.o
                0x20000038                oled1
 .bss.oled2     0x20000444      0x40c ./Core/Src/cpp_main.o
                0x20000444                oled2
 .bss.hspi1     0x20000850       0x64 ./Core/Src/spi.o
                0x20000850                hspi1
 .bss.hdma_spi1_tx
                0x200008b4       0x48 ./Core/Src/spi.o
                0x200008b4                hdma_spi1_tx
 .bss.huart1    0x200008fc       0x88 ./Core/Src/usart.o
                0x200008fc                huart1
 .bss.huart2    0x20000984       0x88 ./Core/Src/usart.o
                0x20000984                huart2
 .bss.uwTick    0x20000a0c        0x4 ./Drivers/STM32L4xx_HAL_Driver/Src/stm32l4xx_hal.o
                0x20000a0c                uwTick
 *(COMMON)
                0x20000a10                        . = ALIGN (0x4)
                0x20000a10                        _ebss = .
                0x20000a10                        __bss_end__ = _ebss

._user_heap_stack
                0x20000a10      0x600 load address 0x08004718
                0x20000a10                        . = ALIGN (0x8)
                [!provide]                        PROVIDE (end = .)
                0x20000a10                        PROVIDE (_end = .)
                0x20000c10                        . = (. + _Min_Heap_Size)
 *fill*         0x20000a10      0x200 
                0x20001010                        . = (. + _Min_Stack_Size)
 *fill*         0x20000c10      0x400 
                0x20001010                        . = ALIGN (0x8)

/DISCARD/
 libc.a(*)
 libm.a(*)
 libgcc.a(*)

.ARM.attributes
                0x00000000       0x30
 *(.ARM.attributes)
 .ARM.attributes
                0x00000000       0x22 C:/ST/STM32CubeIDE_1.16.0/STM32CubeIDE/plugins/com.st.stm32cube.ide.mcu.externaltools.gnu-tools-for-stm32.12.3.rel1.win32_1.0.200.202406191623/tools/bin/../lib/gcc/arm-none-eabi/12.3.1/thumb/v7e-m+fp/hard/crti.o
 .ARM.attributes
                0x00000022       0x34 C:/ST/STM32CubeIDE_1.16.0/STM32CubeIDE/plugins/com.st.stm32cube.ide.mcu.externaltools.gnu-tools-for-stm32.12.3.rel1.win32_1.0.200.202406191623/tools/bin/../lib/gcc/arm-none-eabi/12.3.1/thumb/v7e-m+fp/hard/crtbegin.o
 .ARM.attributes
                0x00000056       0x34 ./Core/Src/GFX_BW.o
 .ARM.attributes
                0x0000008a       0x34 ./Core/Src/OLED_SSD1306.o
 .ARM.attributes
                0x000000be       0x34 ./Core/Src/cpp_main.o
 .ARM.attributes
                0x000000f2       0x34 ./Core/Src/dma.o
 .ARM.attributes
                0x00000126       0x34 ./Core/Src/gpio.o
 .ARM.attributes
                0x0000015a       0x34 ./Core/Src/main.o
 .ARM.attributes
                0x0000018e       0x34 ./Core/Src/spi.o
 .ARM.attributes
                0x000001c2       0x34 ./Core/Src/stm32l4xx_hal_msp.o
 .ARM.attributes
                0x000001f6       0x34 ./Core/Src/stm32l4xx_it.o
 .ARM.attributes
                0x0000022a       0x34 ./Core/Src/system_stm32l4xx.o
 .ARM.attributes
                0x0000025e       0x34 ./Core/Src/usart.o
 .ARM.attributes
                0x00000292       0x21 ./Core/Startup/startup_stm32l412kbux.o
 .ARM.attributes
                0x000002b3       0x34 ./Drivers/STM32L4xx_HAL_Driver/Src/stm32l4xx_hal.o
 .ARM.attributes
                0x000002e7       0x34 ./Drivers/STM32L4xx_HAL_Driver/Src/stm32l4xx_hal_cortex.o
 .ARM.attributes
                0x0000031b       0x34 ./Drivers/STM32L4xx_HAL_Driver/Src/stm32l4xx_hal_dma.o
 .ARM.attributes
                0x0000034f       0x34 ./Drivers/STM32L4xx_HAL_Driver/Src/stm32l4xx_hal_gpio.o
 .ARM.attributes
                0x00000383       0x34 ./Drivers/STM32L4xx_HAL_Driver/Src/stm32l4xx_hal_pwr_ex.o
 .ARM.attributes
                0x000003b7       0x34 ./Drivers/STM32L4xx_HAL_Driver/Src/stm32l4xx_hal_rcc.o
 .ARM.attributes
                0x000003eb       0x34 ./Drivers/STM32L4xx_HAL_Driver/Src/stm32l4xx_hal_rcc_ex.o
 .ARM.attributes
                0x0000041f       0x34 ./Drivers/STM32L4xx_HAL_Driver/Src/stm32l4xx_hal_spi.o
 .ARM.attributes
                0x00000453       0x34 ./Drivers/STM32L4xx_HAL_Driver/Src/stm32l4xx_hal_uart.o
 .ARM.attributes
                0x00000487       0x34 C:/ST/STM32CubeIDE_1.16.0/STM32CubeIDE/plugins/com.st.stm32cube.ide.mcu.externaltools.gnu-tools-for-stm32.12.3.rel1.win32_1.0.200.202406191623/tools/bin/../lib/gcc/arm-none-eabi/12.3.1/../../../../arm-none-eabi/lib/thumb/v7e-m+fp/hard\libc_nano.a(libc_a-memset.o)
 .ARM.attributes
                0x000004bb       0x34 C:/ST/STM32CubeIDE_1.16.0/STM32CubeIDE/plugins/com.st.stm32cube.ide.mcu.externaltools.gnu-tools-for-stm32.12.3.rel1.win32_1.0.200.202406191623/tools/bin/../lib/gcc/arm-none-eabi/12.3.1/../../../../arm-none-eabi/lib/thumb/v7e-m+fp/hard\libc_nano.a(libc_a-init.o)
 .ARM.attributes
                0x000004ef       0x22 C:/ST/STM32CubeIDE_1.16.0/STM32CubeIDE/plugins/com.st.stm32cube.ide.mcu.externaltools.gnu-tools-for-stm32.12.3.rel1.win32_1.0.200.202406191623/tools/bin/../lib/gcc/arm-none-eabi/12.3.1/thumb/v7e-m+fp/hard\libgcc.a(_aeabi_uldivmod.o)
 .ARM.attributes
                0x00000511       0x34 C:/ST/STM32CubeIDE_1.16.0/STM32CubeIDE/plugins/com.st.stm32cube.ide.mcu.externaltools.gnu-tools-for-stm32.12.3.rel1.win32_1.0.200.202406191623/tools/bin/../lib/gcc/arm-none-eabi/12.3.1/thumb/v7e-m+fp/hard\libgcc.a(_udivmoddi4.o)
 .ARM.attributes
                0x00000545       0x22 C:/ST/STM32CubeIDE_1.16.0/STM32CubeIDE/plugins/com.st.stm32cube.ide.mcu.externaltools.gnu-tools-for-stm32.12.3.rel1.win32_1.0.200.202406191623/tools/bin/../lib/gcc/arm-none-eabi/12.3.1/thumb/v7e-m+fp/hard\libgcc.a(_dvmd_tls.o)
 .ARM.attributes
                0x00000567       0x22 C:/ST/STM32CubeIDE_1.16.0/STM32CubeIDE/plugins/com.st.stm32cube.ide.mcu.externaltools.gnu-tools-for-stm32.12.3.rel1.win32_1.0.200.202406191623/tools/bin/../lib/gcc/arm-none-eabi/12.3.1/thumb/v7e-m+fp/hard/crtn.o
OUTPUT(Perc_module_frontend.elf elf32-littlearm)
LOAD linker stubs
LOAD C:/ST/STM32CubeIDE_1.16.0/STM32CubeIDE/plugins/com.st.stm32cube.ide.mcu.externaltools.gnu-tools-for-stm32.12.3.rel1.win32_1.0.200.202406191623/tools/bin/../lib/gcc/arm-none-eabi/12.3.1/../../../../arm-none-eabi/lib/thumb/v7e-m+fp/hard\libc.a
LOAD C:/ST/STM32CubeIDE_1.16.0/STM32CubeIDE/plugins/com.st.stm32cube.ide.mcu.externaltools.gnu-tools-for-stm32.12.3.rel1.win32_1.0.200.202406191623/tools/bin/../lib/gcc/arm-none-eabi/12.3.1/../../../../arm-none-eabi/lib/thumb/v7e-m+fp/hard\libm.a
LOAD C:/ST/STM32CubeIDE_1.16.0/STM32CubeIDE/plugins/com.st.stm32cube.ide.mcu.externaltools.gnu-tools-for-stm32.12.3.rel1.win32_1.0.200.202406191623/tools/bin/../lib/gcc/arm-none-eabi/12.3.1/thumb/v7e-m+fp/hard\libgcc.a

.debug_info     0x00000000    0x147a0
 .debug_info    0x00000000      0xbc4 ./Core/Src/GFX_BW.o
 .debug_info    0x00000bc4      0xc2b ./Core/Src/OLED_SSD1306.o
 .debug_info    0x000017ef     0x6416 ./Core/Src/cpp_main.o
 .debug_info    0x00007c05      0x479 ./Core/Src/dma.o
 .debug_info    0x0000807e      0x43b ./Core/Src/gpio.o
 .debug_info    0x000084b9      0x941 ./Core/Src/main.o
 .debug_info    0x00008dfa      0x9c2 ./Core/Src/spi.o
 .debug_info    0x000097bc      0x2c5 ./Core/Src/stm32l4xx_hal_msp.o
 .debug_info    0x00009a81      0x36a ./Core/Src/stm32l4xx_it.o
 .debug_info    0x00009deb      0x5bf ./Core/Src/system_stm32l4xx.o
 .debug_info    0x0000a3aa      0xc20 ./Core/Src/usart.o
 .debug_info    0x0000afca       0x30 ./Core/Startup/startup_stm32l412kbux.o
 .debug_info    0x0000affa      0x984 ./Drivers/STM32L4xx_HAL_Driver/Src/stm32l4xx_hal.o
 .debug_info    0x0000b97e      0xceb ./Drivers/STM32L4xx_HAL_Driver/Src/stm32l4xx_hal_cortex.o
 .debug_info    0x0000c669      0x6f4 ./Drivers/STM32L4xx_HAL_Driver/Src/stm32l4xx_hal_dma.o
 .debug_info    0x0000cd5d      0x757 ./Drivers/STM32L4xx_HAL_Driver/Src/stm32l4xx_hal_gpio.o
 .debug_info    0x0000d4b4      0x968 ./Drivers/STM32L4xx_HAL_Driver/Src/stm32l4xx_hal_pwr_ex.o
 .debug_info    0x0000de1c      0xbe0 ./Drivers/STM32L4xx_HAL_Driver/Src/stm32l4xx_hal_rcc.o
 .debug_info    0x0000e9fc      0xce4 ./Drivers/STM32L4xx_HAL_Driver/Src/stm32l4xx_hal_rcc_ex.o
 .debug_info    0x0000f6e0     0x1549 ./Drivers/STM32L4xx_HAL_Driver/Src/stm32l4xx_hal_spi.o
 .debug_info    0x00010c29     0x3b77 ./Drivers/STM32L4xx_HAL_Driver/Src/stm32l4xx_hal_uart.o

.debug_abbrev   0x00000000     0x2c91
 .debug_abbrev  0x00000000      0x1ab ./Core/Src/GFX_BW.o
 .debug_abbrev  0x000001ab      0x2c6 ./Core/Src/OLED_SSD1306.o
 .debug_abbrev  0x00000471      0x685 ./Core/Src/cpp_main.o
 .debug_abbrev  0x00000af6       0xfc ./Core/Src/dma.o
 .debug_abbrev  0x00000bf2      0x152 ./Core/Src/gpio.o
 .debug_abbrev  0x00000d44      0x245 ./Core/Src/main.o
 .debug_abbrev  0x00000f89      0x20e ./Core/Src/spi.o
 .debug_abbrev  0x00001197       0xc6 ./Core/Src/stm32l4xx_hal_msp.o
 .debug_abbrev  0x0000125d      0x16e ./Core/Src/stm32l4xx_it.o
 .debug_abbrev  0x000013cb      0x11a ./Core/Src/system_stm32l4xx.o
 .debug_abbrev  0x000014e5      0x1fb ./Core/Src/usart.o
 .debug_abbrev  0x000016e0       0x24 ./Core/Startup/startup_stm32l412kbux.o
 .debug_abbrev  0x00001704      0x256 ./Drivers/STM32L4xx_HAL_Driver/Src/stm32l4xx_hal.o
 .debug_abbrev  0x0000195a      0x31c ./Drivers/STM32L4xx_HAL_Driver/Src/stm32l4xx_hal_cortex.o
 .debug_abbrev  0x00001c76      0x1e4 ./Drivers/STM32L4xx_HAL_Driver/Src/stm32l4xx_hal_dma.o
 .debug_abbrev  0x00001e5a      0x1cb ./Drivers/STM32L4xx_HAL_Driver/Src/stm32l4xx_hal_gpio.o
 .debug_abbrev  0x00002025      0x1f9 ./Drivers/STM32L4xx_HAL_Driver/Src/stm32l4xx_hal_pwr_ex.o
 .debug_abbrev  0x0000221e      0x2d6 ./Drivers/STM32L4xx_HAL_Driver/Src/stm32l4xx_hal_rcc.o
 .debug_abbrev  0x000024f4      0x26d ./Drivers/STM32L4xx_HAL_Driver/Src/stm32l4xx_hal_rcc_ex.o
 .debug_abbrev  0x00002761      0x260 ./Drivers/STM32L4xx_HAL_Driver/Src/stm32l4xx_hal_spi.o
 .debug_abbrev  0x000029c1      0x2d0 ./Drivers/STM32L4xx_HAL_Driver/Src/stm32l4xx_hal_uart.o

.debug_aranges  0x00000000      0xd60
 .debug_aranges
                0x00000000       0xc8 ./Core/Src/GFX_BW.o
 .debug_aranges
                0x000000c8       0xf8 ./Core/Src/OLED_SSD1306.o
 .debug_aranges
                0x000001c0       0x38 ./Core/Src/cpp_main.o
 .debug_aranges
                0x000001f8       0x20 ./Core/Src/dma.o
 .debug_aranges
                0x00000218       0x20 ./Core/Src/gpio.o
 .debug_aranges
                0x00000238       0x38 ./Core/Src/main.o
 .debug_aranges
                0x00000270       0x30 ./Core/Src/spi.o
 .debug_aranges
                0x000002a0       0x20 ./Core/Src/stm32l4xx_hal_msp.o
 .debug_aranges
                0x000002c0       0x68 ./Core/Src/stm32l4xx_it.o
 .debug_aranges
                0x00000328       0x28 ./Core/Src/system_stm32l4xx.o
 .debug_aranges
                0x00000350       0x38 ./Core/Src/usart.o
 .debug_aranges
                0x00000388       0x28 ./Core/Startup/startup_stm32l412kbux.o
 .debug_aranges
                0x000003b0      0x108 ./Drivers/STM32L4xx_HAL_Driver/Src/stm32l4xx_hal.o
 .debug_aranges
                0x000004b8      0x128 ./Drivers/STM32L4xx_HAL_Driver/Src/stm32l4xx_hal_cortex.o
 .debug_aranges
                0x000005e0       0x80 ./Drivers/STM32L4xx_HAL_Driver/Src/stm32l4xx_hal_dma.o
 .debug_aranges
                0x00000660       0x58 ./Drivers/STM32L4xx_HAL_Driver/Src/stm32l4xx_hal_gpio.o
 .debug_aranges
                0x000006b8      0x148 ./Drivers/STM32L4xx_HAL_Driver/Src/stm32l4xx_hal_pwr_ex.o
 .debug_aranges
                0x00000800       0x90 ./Drivers/STM32L4xx_HAL_Driver/Src/stm32l4xx_hal_rcc.o
 .debug_aranges
                0x00000890       0xd0 ./Drivers/STM32L4xx_HAL_Driver/Src/stm32l4xx_hal_rcc_ex.o
 .debug_aranges
                0x00000960      0x1d8 ./Drivers/STM32L4xx_HAL_Driver/Src/stm32l4xx_hal_spi.o
 .debug_aranges
                0x00000b38      0x228 ./Drivers/STM32L4xx_HAL_Driver/Src/stm32l4xx_hal_uart.o

.debug_rnglists
                0x00000000      0xa3f
 .debug_rnglists
                0x00000000       0x9c ./Core/Src/GFX_BW.o
 .debug_rnglists
                0x0000009c       0xc6 ./Core/Src/OLED_SSD1306.o
 .debug_rnglists
                0x00000162       0x27 ./Core/Src/cpp_main.o
 .debug_rnglists
                0x00000189       0x13 ./Core/Src/dma.o
 .debug_rnglists
                0x0000019c       0x14 ./Core/Src/gpio.o
 .debug_rnglists
                0x000001b0       0x26 ./Core/Src/main.o
 .debug_rnglists
                0x000001d6       0x20 ./Core/Src/spi.o
 .debug_rnglists
                0x000001f6       0x13 ./Core/Src/stm32l4xx_hal_msp.o
 .debug_rnglists
                0x00000209       0x49 ./Core/Src/stm32l4xx_it.o
 .debug_rnglists
                0x00000252       0x1a ./Core/Src/system_stm32l4xx.o
 .debug_rnglists
                0x0000026c       0x26 ./Core/Src/usart.o
 .debug_rnglists
                0x00000292       0x19 ./Core/Startup/startup_stm32l412kbux.o
 .debug_rnglists
                0x000002ab       0xc1 ./Drivers/STM32L4xx_HAL_Driver/Src/stm32l4xx_hal.o
 .debug_rnglists
                0x0000036c       0xda ./Drivers/STM32L4xx_HAL_Driver/Src/stm32l4xx_hal_cortex.o
 .debug_rnglists
                0x00000446       0x64 ./Drivers/STM32L4xx_HAL_Driver/Src/stm32l4xx_hal_dma.o
 .debug_rnglists
                0x000004aa       0x3f ./Drivers/STM32L4xx_HAL_Driver/Src/stm32l4xx_hal_gpio.o
 .debug_rnglists
                0x000004e9       0xf7 ./Drivers/STM32L4xx_HAL_Driver/Src/stm32l4xx_hal_pwr_ex.o
 .debug_rnglists
                0x000005e0       0x6d ./Drivers/STM32L4xx_HAL_Driver/Src/stm32l4xx_hal_rcc.o
 .debug_rnglists
                0x0000064d       0x9f ./Drivers/STM32L4xx_HAL_Driver/Src/stm32l4xx_hal_rcc_ex.o
 .debug_rnglists
                0x000006ec      0x178 ./Drivers/STM32L4xx_HAL_Driver/Src/stm32l4xx_hal_spi.o
 .debug_rnglists
                0x00000864      0x1db ./Drivers/STM32L4xx_HAL_Driver/Src/stm32l4xx_hal_uart.o

.debug_macro    0x00000000    0x1e557
 .debug_macro   0x00000000      0x2c2 ./Core/Src/GFX_BW.o
 .debug_macro   0x000002c2      0xab4 ./Core/Src/GFX_BW.o
 .debug_macro   0x00000d76      0x1a7 ./Core/Src/GFX_BW.o
 .debug_macro   0x00000f1d       0x2e ./Core/Src/GFX_BW.o
 .debug_macro   0x00000f4b       0x28 ./Core/Src/GFX_BW.o
 .debug_macro   0x00000f73       0x22 ./Core/Src/GFX_BW.o
 .debug_macro   0x00000f95       0x8e ./Core/Src/GFX_BW.o
 .debug_macro   0x00001023       0x51 ./Core/Src/GFX_BW.o
 .debug_macro   0x00001074      0x103 ./Core/Src/GFX_BW.o
 .debug_macro   0x00001177       0x6a ./Core/Src/GFX_BW.o
 .debug_macro   0x000011e1      0x1df ./Core/Src/GFX_BW.o
 .debug_macro   0x000013c0       0x1c ./Core/Src/GFX_BW.o
 .debug_macro   0x000013dc       0x22 ./Core/Src/GFX_BW.o
 .debug_macro   0x000013fe       0xfb ./Core/Src/GFX_BW.o
 .debug_macro   0x000014f9     0x1011 ./Core/Src/GFX_BW.o
 .debug_macro   0x0000250a      0x11f ./Core/Src/GFX_BW.o
 .debug_macro   0x00002629     0xe4b1 ./Core/Src/GFX_BW.o
 .debug_macro   0x00010ada       0x6d ./Core/Src/GFX_BW.o
 .debug_macro   0x00010b47     0x38f4 ./Core/Src/GFX_BW.o
 .debug_macro   0x0001443b      0x189 ./Core/Src/GFX_BW.o
 .debug_macro   0x000145c4       0x5c ./Core/Src/GFX_BW.o
 .debug_macro   0x00014620     0x105e ./Core/Src/GFX_BW.o
 .debug_macro   0x0001567e      0x49b ./Core/Src/GFX_BW.o
 .debug_macro   0x00015b19      0x1b9 ./Core/Src/GFX_BW.o
 .debug_macro   0x00015cd2       0xd7 ./Core/Src/GFX_BW.o
 .debug_macro   0x00015da9      0x26b ./Core/Src/GFX_BW.o
 .debug_macro   0x00016014      0x23d ./Core/Src/GFX_BW.o
 .debug_macro   0x00016251      0x21c ./Core/Src/GFX_BW.o
 .debug_macro   0x0001646d      0x375 ./Core/Src/GFX_BW.o
 .debug_macro   0x000167e2       0xd6 ./Core/Src/GFX_BW.o
 .debug_macro   0x000168b8      0x122 ./Core/Src/GFX_BW.o
 .debug_macro   0x000169da      0x364 ./Core/Src/GFX_BW.o
 .debug_macro   0x00016d3e      0x2fe ./Core/Src/GFX_BW.o
 .debug_macro   0x0001703c      0x5cf ./Core/Src/GFX_BW.o
 .debug_macro   0x0001760b       0x44 ./Core/Src/GFX_BW.o
 .debug_macro   0x0001764f      0x220 ./Core/Src/GFX_BW.o
 .debug_macro   0x0001786f       0x88 ./Core/Src/GFX_BW.o
 .debug_macro   0x000178f7       0x22 ./Core/Src/GFX_BW.o
 .debug_macro   0x00017919      0x10c ./Core/Src/GFX_BW.o
 .debug_macro   0x00017a25       0x8e ./Core/Src/GFX_BW.o
 .debug_macro   0x00017ab3       0x2a ./Core/Src/GFX_BW.o
 .debug_macro   0x00017add       0x61 ./Core/Src/GFX_BW.o
 .debug_macro   0x00017b3e       0x43 ./Core/Src/GFX_BW.o
 .debug_macro   0x00017b81       0x34 ./Core/Src/GFX_BW.o
 .debug_macro   0x00017bb5       0x16 ./Core/Src/GFX_BW.o
 .debug_macro   0x00017bcb       0x35 ./Core/Src/GFX_BW.o
 .debug_macro   0x00017c00       0x16 ./Core/Src/GFX_BW.o
 .debug_macro   0x00017c16       0x43 ./Core/Src/GFX_BW.o
 .debug_macro   0x00017c59       0x34 ./Core/Src/GFX_BW.o
 .debug_macro   0x00017c8d       0x10 ./Core/Src/GFX_BW.o
 .debug_macro   0x00017c9d       0x58 ./Core/Src/GFX_BW.o
 .debug_macro   0x00017cf5       0x8e ./Core/Src/GFX_BW.o
 .debug_macro   0x00017d83       0x1c ./Core/Src/GFX_BW.o
 .debug_macro   0x00017d9f      0x177 ./Core/Src/GFX_BW.o
 .debug_macro   0x00017f16      0x369 ./Core/Src/GFX_BW.o
 .debug_macro   0x0001827f       0x16 ./Core/Src/GFX_BW.o
 .debug_macro   0x00018295       0x29 ./Core/Src/GFX_BW.o
 .debug_macro   0x000182be      0x2cd ./Core/Src/OLED_SSD1306.o
 .debug_macro   0x0001858b       0x10 ./Core/Src/OLED_SSD1306.o
 .debug_macro   0x0001859b       0x20 ./Core/Src/OLED_SSD1306.o
 .debug_macro   0x000185bb      0x6a0 ./Core/Src/cpp_main.o
 .debug_macro   0x00018c5b      0xb8c ./Core/Src/cpp_main.o
 .debug_macro   0x000197e7       0x1c ./Core/Src/cpp_main.o
 .debug_macro   0x00019803     0x1011 ./Core/Src/cpp_main.o
 .debug_macro   0x0001a814      0x190 ./Core/Src/cpp_main.o
 .debug_macro   0x0001a9a4       0x34 ./Core/Src/cpp_main.o
 .debug_macro   0x0001a9d8       0x16 ./Core/Src/cpp_main.o
 .debug_macro   0x0001a9ee       0x35 ./Core/Src/cpp_main.o
 .debug_macro   0x0001aa23      0x38c ./Core/Src/cpp_main.o
 .debug_macro   0x0001adaf       0x10 ./Core/Src/cpp_main.o
 .debug_macro   0x0001adbf       0x43 ./Core/Src/cpp_main.o
 .debug_macro   0x0001ae02       0x16 ./Core/Src/cpp_main.o
 .debug_macro   0x0001ae18       0x16 ./Core/Src/cpp_main.o
 .debug_macro   0x0001ae2e       0x16 ./Core/Src/cpp_main.o
 .debug_macro   0x0001ae44      0x138 ./Core/Src/cpp_main.o
 .debug_macro   0x0001af7c      0x1d6 ./Core/Src/cpp_main.o
 .debug_macro   0x0001b152       0x10 ./Core/Src/cpp_main.o
 .debug_macro   0x0001b162      0x417 ./Core/Src/cpp_main.o
 .debug_macro   0x0001b579       0x10 ./Core/Src/cpp_main.o
 .debug_macro   0x0001b589       0x1c ./Core/Src/cpp_main.o
 .debug_macro   0x0001b5a5       0xde ./Core/Src/cpp_main.o
 .debug_macro   0x0001b683       0x16 ./Core/Src/cpp_main.o
 .debug_macro   0x0001b699       0x16 ./Core/Src/cpp_main.o
 .debug_macro   0x0001b6af       0x10 ./Core/Src/cpp_main.o
 .debug_macro   0x0001b6bf       0x18 ./Core/Src/cpp_main.o
 .debug_macro   0x0001b6d7      0x194 ./Core/Src/cpp_main.o
 .debug_macro   0x0001b86b      0x3cd ./Core/Src/cpp_main.o
 .debug_macro   0x0001bc38       0x22 ./Core/Src/cpp_main.o
 .debug_macro   0x0001bc5a       0x3c ./Core/Src/cpp_main.o
 .debug_macro   0x0001bc96       0x2c ./Core/Src/cpp_main.o
 .debug_macro   0x0001bcc2      0x173 ./Core/Src/cpp_main.o
 .debug_macro   0x0001be35       0x41 ./Core/Src/cpp_main.o
 .debug_macro   0x0001be76       0x1c ./Core/Src/cpp_main.o
 .debug_macro   0x0001be92       0x1f ./Core/Src/cpp_main.o
 .debug_macro   0x0001beb1       0x2c ./Core/Src/cpp_main.o
 .debug_macro   0x0001bedd       0x11 ./Core/Src/cpp_main.o
 .debug_macro   0x0001beee       0x10 ./Core/Src/cpp_main.o
 .debug_macro   0x0001befe       0x5e ./Core/Src/cpp_main.o
 .debug_macro   0x0001bf5c       0x16 ./Core/Src/cpp_main.o
 .debug_macro   0x0001bf72       0x52 ./Core/Src/cpp_main.o
 .debug_macro   0x0001bfc4       0x5e ./Core/Src/cpp_main.o
 .debug_macro   0x0001c022       0x28 ./Core/Src/cpp_main.o
 .debug_macro   0x0001c04a       0x2e ./Core/Src/cpp_main.o
 .debug_macro   0x0001c078       0x19 ./Core/Src/cpp_main.o
 .debug_macro   0x0001c091       0x11 ./Core/Src/cpp_main.o
 .debug_macro   0x0001c0a2       0x4f ./Core/Src/cpp_main.o
 .debug_macro   0x0001c0f1       0x18 ./Core/Src/cpp_main.o
 .debug_macro   0x0001c109       0x19 ./Core/Src/cpp_main.o
 .debug_macro   0x0001c122       0x88 ./Core/Src/cpp_main.o
 .debug_macro   0x0001c1aa       0x19 ./Core/Src/cpp_main.o
 .debug_macro   0x0001c1c3       0x1c ./Core/Src/cpp_main.o
 .debug_macro   0x0001c1df      0x11d ./Core/Src/cpp_main.o
 .debug_macro   0x0001c2fc       0x10 ./Core/Src/cpp_main.o
 .debug_macro   0x0001c30c      0x242 ./Core/Src/cpp_main.o
 .debug_macro   0x0001c54e       0x11 ./Core/Src/cpp_main.o
 .debug_macro   0x0001c55f       0x19 ./Core/Src/cpp_main.o
 .debug_macro   0x0001c578       0x18 ./Core/Src/cpp_main.o
 .debug_macro   0x0001c590      0x1d9 ./Core/Src/dma.o
 .debug_macro   0x0001c769      0x1d9 ./Core/Src/gpio.o
 .debug_macro   0x0001c942      0x21d ./Core/Src/main.o
 .debug_macro   0x0001cb5f      0x1d9 ./Core/Src/spi.o
 .debug_macro   0x0001cd38      0x1cf ./Core/Src/stm32l4xx_hal_msp.o
 .debug_macro   0x0001cf07      0x1d9 ./Core/Src/stm32l4xx_it.o
 .debug_macro   0x0001d0e0      0x1c0 ./Core/Src/system_stm32l4xx.o
 .debug_macro   0x0001d2a0      0x1d9 ./Core/Src/usart.o
 .debug_macro   0x0001d479      0x208 ./Drivers/STM32L4xx_HAL_Driver/Src/stm32l4xx_hal.o
 .debug_macro   0x0001d681      0x1c0 ./Drivers/STM32L4xx_HAL_Driver/Src/stm32l4xx_hal_cortex.o
 .debug_macro   0x0001d841      0x1c0 ./Drivers/STM32L4xx_HAL_Driver/Src/stm32l4xx_hal_dma.o
 .debug_macro   0x0001da01      0x1c7 ./Drivers/STM32L4xx_HAL_Driver/Src/stm32l4xx_hal_gpio.o
 .debug_macro   0x0001dbc8      0x1e4 ./Drivers/STM32L4xx_HAL_Driver/Src/stm32l4xx_hal_pwr_ex.o
 .debug_macro   0x0001ddac      0x202 ./Drivers/STM32L4xx_HAL_Driver/Src/stm32l4xx_hal_rcc.o
 .debug_macro   0x0001dfae      0x1f6 ./Drivers/STM32L4xx_HAL_Driver/Src/stm32l4xx_hal_rcc_ex.o
 .debug_macro   0x0001e1a4      0x1c8 ./Drivers/STM32L4xx_HAL_Driver/Src/stm32l4xx_hal_spi.o
 .debug_macro   0x0001e36c      0x1eb ./Drivers/STM32L4xx_HAL_Driver/Src/stm32l4xx_hal_uart.o

.debug_line     0x00000000    0x12165
 .debug_line    0x00000000      0xf3f ./Core/Src/GFX_BW.o
 .debug_line    0x00000f3f      0xd66 ./Core/Src/OLED_SSD1306.o
 .debug_line    0x00001ca5     0x1609 ./Core/Src/cpp_main.o
 .debug_line    0x000032ae      0x74b ./Core/Src/dma.o
 .debug_line    0x000039f9      0x76b ./Core/Src/gpio.o
 .debug_line    0x00004164      0x839 ./Core/Src/main.o
 .debug_line    0x0000499d      0x7ee ./Core/Src/spi.o
 .debug_line    0x0000518b      0x750 ./Core/Src/stm32l4xx_hal_msp.o
 .debug_line    0x000058db      0x82a ./Core/Src/stm32l4xx_it.o
 .debug_line    0x00006105      0x7ea ./Core/Src/system_stm32l4xx.o
 .debug_line    0x000068ef      0x84e ./Core/Src/usart.o
 .debug_line    0x0000713d       0x7a ./Core/Startup/startup_stm32l412kbux.o
 .debug_line    0x000071b7      0xab2 ./Drivers/STM32L4xx_HAL_Driver/Src/stm32l4xx_hal.o
 .debug_line    0x00007c69      0xd0e ./Drivers/STM32L4xx_HAL_Driver/Src/stm32l4xx_hal_cortex.o
 .debug_line    0x00008977      0xd4a ./Drivers/STM32L4xx_HAL_Driver/Src/stm32l4xx_hal_dma.o
 .debug_line    0x000096c1      0xb68 ./Drivers/STM32L4xx_HAL_Driver/Src/stm32l4xx_hal_gpio.o
 .debug_line    0x0000a229      0xca8 ./Drivers/STM32L4xx_HAL_Driver/Src/stm32l4xx_hal_pwr_ex.o
 .debug_line    0x0000aed1     0x1049 ./Drivers/STM32L4xx_HAL_Driver/Src/stm32l4xx_hal_rcc.o
 .debug_line    0x0000bf1a     0x1021 ./Drivers/STM32L4xx_HAL_Driver/Src/stm32l4xx_hal_rcc_ex.o
 .debug_line    0x0000cf3b     0x201b ./Drivers/STM32L4xx_HAL_Driver/Src/stm32l4xx_hal_spi.o
 .debug_line    0x0000ef56     0x320f ./Drivers/STM32L4xx_HAL_Driver/Src/stm32l4xx_hal_uart.o

.debug_str      0x00000000    0xac29e
 .debug_str     0x00000000    0x9d499 ./Core/Src/GFX_BW.o
                              0x9d7a5 (size before relaxing)
 .debug_str     0x0009d499      0x724 ./Core/Src/OLED_SSD1306.o
                              0x9dab3 (size before relaxing)
 .debug_str     0x0009dbbd     0xb2c2 ./Core/Src/cpp_main.o
                              0xa8fba (size before relaxing)
 .debug_str     0x000a8e7f      0x4f2 ./Core/Src/dma.o
                              0x9a1b9 (size before relaxing)
 .debug_str     0x000a9371       0x5e ./Core/Src/gpio.o
                              0x99ebd (size before relaxing)
 .debug_str     0x000a93cf      0x228 ./Core/Src/main.o
                              0x9a88e (size before relaxing)
 .debug_str     0x000a95f7       0x84 ./Core/Src/spi.o
                              0x9a312 (size before relaxing)
 .debug_str     0x000a967b       0x2c ./Core/Src/stm32l4xx_hal_msp.o
                              0x99df2 (size before relaxing)
 .debug_str     0x000a96a7       0xf5 ./Core/Src/stm32l4xx_it.o
                              0x99f56 (size before relaxing)
 .debug_str     0x000a979c       0xf2 ./Core/Src/system_stm32l4xx.o
                              0x99c8c (size before relaxing)
 .debug_str     0x000a988e      0x356 ./Core/Src/usart.o
                              0x9a498 (size before relaxing)
 .debug_str     0x000a9be4       0x44 ./Core/Startup/startup_stm32l412kbux.o
                                 0x80 (size before relaxing)
 .debug_str     0x000a9c28      0x4f6 ./Drivers/STM32L4xx_HAL_Driver/Src/stm32l4xx_hal.o
                              0x9a5e6 (size before relaxing)
 .debug_str     0x000aa11e      0x35f ./Drivers/STM32L4xx_HAL_Driver/Src/stm32l4xx_hal_cortex.o
                              0x9a3bb (size before relaxing)
 .debug_str     0x000aa47d      0x229 ./Drivers/STM32L4xx_HAL_Driver/Src/stm32l4xx_hal_dma.o
                              0x99ef5 (size before relaxing)
 .debug_str     0x000aa6a6      0x123 ./Drivers/STM32L4xx_HAL_Driver/Src/stm32l4xx_hal_gpio.o
                              0x99e00 (size before relaxing)
 .debug_str     0x000aa7c9      0x4c0 ./Drivers/STM32L4xx_HAL_Driver/Src/stm32l4xx_hal_pwr_ex.o
                              0x9a1a8 (size before relaxing)
 .debug_str     0x000aac89      0x38b ./Drivers/STM32L4xx_HAL_Driver/Src/stm32l4xx_hal_rcc.o
                              0x9a298 (size before relaxing)
 .debug_str     0x000ab014      0x4b7 ./Drivers/STM32L4xx_HAL_Driver/Src/stm32l4xx_hal_rcc_ex.o
                              0x9a3df (size before relaxing)
 .debug_str     0x000ab4cb      0x545 ./Drivers/STM32L4xx_HAL_Driver/Src/stm32l4xx_hal_spi.o
                              0x9a4a6 (size before relaxing)
 .debug_str     0x000aba10      0x88e ./Drivers/STM32L4xx_HAL_Driver/Src/stm32l4xx_hal_uart.o
                              0x9a9e4 (size before relaxing)

.comment        0x00000000       0x43
 .comment       0x00000000       0x43 ./Core/Src/GFX_BW.o
                                 0x44 (size before relaxing)
 .comment       0x00000043       0x44 ./Core/Src/OLED_SSD1306.o
 .comment       0x00000043       0x44 ./Core/Src/cpp_main.o
 .comment       0x00000043       0x44 ./Core/Src/dma.o
 .comment       0x00000043       0x44 ./Core/Src/gpio.o
 .comment       0x00000043       0x44 ./Core/Src/main.o
 .comment       0x00000043       0x44 ./Core/Src/spi.o
 .comment       0x00000043       0x44 ./Core/Src/stm32l4xx_hal_msp.o
 .comment       0x00000043       0x44 ./Core/Src/stm32l4xx_it.o
 .comment       0x00000043       0x44 ./Core/Src/system_stm32l4xx.o
 .comment       0x00000043       0x44 ./Core/Src/usart.o
 .comment       0x00000043       0x44 ./Drivers/STM32L4xx_HAL_Driver/Src/stm32l4xx_hal.o
 .comment       0x00000043       0x44 ./Drivers/STM32L4xx_HAL_Driver/Src/stm32l4xx_hal_cortex.o
 .comment       0x00000043       0x44 ./Drivers/STM32L4xx_HAL_Driver/Src/stm32l4xx_hal_dma.o
 .comment       0x00000043       0x44 ./Drivers/STM32L4xx_HAL_Driver/Src/stm32l4xx_hal_gpio.o
 .comment       0x00000043       0x44 ./Drivers/STM32L4xx_HAL_Driver/Src/stm32l4xx_hal_pwr_ex.o
 .comment       0x00000043       0x44 ./Drivers/STM32L4xx_HAL_Driver/Src/stm32l4xx_hal_rcc.o
 .comment       0x00000043       0x44 ./Drivers/STM32L4xx_HAL_Driver/Src/stm32l4xx_hal_rcc_ex.o
 .comment       0x00000043       0x44 ./Drivers/STM32L4xx_HAL_Driver/Src/stm32l4xx_hal_spi.o
 .comment       0x00000043       0x44 ./Drivers/STM32L4xx_HAL_Driver/Src/stm32l4xx_hal_uart.o

.debug_frame    0x00000000     0x34f4
 .debug_frame   0x00000000      0x33c ./Core/Src/GFX_BW.o
 .debug_frame   0x0000033c      0x3f0 ./Core/Src/OLED_SSD1306.o
 .debug_frame   0x0000072c       0x90 ./Core/Src/cpp_main.o
 .debug_frame   0x000007bc       0x34 ./Core/Src/dma.o
 .debug_frame   0x000007f0       0x34 ./Core/Src/gpio.o
 .debug_frame   0x00000824       0x8c ./Core/Src/main.o
 .debug_frame   0x000008b0       0x74 ./Core/Src/spi.o
 .debug_frame   0x00000924       0x38 ./Core/Src/stm32l4xx_hal_msp.o
 .debug_frame   0x0000095c      0x120 ./Core/Src/stm32l4xx_it.o
 .debug_frame   0x00000a7c       0x58 ./Core/Src/system_stm32l4xx.o
 .debug_frame   0x00000ad4       0x90 ./Core/Src/usart.o
 .debug_frame   0x00000b64      0x3dc ./Drivers/STM32L4xx_HAL_Driver/Src/stm32l4xx_hal.o
 .debug_frame   0x00000f40      0x4e8 ./Drivers/STM32L4xx_HAL_Driver/Src/stm32l4xx_hal_cortex.o
 .debug_frame   0x00001428      0x204 ./Drivers/STM32L4xx_HAL_Driver/Src/stm32l4xx_hal_dma.o
 .debug_frame   0x0000162c      0x14c ./Drivers/STM32L4xx_HAL_Driver/Src/stm32l4xx_hal_gpio.o
 .debug_frame   0x00001778      0x524 ./Drivers/STM32L4xx_HAL_Driver/Src/stm32l4xx_hal_pwr_ex.o
 .debug_frame   0x00001c9c      0x21c ./Drivers/STM32L4xx_HAL_Driver/Src/stm32l4xx_hal_rcc.o
 .debug_frame   0x00001eb8      0x33c ./Drivers/STM32L4xx_HAL_Driver/Src/stm32l4xx_hal_rcc_ex.o
 .debug_frame   0x000021f4      0x860 ./Drivers/STM32L4xx_HAL_Driver/Src/stm32l4xx_hal_spi.o
 .debug_frame   0x00002a54      0x9f4 ./Drivers/STM32L4xx_HAL_Driver/Src/stm32l4xx_hal_uart.o
 .debug_frame   0x00003448       0x20 C:/ST/STM32CubeIDE_1.16.0/STM32CubeIDE/plugins/com.st.stm32cube.ide.mcu.externaltools.gnu-tools-for-stm32.12.3.rel1.win32_1.0.200.202406191623/tools/bin/../lib/gcc/arm-none-eabi/12.3.1/../../../../arm-none-eabi/lib/thumb/v7e-m+fp/hard\libc_nano.a(libc_a-memset.o)
 .debug_frame   0x00003468       0x2c C:/ST/STM32CubeIDE_1.16.0/STM32CubeIDE/plugins/com.st.stm32cube.ide.mcu.externaltools.gnu-tools-for-stm32.12.3.rel1.win32_1.0.200.202406191623/tools/bin/../lib/gcc/arm-none-eabi/12.3.1/../../../../arm-none-eabi/lib/thumb/v7e-m+fp/hard\libc_nano.a(libc_a-init.o)
 .debug_frame   0x00003494       0x2c C:/ST/STM32CubeIDE_1.16.0/STM32CubeIDE/plugins/com.st.stm32cube.ide.mcu.externaltools.gnu-tools-for-stm32.12.3.rel1.win32_1.0.200.202406191623/tools/bin/../lib/gcc/arm-none-eabi/12.3.1/thumb/v7e-m+fp/hard\libgcc.a(_aeabi_uldivmod.o)
 .debug_frame   0x000034c0       0x34 C:/ST/STM32CubeIDE_1.16.0/STM32CubeIDE/plugins/com.st.stm32cube.ide.mcu.externaltools.gnu-tools-for-stm32.12.3.rel1.win32_1.0.200.202406191623/tools/bin/../lib/gcc/arm-none-eabi/12.3.1/thumb/v7e-m+fp/hard\libgcc.a(_udivmoddi4.o)

.debug_line_str
                0x00000000       0x64
 .debug_line_str
                0x00000000       0x64 ./Core/Startup/startup_stm32l412kbux.o
