../Core/Src/cpp_main.cpp:115:6:void enc1Callback(EncoderDirection, uint8_t)	0	static
../Core/Src/cpp_main.cpp:124:6:void enc2Callback(EncoderDirection, uint8_t)	0	static
../Core/Src/cpp_main.cpp:133:6:void enc3Callback(EncoderDirection, uint8_t)	0	static
../Core/Src/cpp_main.cpp:142:6:void enc4Callback(EncoderDirection, uint8_t)	0	static
../Core/Inc/encoder.h:20:7:Encoder::Encoder()	0	static
../Core/Src/cpp_main.cpp:36:6:void initializeOLEDs()	24	static
../Core/Src/cpp_main.cpp:71:6:void drawScreen()	24	static
../Core/Src/cpp_main.cpp:94:6:void writeAddress(uint8_t)	16	static
../Core/Src/cpp_main.cpp:101:6:void readInputState(uint8_t)	8	static
../Core/Src/cpp_main.cpp:151:6:void initializeEncoders()	8	static
../Core/Src/cpp_main.cpp:158:6:void setup()	8	static
../Core/Src/cpp_main.cpp:163:6:void Timer6Interrupt()	16	static
../Core/Src/cpp_main.cpp:182:6:void loop()	0	static
../Core/Src/cpp_main.cpp:184:1:cpp)	8	static
