../Core/Src/OLED_SSD1306.c:33:6:SSD1306_SetOLED	0	static
../Core/Src/OLED_SSD1306.c:37:6:SSD1306_Command	16	static
../Core/Src/OLED_SSD1306.c:56:6:SSD1306_Data	16	static
../Core/Src/OLED_SSD1306.c:83:6:SSD1306_ResetOLEDS	8	static
../Core/Src/OLED_SSD1306.c:76:6:SSD1306_Reset	0	static
../Core/Src/OLED_SSD1306.c:94:6:SSD1306_InvertColors	0	static
../Core/Src/OLED_SSD1306.c:99:6:SSD1306_RotateDisplay	8	static
../Core/Src/OLED_SSD1306.c:112:6:SSD1306_DisplayON	0	static
../Core/Src/OLED_SSD1306.c:117:6:SSD1306_SetContrast	8	static
../Core/Src/OLED_SSD1306.c:127:6:SSD1306_StartScrollRight	16	static
../Core/Src/OLED_SSD1306.c:137:6:SSD1306_StartScrollLeft	16	static
../Core/Src/OLED_SSD1306.c:147:6:SSD1306_ScrollingHorVer	24	static
../Core/Src/OLED_SSD1306.c:159:6:SSD1306_StartScrollLeftUp	16	static
../Core/Src/OLED_SSD1306.c:164:6:SSD1306_StartScrollRightUp	16	static
../Core/Src/OLED_SSD1306.c:169:6:SSD1306_StopScroll	0	static
../Core/Src/OLED_SSD1306.c:179:6:SSD1306_StartFadeOut	8	static
../Core/Src/OLED_SSD1306.c:185:6:SSD1306_StartBlinking	8	static
../Core/Src/OLED_SSD1306.c:191:6:SSD1306_StopFadeOutOrBlinking	8	static
../Core/Src/OLED_SSD1306.c:197:6:SSD1306_ZoomIn	8	static
../Core/Src/OLED_SSD1306.c:207:6:SSD1306_Init	8	static
../Core/Src/OLED_SSD1306.c:269:6:SSD1306_SpiInit	0	static
../Core/Src/OLED_SSD1306.c:283:6:SSD1306_DrawPixel	12	static
../Core/Src/OLED_SSD1306.c:310:6:SSD1306_Clear	0	static
../Core/Src/OLED_SSD1306.c:326:6:SSD1306_Display	8	static
../Core/Src/OLED_SSD1306.c:365:6:SSD1306_DisplayStruct	8	static
../Core/Src/OLED_SSD1306.c:407:6:SSD1306_Bitmap	8	static
../Core/Src/OLED_SSD1306.c:446:6:SSD1306_DmaEndCallback	0	static
