../Core/Src/cpp_main.cpp:162:6:void emptyCallback(EncoderDirection, uint8_t)	0	static
../Core/Src/cpp_main.cpp:71:6:0()	48	static
../Core/Src/cpp_main.cpp:36:6:void initializeOLEDs()	32	static
../Core/Src/cpp_main.cpp:71:6:void drawScreen()	0	static
../Core/Src/cpp_main.cpp:103:6:void writeAddress(uint8_t)	16	static
../Core/Src/cpp_main.cpp:110:6:void readInputState(uint8_t)	8	static
../Core/Src/cpp_main.cpp:124:6:void enc1Callback(EncoderDirection, uint8_t)	8	static
../Core/Src/cpp_main.cpp:135:6:void enc2Callback(EncoderDirection, uint8_t)	0	static
../Core/Src/cpp_main.cpp:144:6:void enc3Callback(EncoderDirection, uint8_t)	0	static
../Core/Src/cpp_main.cpp:153:6:void enc4Callback(EncoderDirection, uint8_t)	0	static
../Core/Src/cpp_main.cpp:166:6:void initializeEncoders()	24	static
../Core/Src/cpp_main.cpp:181:6:void setup()	8	static
../Core/Src/cpp_main.cpp:186:6:void Timer6Interrupt()	24	static
../Core/Src/cpp_main.cpp:205:6:void UART_received(char*, uint16_t)	40	static
../Core/Src/cpp_main.cpp:211:6:void loop()	0	static
../Core/Src/cpp_main.cpp:213:1:cpp)	4	static
