../Core/Src/GFX_BW.c:56:6:GFX_DrawChar.part.0	112	static
../Core/Src/GFX_BW.c:30:6:GFX_SetFont	0	static
../Core/Src/GFX_BW.c:35:6:GFX_SetFontSize	0	static
../Core/Src/GFX_BW.c:41:9:GFX_GetFontHeight	0	static
../Core/Src/GFX_BW.c:46:9:GFX_GetFontWidth	0	static
../Core/Src/GFX_BW.c:51:9:GFX_GetFontSize	0	static
../Core/Src/GFX_BW.c:56:6:GFX_DrawChar	4	static
../Core/Src/GFX_BW.c:84:6:GFX_DrawString	56	static
../Core/Src/GFX_BW.c:105:6:GFX_WriteLine	40	static
../Core/Src/GFX_BW.c:146:6:GFX_DrawFastVLine	32	static
../Core/Src/GFX_BW.c:151:6:GFX_DrawFastHLine	32	static
../Core/Src/GFX_BW.c:156:6:GFX_DrawLine	40	static
../Core/Src/GFX_BW.c:171:6:GFX_DrawRectangle	64	static
../Core/Src/GFX_BW.c:182:6:GFX_DrawFillRectangle	64	static
../Core/Src/GFX_BW.c:191:6:GFX_DrawCircle	56	static
../Core/Src/GFX_BW.c:227:6:GFX_DrawCircleHelper	64	static
../Core/Src/GFX_BW.c:264:6:GFX_DrawFillCircleHelper	72	static
../Core/Src/GFX_BW.c:295:6:GFX_DrawFillCircle	104	static
../Core/Src/GFX_BW.c:303:6:GFX_DrawRoundRectangle	80	static
../Core/Src/GFX_BW.c:317:6:GFX_DrawFillRoundRectangle	104	static
../Core/Src/GFX_BW.c:329:6:GFX_DrawTriangle	64	static
../Core/Src/GFX_BW.c:337:6:GFX_DrawFillTriangle	96	static
../Core/Src/GFX_BW.c:431:6:GFX_Image	56	static
