../Core/Src/OLED_SSD1306.c:33:6:SSD1306_SetOLED	16	static
../Core/Src/OLED_SSD1306.c:37:6:SSD1306_Command	16	static
../Core/Src/OLED_SSD1306.c:56:6:SSD1306_Data	16	static
../Core/Src/OLED_SSD1306.c:76:6:SSD1306_Reset	8	static
../Core/Src/OLED_SSD1306.c:83:6:SSD1306_ResetOLEDS	8	static
../Core/Src/OLED_SSD1306.c:94:6:SSD1306_InvertColors	16	static
../Core/Src/OLED_SSD1306.c:99:6:SSD1306_RotateDisplay	16	static
../Core/Src/OLED_SSD1306.c:112:6:SSD1306_DisplayON	16	static
../Core/Src/OLED_SSD1306.c:117:6:SSD1306_SetContrast	16	static
../Core/Src/OLED_SSD1306.c:127:6:SSD1306_StartScrollRight	16	static
../Core/Src/OLED_SSD1306.c:137:6:SSD1306_StartScrollLeft	16	static
../Core/Src/OLED_SSD1306.c:147:6:SSD1306_ScrollingHorVer	24	static
../Core/Src/OLED_SSD1306.c:159:6:SSD1306_StartScrollLeftUp	32	static
../Core/Src/OLED_SSD1306.c:164:6:SSD1306_StartScrollRightUp	32	static
../Core/Src/OLED_SSD1306.c:169:6:SSD1306_StopScroll	8	static
../Core/Src/OLED_SSD1306.c:179:6:SSD1306_StartFadeOut	16	static
../Core/Src/OLED_SSD1306.c:185:6:SSD1306_StartBlinking	16	static
../Core/Src/OLED_SSD1306.c:191:6:SSD1306_StopFadeOutOrBlinking	8	static
../Core/Src/OLED_SSD1306.c:197:6:SSD1306_ZoomIn	16	static
../Core/Src/OLED_SSD1306.c:207:6:SSD1306_Init	8	static
../Core/Src/OLED_SSD1306.c:269:6:SSD1306_SpiInit	16	static
../Core/Src/OLED_SSD1306.c:285:6:SSD1306_SetRotation	16	static
../Core/Src/OLED_SSD1306.c:289:6:SSD1306_DrawPixel	24	static
../Core/Src/OLED_SSD1306.c:316:6:SSD1306_Clear	16	static
../Core/Src/OLED_SSD1306.c:332:6:SSD1306_Display	8	static
../Core/Src/OLED_SSD1306.c:371:6:SSD1306_DisplayStruct	8	static
../Core/Src/OLED_SSD1306.c:413:6:SSD1306_Bitmap	16	static
../Core/Src/OLED_SSD1306.c:452:6:SSD1306_DmaEndCallback	16	static
