Archive member included to satisfy reference by file (symbol)

C:/ST/STM32CubeIDE_1.16.0/STM32CubeIDE/plugins/com.st.stm32cube.ide.mcu.externaltools.gnu-tools-for-stm32.12.3.rel1.win32_1.0.200.202406191623/tools/bin/../lib/gcc/arm-none-eabi/12.3.1/../../../../arm-none-eabi/lib/thumb/v7e-m+fp/hard\libc_nano.a(libc_a-exit.o)
                              C:/ST/STM32CubeIDE_1.16.0/STM32CubeIDE/plugins/com.st.stm32cube.ide.mcu.externaltools.gnu-tools-for-stm32.12.3.rel1.win32_1.0.200.202406191623/tools/bin/../lib/gcc/arm-none-eabi/12.3.1/../../../../arm-none-eabi/lib/thumb/v7e-m+fp/hard/crt0.o (exit)
C:/ST/STM32CubeIDE_1.16.0/STM32CubeIDE/plugins/com.st.stm32cube.ide.mcu.externaltools.gnu-tools-for-stm32.12.3.rel1.win32_1.0.200.202406191623/tools/bin/../lib/gcc/arm-none-eabi/12.3.1/../../../../arm-none-eabi/lib/thumb/v7e-m+fp/hard\libc_nano.a(libc_a-findfp.o)
                              C:/ST/STM32CubeIDE_1.16.0/STM32CubeIDE/plugins/com.st.stm32cube.ide.mcu.externaltools.gnu-tools-for-stm32.12.3.rel1.win32_1.0.200.202406191623/tools/bin/../lib/gcc/arm-none-eabi/12.3.1/../../../../arm-none-eabi/lib/thumb/v7e-m+fp/hard\libc_nano.a(libc_a-exit.o) (__stdio_exit_handler)
C:/ST/STM32CubeIDE_1.16.0/STM32CubeIDE/plugins/com.st.stm32cube.ide.mcu.externaltools.gnu-tools-for-stm32.12.3.rel1.win32_1.0.200.202406191623/tools/bin/../lib/gcc/arm-none-eabi/12.3.1/../../../../arm-none-eabi/lib/thumb/v7e-m+fp/hard\libc_nano.a(libc_a-fwalk.o)
                              C:/ST/STM32CubeIDE_1.16.0/STM32CubeIDE/plugins/com.st.stm32cube.ide.mcu.externaltools.gnu-tools-for-stm32.12.3.rel1.win32_1.0.200.202406191623/tools/bin/../lib/gcc/arm-none-eabi/12.3.1/../../../../arm-none-eabi/lib/thumb/v7e-m+fp/hard\libc_nano.a(libc_a-findfp.o) (_fwalk_sglue)
C:/ST/STM32CubeIDE_1.16.0/STM32CubeIDE/plugins/com.st.stm32cube.ide.mcu.externaltools.gnu-tools-for-stm32.12.3.rel1.win32_1.0.200.202406191623/tools/bin/../lib/gcc/arm-none-eabi/12.3.1/../../../../arm-none-eabi/lib/thumb/v7e-m+fp/hard\libc_nano.a(libc_a-stdio.o)
                              C:/ST/STM32CubeIDE_1.16.0/STM32CubeIDE/plugins/com.st.stm32cube.ide.mcu.externaltools.gnu-tools-for-stm32.12.3.rel1.win32_1.0.200.202406191623/tools/bin/../lib/gcc/arm-none-eabi/12.3.1/../../../../arm-none-eabi/lib/thumb/v7e-m+fp/hard\libc_nano.a(libc_a-findfp.o) (__sread)
C:/ST/STM32CubeIDE_1.16.0/STM32CubeIDE/plugins/com.st.stm32cube.ide.mcu.externaltools.gnu-tools-for-stm32.12.3.rel1.win32_1.0.200.202406191623/tools/bin/../lib/gcc/arm-none-eabi/12.3.1/../../../../arm-none-eabi/lib/thumb/v7e-m+fp/hard\libc_nano.a(libc_a-memset.o)
                              C:/ST/STM32CubeIDE_1.16.0/STM32CubeIDE/plugins/com.st.stm32cube.ide.mcu.externaltools.gnu-tools-for-stm32.12.3.rel1.win32_1.0.200.202406191623/tools/bin/../lib/gcc/arm-none-eabi/12.3.1/../../../../arm-none-eabi/lib/thumb/v7e-m+fp/hard/crt0.o (memset)
C:/ST/STM32CubeIDE_1.16.0/STM32CubeIDE/plugins/com.st.stm32cube.ide.mcu.externaltools.gnu-tools-for-stm32.12.3.rel1.win32_1.0.200.202406191623/tools/bin/../lib/gcc/arm-none-eabi/12.3.1/../../../../arm-none-eabi/lib/thumb/v7e-m+fp/hard\libc_nano.a(libc_a-strncpy.o)
                              ./Core/Src/cpp_main.o (strncpy)
C:/ST/STM32CubeIDE_1.16.0/STM32CubeIDE/plugins/com.st.stm32cube.ide.mcu.externaltools.gnu-tools-for-stm32.12.3.rel1.win32_1.0.200.202406191623/tools/bin/../lib/gcc/arm-none-eabi/12.3.1/../../../../arm-none-eabi/lib/thumb/v7e-m+fp/hard\libc_nano.a(libc_a-closer.o)
                              C:/ST/STM32CubeIDE_1.16.0/STM32CubeIDE/plugins/com.st.stm32cube.ide.mcu.externaltools.gnu-tools-for-stm32.12.3.rel1.win32_1.0.200.202406191623/tools/bin/../lib/gcc/arm-none-eabi/12.3.1/../../../../arm-none-eabi/lib/thumb/v7e-m+fp/hard\libc_nano.a(libc_a-stdio.o) (_close_r)
C:/ST/STM32CubeIDE_1.16.0/STM32CubeIDE/plugins/com.st.stm32cube.ide.mcu.externaltools.gnu-tools-for-stm32.12.3.rel1.win32_1.0.200.202406191623/tools/bin/../lib/gcc/arm-none-eabi/12.3.1/../../../../arm-none-eabi/lib/thumb/v7e-m+fp/hard\libc_nano.a(libc_a-reent.o)
                              C:/ST/STM32CubeIDE_1.16.0/STM32CubeIDE/plugins/com.st.stm32cube.ide.mcu.externaltools.gnu-tools-for-stm32.12.3.rel1.win32_1.0.200.202406191623/tools/bin/../lib/gcc/arm-none-eabi/12.3.1/../../../../arm-none-eabi/lib/thumb/v7e-m+fp/hard\libc_nano.a(libc_a-closer.o) (errno)
C:/ST/STM32CubeIDE_1.16.0/STM32CubeIDE/plugins/com.st.stm32cube.ide.mcu.externaltools.gnu-tools-for-stm32.12.3.rel1.win32_1.0.200.202406191623/tools/bin/../lib/gcc/arm-none-eabi/12.3.1/../../../../arm-none-eabi/lib/thumb/v7e-m+fp/hard\libc_nano.a(libc_a-impure.o)
                              C:/ST/STM32CubeIDE_1.16.0/STM32CubeIDE/plugins/com.st.stm32cube.ide.mcu.externaltools.gnu-tools-for-stm32.12.3.rel1.win32_1.0.200.202406191623/tools/bin/../lib/gcc/arm-none-eabi/12.3.1/../../../../arm-none-eabi/lib/thumb/v7e-m+fp/hard\libc_nano.a(libc_a-reent.o) (_impure_ptr)
[...]
Memory Configuration

Name             Origin             Length             Attributes
RAM              0x20000000         0x00008000         xrw
RAM2             0x10000000         0x00002000         xrw
FLASH            0x08000000         0x00020000         xr
*default*        0x00000000         0xffffffff

Linker script and memory map

LOAD C:/ST/STM32CubeIDE_1.16.0/STM32CubeIDE/plugins/com.st.stm32cube.ide.mcu.externaltools.gnu-tools-for-stm32.12.3.rel1.win32_1.0.200.202406191623/tools/bin/../lib/gcc/arm-none-eabi/12.3.1/thumb/v7e-m+fp/hard/crti.o
LOAD C:/ST/STM32CubeIDE_1.16.0/STM32CubeIDE/plugins/com.st.stm32cube.ide.mcu.externaltools.gnu-tools-for-stm32.12.3.rel1.win32_1.0.200.202406191623/tools/bin/../lib/gcc/arm-none-eabi/12.3.1/thumb/v7e-m+fp/hard/crtbegin.o
LOAD C:/ST/STM32CubeIDE_1.16.0/STM32CubeIDE/plugins/com.st.stm32cube.ide.mcu.externaltools.gnu-tools-for-stm32.12.3.rel1.win32_1.0.200.202406191623/tools/bin/../lib/gcc/arm-none-eabi/12.3.1/../../../../arm-none-eabi/lib/thumb/v7e-m+fp/hard/crt0.o
LOAD ./Core/Src/GFX_BW.o
LOAD ./Core/Src/OLED_SSD1306.o
LOAD ./Core/Src/cpp_main.o
LOAD ./Core/Src/dma.o
LOAD ./Core/Src/encoder.o
LOAD ./Core/Src/gpio.o
LOAD ./Core/Src/main.o
LOAD ./Core/Src/spi.o
LOAD ./Core/Src/stm32l4xx_hal_msp.o
LOAD ./Core/Src/stm32l4xx_it.o
LOAD ./Core/Src/syscalls.o
LOAD ./Core/Src/sysmem.o
LOAD ./Core/Src/system_stm32l4xx.o
LOAD ./Core/Src/tim.o
LOAD ./Core/Src/usart.o
LOAD ./Core/Startup/startup_stm32l412kbux.o
LOAD ./Drivers/STM32L4xx_HAL_Driver/Src/stm32l4xx_hal.o
LOAD ./Drivers/STM32L4xx_HAL_Driver/Src/stm32l4xx_hal_cortex.o
LOAD ./Drivers/STM32L4xx_HAL_Driver/Src/stm32l4xx_hal_dma.o
LOAD ./Drivers/STM32L4xx_HAL_Driver/Src/stm32l4xx_hal_dma_ex.o
LOAD ./Drivers/STM32L4xx_HAL_Driver/Src/stm32l4xx_hal_exti.o
LOAD ./Drivers/STM32L4xx_HAL_Driver/Src/stm32l4xx_hal_flash.o
LOAD ./Drivers/STM32L4xx_HAL_Driver/Src/stm32l4xx_hal_flash_ex.o
LOAD ./Drivers/STM32L4xx_HAL_Driver/Src/stm32l4xx_hal_flash_ramfunc.o
LOAD ./Drivers/STM32L4xx_HAL_Driver/Src/stm32l4xx_hal_gpio.o
LOAD ./Drivers/STM32L4xx_HAL_Driver/Src/stm32l4xx_hal_i2c.o
LOAD ./Drivers/STM32L4xx_HAL_Driver/Src/stm32l4xx_hal_i2c_ex.o
LOAD ./Drivers/STM32L4xx_HAL_Driver/Src/stm32l4xx_hal_pwr.o
LOAD ./Drivers/STM32L4xx_HAL_Driver/Src/stm32l4xx_hal_pwr_ex.o
LOAD ./Drivers/STM32L4xx_HAL_Driver/Src/stm32l4xx_hal_rcc.o
LOAD ./Drivers/STM32L4xx_HAL_Driver/Src/stm32l4xx_hal_rcc_ex.o
LOAD ./Drivers/STM32L4xx_HAL_Driver/Src/stm32l4xx_hal_spi.o
LOAD ./Drivers/STM32L4xx_HAL_Driver/Src/stm32l4xx_hal_spi_ex.o
LOAD ./Drivers/STM32L4xx_HAL_Driver/Src/stm32l4xx_hal_tim.o
LOAD ./Drivers/STM32L4xx_HAL_Driver/Src/stm32l4xx_hal_tim_ex.o
LOAD ./Drivers/STM32L4xx_HAL_Driver/Src/stm32l4xx_hal_uart.o
LOAD ./Drivers/STM32L4xx_HAL_Driver/Src/stm32l4xx_hal_uart_ex.o
START GROUP
LOAD C:/ST/STM32CubeIDE_1.16.0/STM32CubeIDE/plugins/com.st.stm32cube.ide.mcu.externaltools.gnu-tools-for-stm32.12.3.rel1.win32_1.0.200.202406191623/tools/bin/../lib/gcc/arm-none-eabi/12.3.1/../../../../arm-none-eabi/lib/thumb/v7e-m+fp/hard\libstdc++_nano.a
LOAD C:/ST/STM32CubeIDE_1.16.0/STM32CubeIDE/plugins/com.st.stm32cube.ide.mcu.externaltools.gnu-tools-for-stm32.12.3.rel1.win32_1.0.200.202406191623/tools/bin/../lib/gcc/arm-none-eabi/12.3.1/../../../../arm-none-eabi/lib/thumb/v7e-m+fp/hard\libsupc++_nano.a
END GROUP
LOAD C:/ST/STM32CubeIDE_1.16.0/STM32CubeIDE/plugins/com.st.stm32cube.ide.mcu.externaltools.gnu-tools-for-stm32.12.3.rel1.win32_1.0.200.202406191623/tools/bin/../lib/gcc/arm-none-eabi/12.3.1/../../../../arm-none-eabi/lib/thumb/v7e-m+fp/hard\libstdc++_nano.a
LOAD C:/ST/STM32CubeIDE_1.16.0/STM32CubeIDE/plugins/com.st.stm32cube.ide.mcu.externaltools.gnu-tools-for-stm32.12.3.rel1.win32_1.0.200.202406191623/tools/bin/../lib/gcc/arm-none-eabi/12.3.1/../../../../arm-none-eabi/lib/thumb/v7e-m+fp/hard\libm.a
LOAD C:/ST/STM32CubeIDE_1.16.0/STM32CubeIDE/plugins/com.st.stm32cube.ide.mcu.externaltools.gnu-tools-for-stm32.12.3.rel1.win32_1.0.200.202406191623/tools/bin/../lib/gcc/arm-none-eabi/12.3.1/../../../../arm-none-eabi/lib/thumb/v7e-m+fp/hard\libc_nano.a
START GROUP
LOAD C:/ST/STM32CubeIDE_1.16.0/STM32CubeIDE/plugins/com.st.stm32cube.ide.mcu.externaltools.gnu-tools-for-stm32.12.3.rel1.win32_1.0.200.202406191623/tools/bin/../lib/gcc/arm-none-eabi/12.3.1/thumb/v7e-m+fp/hard\libgcc.a
LOAD C:/ST/STM32CubeIDE_1.16.0/STM32CubeIDE/plugins/com.st.stm32cube.ide.mcu.externaltools.gnu-tools-for-stm32.12.3.rel1.win32_1.0.200.202406191623/tools/bin/../lib/gcc/arm-none-eabi/12.3.1/../../../../arm-none-eabi/lib/thumb/v7e-m+fp/hard\libc_nano.a
END GROUP
START GROUP
LOAD C:/ST/STM32CubeIDE_1.16.0/STM32CubeIDE/plugins/com.st.stm32cube.ide.mcu.externaltools.gnu-tools-for-stm32.12.3.rel1.win32_1.0.200.202406191623/tools/bin/../lib/gcc/arm-none-eabi/12.3.1/thumb/v7e-m+fp/hard\libgcc.a
LOAD C:/ST/STM32CubeIDE_1.16.0/STM32CubeIDE/plugins/com.st.stm32cube.ide.mcu.externaltools.gnu-tools-for-stm32.12.3.rel1.win32_1.0.200.202406191623/tools/bin/../lib/gcc/arm-none-eabi/12.3.1/../../../../arm-none-eabi/lib/thumb/v7e-m+fp/hard\libc_nano.a
LOAD C:/ST/STM32CubeIDE_1.16.0/STM32CubeIDE/plugins/com.st.stm32cube.ide.mcu.externaltools.gnu-tools-for-stm32.12.3.rel1.win32_1.0.200.202406191623/tools/bin/../lib/gcc/arm-none-eabi/12.3.1/../../../../arm-none-eabi/lib/thumb/v7e-m+fp/hard\libnosys.a
END GROUP
START GROUP
LOAD C:/ST/STM32CubeIDE_1.16.0/STM32CubeIDE/plugins/com.st.stm32cube.ide.mcu.externaltools.gnu-tools-for-stm32.12.3.rel1.win32_1.0.200.202406191623/tools/bin/../lib/gcc/arm-none-eabi/12.3.1/thumb/v7e-m+fp/hard\libgcc.a
LOAD C:/ST/STM32CubeIDE_1.16.0/STM32CubeIDE/plugins/com.st.stm32cube.ide.mcu.externaltools.gnu-tools-for-stm32.12.3.rel1.win32_1.0.200.202406191623/tools/bin/../lib/gcc/arm-none-eabi/12.3.1/../../../../arm-none-eabi/lib/thumb/v7e-m+fp/hard\libc_nano.a
LOAD C:/ST/STM32CubeIDE_1.16.0/STM32CubeIDE/plugins/com.st.stm32cube.ide.mcu.externaltools.gnu-tools-for-stm32.12.3.rel1.win32_1.0.200.202406191623/tools/bin/../lib/gcc/arm-none-eabi/12.3.1/../../../../arm-none-eabi/lib/thumb/v7e-m+fp/hard\libnosys.a
END GROUP
LOAD C:/ST/STM32CubeIDE_1.16.0/STM32CubeIDE/plugins/com.st.stm32cube.ide.mcu.externaltools.gnu-tools-for-stm32.12.3.rel1.win32_1.0.200.202406191623/tools/bin/../lib/gcc/arm-none-eabi/12.3.1/thumb/v7e-m+fp/hard/crtend.o
LOAD C:/ST/STM32CubeIDE_1.16.0/STM32CubeIDE/plugins/com.st.stm32cube.ide.mcu.externaltools.gnu-tools-for-stm32.12.3.rel1.win32_1.0.200.202406191623/tools/bin/../lib/gcc/arm-none-eabi/12.3.1/thumb/v7e-m+fp/hard/crtn.o
                0x20008000                        _estack = (ORIGIN (RAM) + LENGTH (RAM))
                0x00000200                        _Min_Heap_Size = 0x200
                0x00000400                        _Min_Stack_Size = 0x400

.isr_vector     0x08000000      0x18c
                0x08000000                        . = ALIGN (0x4)
 *(.isr_vector)
 .isr_vector    0x08000000      0x18c ./Core/Startup/startup_stm32l412kbux.o
                0x08000000                g_pfnVectors
                0x0800018c                        . = ALIGN (0x4)

.text           0x0800018c     0x2e30
                0x0800018c                        . = ALIGN (0x4)
 *(.text)
 .text          0x0800018c       0x40 C:/ST/STM32CubeIDE_1.16.0/STM32CubeIDE/plugins/com.st.stm32cube.ide.mcu.externaltools.gnu-tools-for-stm32.12.3.rel1.win32_1.0.200.202406191623/tools/bin/../lib/gcc/arm-none-eabi/12.3.1/thumb/v7e-m+fp/hard/crtbegin.o
 .text          0x080001cc       0x30 C:/ST/STM32CubeIDE_1.16.0/STM32CubeIDE/plugins/com.st.stm32cube.ide.mcu.externaltools.gnu-tools-for-stm32.12.3.rel1.win32_1.0.200.202406191623/tools/bin/../lib/gcc/arm-none-eabi/12.3.1/thumb/v7e-m+fp/hard\libgcc.a(_aeabi_uldivmod.o)
                0x080001cc                __aeabi_uldivmod
 .text          0x080001fc      0x2bc C:/ST/STM32CubeIDE_1.16.0/STM32CubeIDE/plugins/com.st.stm32cube.ide.mcu.externaltools.gnu-tools-for-stm32.12.3.rel1.win32_1.0.200.202406191623/tools/bin/../lib/gcc/arm-none-eabi/12.3.1/thumb/v7e-m+fp/hard\libgcc.a(_udivmoddi4.o)
                0x080001fc                __udivmoddi4
 .text          0x080004b8        0x4 C:/ST/STM32CubeIDE_1.16.0/STM32CubeIDE/plugins/com.st.stm32cube.ide.mcu.externaltools.gnu-tools-for-stm32.12.3.rel1.win32_1.0.200.202406191623/tools/bin/../lib/gcc/arm-none-eabi/12.3.1/thumb/v7e-m+fp/hard\libgcc.a(_dvmd_tls.o)
                0x080004b8                __aeabi_idiv0
                0x080004b8                __aeabi_ldiv0
 *(.text*)
 .text.GFX_SetFont
                0x080004bc        0xc ./Core/Src/GFX_BW.o
                0x080004bc                GFX_SetFont
 .text.GFX_SetFontSize
                0x080004c8        0xc ./Core/Src/GFX_BW.o
                0x080004c8                GFX_SetFontSize
 .text.GFX_WriteLine
                0x080004d4       0xb4 ./Core/Src/GFX_BW.o
                0x080004d4                GFX_WriteLine
 .text.GFX_DrawFastVLine
                0x08000588       0x14 ./Core/Src/GFX_BW.o
                0x08000588                GFX_DrawFastVLine
 .text.GFX_DrawFillRectangle
                0x0800059c       0x28 ./Core/Src/GFX_BW.o
                0x0800059c                GFX_DrawFillRectangle
 .text.GFX_DrawChar
                0x080005c4       0xbc ./Core/Src/GFX_BW.o
                0x080005c4                GFX_DrawChar
 .text.GFX_DrawString
                0x08000680       0x8c ./Core/Src/GFX_BW.o
                0x08000680                GFX_DrawString
 .text.SSD1306_SetOLED
                0x0800070c        0xc ./Core/Src/OLED_SSD1306.o
                0x0800070c                SSD1306_SetOLED
 .text.SSD1306_Command
                0x08000718       0x50 ./Core/Src/OLED_SSD1306.o
                0x08000718                SSD1306_Command
 .text.SSD1306_ResetOLEDS
                0x08000768       0x24 ./Core/Src/OLED_SSD1306.o
                0x08000768                SSD1306_ResetOLEDS
 .text.SSD1306_RotateDisplay
                0x0800078c       0x24 ./Core/Src/OLED_SSD1306.o
                0x0800078c                SSD1306_RotateDisplay
 .text.SSD1306_SetContrast
                0x080007b0       0x14 ./Core/Src/OLED_SSD1306.o
                0x080007b0                SSD1306_SetContrast
 .text.SSD1306_StopScroll
                0x080007c4        0x6 ./Core/Src/OLED_SSD1306.o
                0x080007c4                SSD1306_StopScroll
 .text.SSD1306_StopFadeOutOrBlinking
                0x080007ca       0x12 ./Core/Src/OLED_SSD1306.o
                0x080007ca                SSD1306_StopFadeOutOrBlinking
 .text.SSD1306_Init
                0x080007dc       0xa4 ./Core/Src/OLED_SSD1306.o
                0x080007dc                SSD1306_Init
 .text.SSD1306_SpiInit
                0x08000880        0xc ./Core/Src/OLED_SSD1306.o
                0x08000880                SSD1306_SpiInit
 .text.SSD1306_DrawPixel
                0x0800088c       0x80 ./Core/Src/OLED_SSD1306.o
                0x0800088c                SSD1306_DrawPixel
 .text.SSD1306_Clear
                0x0800090c       0x24 ./Core/Src/OLED_SSD1306.o
                0x0800090c                SSD1306_Clear
 .text.SSD1306_Display
                0x08000930       0x60 ./Core/Src/OLED_SSD1306.o
                0x08000930                SSD1306_Display
 .text.SSD1306_DmaEndCallback
                0x08000990       0x24 ./Core/Src/OLED_SSD1306.o
                0x08000990                SSD1306_DmaEndCallback
 .text._Z12enc1Callback16EncoderDirectionh
                0x080009b4       0x24 ./Core/Src/cpp_main.o
                0x080009b4                enc1Callback(EncoderDirection, unsigned char)
 .text._Z12enc2Callback16EncoderDirectionh
                0x080009d8       0x24 ./Core/Src/cpp_main.o
                0x080009d8                enc2Callback(EncoderDirection, unsigned char)
 .text._Z12enc3Callback16EncoderDirectionh
                0x080009fc       0x24 ./Core/Src/cpp_main.o
                0x080009fc                enc3Callback(EncoderDirection, unsigned char)
 .text._Z12enc4Callback16EncoderDirectionh
                0x08000a20       0x24 ./Core/Src/cpp_main.o
                0x08000a20                enc4Callback(EncoderDirection, unsigned char)
 .text._ZN7EncoderC2Ev
                0x08000a44       0x18 ./Core/Src/cpp_main.o
                0x08000a44                Encoder::Encoder()
                0x08000a44                Encoder::Encoder()
 .text._Z15initializeOLEDsv
                0x08000a5c       0xcc ./Core/Src/cpp_main.o
                0x08000a5c                initializeOLEDs()
 .text._Z10drawScreenv
                0x08000b28       0x88 ./Core/Src/cpp_main.o
                0x08000b28                drawScreen()
 .text._Z12writeAddressh
                0x08000bb0       0x48 ./Core/Src/cpp_main.o
                0x08000bb0                writeAddress(unsigned char)
 .text._Z14readInputStateh
                0x08000bf8       0x20 ./Core/Src/cpp_main.o
                0x08000bf8                readInputState(unsigned char)
 .text._Z18initializeEncodersv
                0x08000c18       0x48 ./Core/Src/cpp_main.o
                0x08000c18                initializeEncoders()
 .text.setup    0x08000c60        0xe ./Core/Src/cpp_main.o
                0x08000c60                setup
 *fill*         0x08000c6e        0x2 
 .text.Timer6Interrupt
                0x08000c70       0x5c ./Core/Src/cpp_main.o
                0x08000c70                Timer6Interrupt
 .text.loop     0x08000ccc        0x4 ./Core/Src/cpp_main.o
                0x08000ccc                loop
 .text.startup._GLOBAL__sub_I_oled1
                0x08000cd0       0x2c ./Core/Src/cpp_main.o
 .text.MX_DMA_Init
                0x08000cfc       0x30 ./Core/Src/dma.o
                0x08000cfc                MX_DMA_Init
 .text._ZN7Encoder7refreshEbb
                0x08000d2c       0x46 ./Core/Src/encoder.o
                0x08000d2c                Encoder::refresh(bool, bool)
 .text._ZN7Encoder11setCallbackEPFv16EncoderDirectionhE
                0x08000d72        0x4 ./Core/Src/encoder.o
                0x08000d72                Encoder::setCallback(void (*)(EncoderDirection, unsigned char))
 *fill*         0x08000d76        0x2 
 .text.MX_GPIO_Init
                0x08000d78       0x98 ./Core/Src/gpio.o
                0x08000d78                MX_GPIO_Init
 .text.SystemClock_Config
                0x08000e10       0x72 ./Core/Src/main.o
                0x08000e10                SystemClock_Config
 *fill*         0x08000e82        0x2 
 .text.startup.main
                0x08000e84       0x3c ./Core/Src/main.o
                0x08000e84                main
 .text.HAL_SPI_TxCpltCallback
                0x08000ec0        0x4 ./Core/Src/main.o
                0x08000ec0                HAL_SPI_TxCpltCallback
 .text.HAL_TIM_PeriodElapsedCallback
                0x08000ec4       0x10 ./Core/Src/main.o
                0x08000ec4                HAL_TIM_PeriodElapsedCallback
 .text.Error_Handler
                0x08000ed4        0x4 ./Core/Src/main.o
                0x08000ed4                Error_Handler
 .text.MX_SPI1_Init
                0x08000ed8       0x50 ./Core/Src/spi.o
                0x08000ed8                MX_SPI1_Init
 .text.HAL_SPI_MspInit
                0x08000f28       0x9c ./Core/Src/spi.o
                0x08000f28                HAL_SPI_MspInit
 .text.HAL_MspInit
                0x08000fc4       0x30 ./Core/Src/stm32l4xx_hal_msp.o
                0x08000fc4                HAL_MspInit
 .text.NMI_Handler
                0x08000ff4        0x2 ./Core/Src/stm32l4xx_it.o
                0x08000ff4                NMI_Handler
 .text.HardFault_Handler
                0x08000ff6        0x2 ./Core/Src/stm32l4xx_it.o
                0x08000ff6                HardFault_Handler
 .text.MemManage_Handler
                0x08000ff8        0x2 ./Core/Src/stm32l4xx_it.o
                0x08000ff8                MemManage_Handler
 .text.BusFault_Handler
                0x08000ffa        0x2 ./Core/Src/stm32l4xx_it.o
                0x08000ffa                BusFault_Handler
 .text.UsageFault_Handler
                0x08000ffc        0x2 ./Core/Src/stm32l4xx_it.o
                0x08000ffc                UsageFault_Handler
 .text.SVC_Handler
                0x08000ffe        0x2 ./Core/Src/stm32l4xx_it.o
                0x08000ffe                SVC_Handler
 .text.DebugMon_Handler
                0x08001000        0x2 ./Core/Src/stm32l4xx_it.o
                0x08001000                DebugMon_Handler
 .text.PendSV_Handler
                0x08001002        0x2 ./Core/Src/stm32l4xx_it.o
                0x08001002                PendSV_Handler
 .text.SysTick_Handler
                0x08001004        0x4 ./Core/Src/stm32l4xx_it.o
                0x08001004                SysTick_Handler
 .text.DMA1_Channel3_IRQHandler
                0x08001008        0xc ./Core/Src/stm32l4xx_it.o
                0x08001008                DMA1_Channel3_IRQHandler
 .text.TIM6_IRQHandler
                0x08001014        0xc ./Core/Src/stm32l4xx_it.o
                0x08001014                TIM6_IRQHandler
 .text.SystemInit
                0x08001020       0x14 ./Core/Src/system_stm32l4xx.o
                0x08001020                SystemInit
 .text.MX_TIM6_Init
                0x08001034       0x48 ./Core/Src/tim.o
                0x08001034                MX_TIM6_Init
 .text.HAL_TIM_Base_MspInit
                0x0800107c       0x40 ./Core/Src/tim.o
                0x0800107c                HAL_TIM_Base_MspInit
 .text.MX_USART1_UART_Init
                0x080010bc       0x3c ./Core/Src/usart.o
                0x080010bc                MX_USART1_UART_Init
 .text.MX_USART2_UART_Init
                0x080010f8       0x3c ./Core/Src/usart.o
                0x080010f8                MX_USART2_UART_Init
 .text.HAL_UART_MspInit
                0x08001134       0xc8 ./Core/Src/usart.o
                0x08001134                HAL_UART_MspInit
 .text.Reset_Handler
                0x080011fc       0x50 ./Core/Startup/startup_stm32l412kbux.o
                0x080011fc                Reset_Handler
 .text.Default_Handler
                0x0800124c        0x2 ./Core/Startup/startup_stm32l412kbux.o
                0x0800124c                RTC_Alarm_IRQHandler
                0x0800124c                EXTI2_IRQHandler
                0x0800124c                TIM1_CC_IRQHandler
                0x0800124c                TSC_IRQHandler
                0x0800124c                TAMP_STAMP_IRQHandler
                0x0800124c                EXTI3_IRQHandler
                0x0800124c                LPTIM2_IRQHandler
                0x0800124c                I2C3_ER_IRQHandler
                0x0800124c                EXTI0_IRQHandler
                0x0800124c                I2C2_EV_IRQHandler
                0x0800124c                FPU_IRQHandler
                0x0800124c                TIM1_UP_TIM16_IRQHandler
                0x0800124c                ADC1_2_IRQHandler
                0x0800124c                SPI1_IRQHandler
                0x0800124c                DMA2_Channel2_IRQHandler
                0x0800124c                DMA1_Channel4_IRQHandler
                0x0800124c                USART3_IRQHandler
                0x0800124c                DMA1_Channel7_IRQHandler
                0x0800124c                DMA2_Channel1_IRQHandler
                0x0800124c                QUADSPI_IRQHandler
                0x0800124c                I2C1_EV_IRQHandler
                0x0800124c                DMA1_Channel6_IRQHandler
                0x0800124c                DMA2_Channel4_IRQHandler
                0x0800124c                RCC_IRQHandler
                0x0800124c                TIM1_TRG_COM_IRQHandler
                0x0800124c                DMA1_Channel1_IRQHandler
                0x0800124c                Default_Handler
                0x0800124c                DMA2_Channel7_IRQHandler
                0x0800124c                EXTI15_10_IRQHandler
                0x0800124c                I2C3_EV_IRQHandler
                0x0800124c                USB_IRQHandler
                0x0800124c                EXTI9_5_IRQHandler
                0x0800124c                RTC_WKUP_IRQHandler
                0x0800124c                PVD_PVM_IRQHandler
                0x0800124c                SPI2_IRQHandler
                0x0800124c                DMA2_Channel5_IRQHandler
                0x0800124c                CRS_IRQHandler
                0x0800124c                DMA1_Channel5_IRQHandler
                0x0800124c                EXTI4_IRQHandler
                0x0800124c                RNG_IRQHandler
                0x0800124c                COMP_IRQHandler
                0x0800124c                WWDG_IRQHandler
                0x0800124c                LPUART1_IRQHandler
                0x0800124c                DMA2_Channel6_IRQHandler
                0x0800124c                TIM2_IRQHandler
                0x0800124c                EXTI1_IRQHandler
                0x0800124c                USART2_IRQHandler
                0x0800124c                I2C2_ER_IRQHandler
                0x0800124c                DMA1_Channel2_IRQHandler
                0x0800124c                FLASH_IRQHandler
                0x0800124c                USART1_IRQHandler
                0x0800124c                I2C1_ER_IRQHandler
                0x0800124c                LPTIM1_IRQHandler
                0x0800124c                DMA2_Channel3_IRQHandler
                0x0800124c                TIM1_BRK_TIM15_IRQHandler
 *fill*         0x0800124e        0x2 
 .text.HAL_InitTick
                0x08001250       0x4c ./Drivers/STM32L4xx_HAL_Driver/Src/stm32l4xx_hal.o
                0x08001250                HAL_InitTick
 .text.HAL_Init
                0x0800129c       0x1e ./Drivers/STM32L4xx_HAL_Driver/Src/stm32l4xx_hal.o
                0x0800129c                HAL_Init
 *fill*         0x080012ba        0x2 
 .text.HAL_IncTick
                0x080012bc       0x18 ./Drivers/STM32L4xx_HAL_Driver/Src/stm32l4xx_hal.o
                0x080012bc                HAL_IncTick
 .text.HAL_GetTick
                0x080012d4        0xc ./Drivers/STM32L4xx_HAL_Driver/Src/stm32l4xx_hal.o
                0x080012d4                HAL_GetTick
 .text.HAL_Delay
                0x080012e0       0x28 ./Drivers/STM32L4xx_HAL_Driver/Src/stm32l4xx_hal.o
                0x080012e0                HAL_Delay
 .text.HAL_NVIC_SetPriorityGrouping
                0x08001308       0x24 ./Drivers/STM32L4xx_HAL_Driver/Src/stm32l4xx_hal_cortex.o
                0x08001308                HAL_NVIC_SetPriorityGrouping
 .text.HAL_NVIC_SetPriority
                0x0800132c       0x64 ./Drivers/STM32L4xx_HAL_Driver/Src/stm32l4xx_hal_cortex.o
                0x0800132c                HAL_NVIC_SetPriority
 .text.HAL_NVIC_EnableIRQ
                0x08001390       0x1c ./Drivers/STM32L4xx_HAL_Driver/Src/stm32l4xx_hal_cortex.o
                0x08001390                HAL_NVIC_EnableIRQ
 .text.HAL_SYSTICK_Config
                0x080013ac       0x28 ./Drivers/STM32L4xx_HAL_Driver/Src/stm32l4xx_hal_cortex.o
                0x080013ac                HAL_SYSTICK_Config
 .text.HAL_DMA_Init
                0x080013d4       0xd0 ./Drivers/STM32L4xx_HAL_Driver/Src/stm32l4xx_hal_dma.o
                0x080013d4                HAL_DMA_Init
 .text.HAL_DMA_Start_IT
                0x080014a4       0x7c ./Drivers/STM32L4xx_HAL_Driver/Src/stm32l4xx_hal_dma.o
                0x080014a4                HAL_DMA_Start_IT
 .text.HAL_DMA_IRQHandler
                0x08001520       0x94 ./Drivers/STM32L4xx_HAL_Driver/Src/stm32l4xx_hal_dma.o
                0x08001520                HAL_DMA_IRQHandler
 .text.HAL_GPIO_Init
                0x080015b4      0x17c ./Drivers/STM32L4xx_HAL_Driver/Src/stm32l4xx_hal_gpio.o
                0x080015b4                HAL_GPIO_Init
 .text.HAL_GPIO_ReadPin
                0x08001730        0xc ./Drivers/STM32L4xx_HAL_Driver/Src/stm32l4xx_hal_gpio.o
                0x08001730                HAL_GPIO_ReadPin
 .text.HAL_GPIO_WritePin
                0x0800173c        0xa ./Drivers/STM32L4xx_HAL_Driver/Src/stm32l4xx_hal_gpio.o
                0x0800173c                HAL_GPIO_WritePin
 *fill*         0x08001746        0x2 
 .text.HAL_PWREx_GetVoltageRange
                0x08001748       0x10 ./Drivers/STM32L4xx_HAL_Driver/Src/stm32l4xx_hal_pwr_ex.o
                0x08001748                HAL_PWREx_GetVoltageRange
 .text.HAL_PWREx_ControlVoltageScaling
                0x08001758       0x6c ./Drivers/STM32L4xx_HAL_Driver/Src/stm32l4xx_hal_pwr_ex.o
                0x08001758                HAL_PWREx_ControlVoltageScaling
 .text.RCC_SetFlashLatencyFromMSIRange
                0x080017c4       0x84 ./Drivers/STM32L4xx_HAL_Driver/Src/stm32l4xx_hal_rcc.o
 .text.HAL_RCC_GetSysClockFreq
                0x08001848       0x9c ./Drivers/STM32L4xx_HAL_Driver/Src/stm32l4xx_hal_rcc.o
                0x08001848                HAL_RCC_GetSysClockFreq
 .text.HAL_RCC_OscConfig
                0x080018e4      0x5a8 ./Drivers/STM32L4xx_HAL_Driver/Src/stm32l4xx_hal_rcc.o
                0x080018e4                HAL_RCC_OscConfig
 .text.HAL_RCC_ClockConfig
                0x08001e8c      0x154 ./Drivers/STM32L4xx_HAL_Driver/Src/stm32l4xx_hal_rcc.o
                0x08001e8c                HAL_RCC_ClockConfig
 .text.HAL_RCC_GetPCLK1Freq
                0x08001fe0       0x24 ./Drivers/STM32L4xx_HAL_Driver/Src/stm32l4xx_hal_rcc.o
                0x08001fe0                HAL_RCC_GetPCLK1Freq
 .text.HAL_RCC_GetPCLK2Freq
                0x08002004       0x24 ./Drivers/STM32L4xx_HAL_Driver/Src/stm32l4xx_hal_rcc.o
                0x08002004                HAL_RCC_GetPCLK2Freq
 .text.HAL_RCCEx_PeriphCLKConfig
                0x08002028      0x1e8 ./Drivers/STM32L4xx_HAL_Driver/Src/stm32l4xx_hal_rcc_ex.o
                0x08002028                HAL_RCCEx_PeriphCLKConfig
 .text.SPI_WaitFlagStateUntilTimeout.constprop.0
                0x08002210       0xa4 ./Drivers/STM32L4xx_HAL_Driver/Src/stm32l4xx_hal_spi.o
 .text.SPI_WaitFifoStateUntilTimeout.constprop.0
                0x080022b4       0xc8 ./Drivers/STM32L4xx_HAL_Driver/Src/stm32l4xx_hal_spi.o
 .text.SPI_EndRxTxTransaction
                0x0800237c       0x44 ./Drivers/STM32L4xx_HAL_Driver/Src/stm32l4xx_hal_spi.o
 .text.HAL_SPI_Init
                0x080023c0       0xd4 ./Drivers/STM32L4xx_HAL_Driver/Src/stm32l4xx_hal_spi.o
                0x080023c0                HAL_SPI_Init
 .text.HAL_SPI_Transmit
                0x08002494      0x18c ./Drivers/STM32L4xx_HAL_Driver/Src/stm32l4xx_hal_spi.o
                0x08002494                HAL_SPI_Transmit
 .text.HAL_SPI_Transmit_DMA
                0x08002620      0x108 ./Drivers/STM32L4xx_HAL_Driver/Src/stm32l4xx_hal_spi.o
                0x08002620                HAL_SPI_Transmit_DMA
 .text.HAL_SPI_TxHalfCpltCallback
                0x08002728        0x2 ./Drivers/STM32L4xx_HAL_Driver/Src/stm32l4xx_hal_spi.o
                0x08002728                HAL_SPI_TxHalfCpltCallback
 .text.SPI_DMAHalfTransmitCplt
                0x0800272a        0xa ./Drivers/STM32L4xx_HAL_Driver/Src/stm32l4xx_hal_spi.o
 .text.HAL_SPI_ErrorCallback
                0x08002734        0x2 ./Drivers/STM32L4xx_HAL_Driver/Src/stm32l4xx_hal_spi.o
                0x08002734                HAL_SPI_ErrorCallback
 .text.SPI_DMAError
                0x08002736       0x22 ./Drivers/STM32L4xx_HAL_Driver/Src/stm32l4xx_hal_spi.o
 .text.SPI_DMATransmitCplt
                0x08002758       0x6a ./Drivers/STM32L4xx_HAL_Driver/Src/stm32l4xx_hal_spi.o
 *fill*         0x080027c2        0x2 
 .text.HAL_TIM_Base_Start_IT
                0x080027c4       0x54 ./Drivers/STM32L4xx_HAL_Driver/Src/stm32l4xx_hal_tim.o
                0x080027c4                HAL_TIM_Base_Start_IT
 .text.HAL_TIM_OC_DelayElapsedCallback
                0x08002818        0x2 ./Drivers/STM32L4xx_HAL_Driver/Src/stm32l4xx_hal_tim.o
                0x08002818                HAL_TIM_OC_DelayElapsedCallback
 .text.HAL_TIM_IC_CaptureCallback
                0x0800281a        0x2 ./Drivers/STM32L4xx_HAL_Driver/Src/stm32l4xx_hal_tim.o
                0x0800281a                HAL_TIM_IC_CaptureCallback
 .text.HAL_TIM_PWM_PulseFinishedCallback
                0x0800281c        0x2 ./Drivers/STM32L4xx_HAL_Driver/Src/stm32l4xx_hal_tim.o
                0x0800281c                HAL_TIM_PWM_PulseFinishedCallback
 .text.HAL_TIM_TriggerCallback
                0x0800281e        0x2 ./Drivers/STM32L4xx_HAL_Driver/Src/stm32l4xx_hal_tim.o
                0x0800281e                HAL_TIM_TriggerCallback
 .text.HAL_TIM_IRQHandler
                0x08002820      0x140 ./Drivers/STM32L4xx_HAL_Driver/Src/stm32l4xx_hal_tim.o
                0x08002820                HAL_TIM_IRQHandler
 .text.TIM_Base_SetConfig
                0x08002960       0x84 ./Drivers/STM32L4xx_HAL_Driver/Src/stm32l4xx_hal_tim.o
                0x08002960                TIM_Base_SetConfig
 .text.HAL_TIM_Base_Init
                0x080029e4       0x60 ./Drivers/STM32L4xx_HAL_Driver/Src/stm32l4xx_hal_tim.o
                0x080029e4                HAL_TIM_Base_Init
 .text.HAL_TIMEx_MasterConfigSynchronization
                0x08002a44       0x64 ./Drivers/STM32L4xx_HAL_Driver/Src/stm32l4xx_hal_tim_ex.o
                0x08002a44                HAL_TIMEx_MasterConfigSynchronization
 .text.HAL_TIMEx_CommutCallback
                0x08002aa8        0x2 ./Drivers/STM32L4xx_HAL_Driver/Src/stm32l4xx_hal_tim_ex.o
                0x08002aa8                HAL_TIMEx_CommutCallback
 .text.HAL_TIMEx_BreakCallback
                0x08002aaa        0x2 ./Drivers/STM32L4xx_HAL_Driver/Src/stm32l4xx_hal_tim_ex.o
                0x08002aaa                HAL_TIMEx_BreakCallback
 .text.HAL_TIMEx_Break2Callback
                0x08002aac        0x2 ./Drivers/STM32L4xx_HAL_Driver/Src/stm32l4xx_hal_tim_ex.o
                0x08002aac                HAL_TIMEx_Break2Callback
 .text.UART_EndRxTransfer
                0x08002aae       0x50 ./Drivers/STM32L4xx_HAL_Driver/Src/stm32l4xx_hal_uart.o
 *fill*         0x08002afe        0x2 
 .text.UART_SetConfig
                0x08002b00      0x1e0 ./Drivers/STM32L4xx_HAL_Driver/Src/stm32l4xx_hal_uart.o
                0x08002b00                UART_SetConfig
 .text.UART_AdvFeatureConfig
                0x08002ce0       0xa8 ./Drivers/STM32L4xx_HAL_Driver/Src/stm32l4xx_hal_uart.o
                0x08002ce0                UART_AdvFeatureConfig
 .text.UART_WaitOnFlagUntilTimeout
                0x08002d88       0x90 ./Drivers/STM32L4xx_HAL_Driver/Src/stm32l4xx_hal_uart.o
                0x08002d88                UART_WaitOnFlagUntilTimeout
 .text.UART_CheckIdleState
                0x08002e18       0xb2 ./Drivers/STM32L4xx_HAL_Driver/Src/stm32l4xx_hal_uart.o
                0x08002e18                UART_CheckIdleState
 .text.HAL_UART_Init
                0x08002eca       0x5c ./Drivers/STM32L4xx_HAL_Driver/Src/stm32l4xx_hal_uart.o
                0x08002eca                HAL_UART_Init
 .text.memset   0x08002f26       0x10 C:/ST/STM32CubeIDE_1.16.0/STM32CubeIDE/plugins/com.st.stm32cube.ide.mcu.externaltools.gnu-tools-for-stm32.12.3.rel1.win32_1.0.200.202406191623/tools/bin/../lib/gcc/arm-none-eabi/12.3.1/../../../../arm-none-eabi/lib/thumb/v7e-m+fp/hard\libc_nano.a(libc_a-memset.o)
                0x08002f26                memset
 .text.strncpy  0x08002f36       0x26 C:/ST/STM32CubeIDE_1.16.0/STM32CubeIDE/plugins/com.st.stm32cube.ide.mcu.externaltools.gnu-tools-for-stm32.12.3.rel1.win32_1.0.200.202406191623/tools/bin/../lib/gcc/arm-none-eabi/12.3.1/../../../../arm-none-eabi/lib/thumb/v7e-m+fp/hard\libc_nano.a(libc_a-strncpy.o)
                0x08002f36                strncpy
 .text.__libc_init_array
                0x08002f5c       0x48 C:/ST/STM32CubeIDE_1.16.0/STM32CubeIDE/plugins/com.st.stm32cube.ide.mcu.externaltools.gnu-tools-for-stm32.12.3.rel1.win32_1.0.200.202406191623/tools/bin/../lib/gcc/arm-none-eabi/12.3.1/../../../../arm-none-eabi/lib/thumb/v7e-m+fp/hard\libc_nano.a(libc_a-init.o)
                0x08002f5c                __libc_init_array
 *(.glue_7)
 .glue_7        0x08002fa4        0x0 linker stubs
 *(.glue_7t)
 .glue_7t       0x08002fa4        0x0 linker stubs
 *(.eh_frame)
 .eh_frame      0x08002fa4        0x0 C:/ST/STM32CubeIDE_1.16.0/STM32CubeIDE/plugins/com.st.stm32cube.ide.mcu.externaltools.gnu-tools-for-stm32.12.3.rel1.win32_1.0.200.202406191623/tools/bin/../lib/gcc/arm-none-eabi/12.3.1/thumb/v7e-m+fp/hard/crtbegin.o
 *(.init)
 .init          0x08002fa4        0x4 C:/ST/STM32CubeIDE_1.16.0/STM32CubeIDE/plugins/com.st.stm32cube.ide.mcu.externaltools.gnu-tools-for-stm32.12.3.rel1.win32_1.0.200.202406191623/tools/bin/../lib/gcc/arm-none-eabi/12.3.1/thumb/v7e-m+fp/hard/crti.o
                0x08002fa4                _init
 .init          0x08002fa8        0x8 C:/ST/STM32CubeIDE_1.16.0/STM32CubeIDE/plugins/com.st.stm32cube.ide.mcu.externaltools.gnu-tools-for-stm32.12.3.rel1.win32_1.0.200.202406191623/tools/bin/../lib/gcc/arm-none-eabi/12.3.1/thumb/v7e-m+fp/hard/crtn.o
 *(.fini)
 .fini          0x08002fb0        0x4 C:/ST/STM32CubeIDE_1.16.0/STM32CubeIDE/plugins/com.st.stm32cube.ide.mcu.externaltools.gnu-tools-for-stm32.12.3.rel1.win32_1.0.200.202406191623/tools/bin/../lib/gcc/arm-none-eabi/12.3.1/thumb/v7e-m+fp/hard/crti.o
                0x08002fb0                _fini
 .fini          0x08002fb4        0x8 C:/ST/STM32CubeIDE_1.16.0/STM32CubeIDE/plugins/com.st.stm32cube.ide.mcu.externaltools.gnu-tools-for-stm32.12.3.rel1.win32_1.0.200.202406191623/tools/bin/../lib/gcc/arm-none-eabi/12.3.1/thumb/v7e-m+fp/hard/crtn.o
                0x08002fbc                        . = ALIGN (0x4)
                0x08002fbc                        _etext = .

.vfp11_veneer   0x08002fbc        0x0
 .vfp11_veneer  0x08002fbc        0x0 linker stubs

.v4_bx          0x08002fbc        0x0
 .v4_bx         0x08002fbc        0x0 linker stubs

.iplt           0x08002fbc        0x0
 .iplt          0x08002fbc        0x0 C:/ST/STM32CubeIDE_1.16.0/STM32CubeIDE/plugins/com.st.stm32cube.ide.mcu.externaltools.gnu-tools-for-stm32.12.3.rel1.win32_1.0.200.202406191623/tools/bin/../lib/gcc/arm-none-eabi/12.3.1/thumb/v7e-m+fp/hard/crtbegin.o

.rodata         0x08002fbc      0x26c
                0x08002fbc                        . = ALIGN (0x4)
 *(.rodata)
 *(.rodata*)
 .rodata._Z12enc1Callback16EncoderDirectionh.str1.1
                0x08002fbc        0xe ./Core/Src/cpp_main.o
 .rodata._Z12enc2Callback16EncoderDirectionh.str1.1
                0x08002fca        0xe ./Core/Src/cpp_main.o
 .rodata._Z12enc3Callback16EncoderDirectionh.str1.1
                0x08002fd8        0xe ./Core/Src/cpp_main.o
 .rodata._Z12enc4Callback16EncoderDirectionh.str1.1
                0x08002fe6        0xe ./Core/Src/cpp_main.o
 .rodata._Z15initializeOLEDsv.str1.1
                0x08002ff4        0xf ./Core/Src/cpp_main.o
 .rodata._ZL8font_8x5
                0x08003003      0x1dd ./Core/Src/cpp_main.o
 .rodata.MSIRangeTable
                0x080031e0       0x30 ./Core/Src/system_stm32l4xx.o
                0x080031e0                MSIRangeTable
 .rodata.APBPrescTable
                0x08003210        0x8 ./Core/Src/system_stm32l4xx.o
                0x08003210                APBPrescTable
 .rodata.AHBPrescTable
                0x08003218       0x10 ./Core/Src/system_stm32l4xx.o
                0x08003218                AHBPrescTable
                0x08003228                        . = ALIGN (0x4)

.ARM.extab      0x08003228        0x0
                0x08003228                        . = ALIGN (0x4)
 *(.ARM.extab* .gnu.linkonce.armextab.*)
                0x08003228                        . = ALIGN (0x4)

.ARM            0x08003228        0x8
                0x08003228                        . = ALIGN (0x4)
                0x08003228                        __exidx_start = .
 *(.ARM.exidx*)
 .ARM.exidx     0x08003228        0x8 C:/ST/STM32CubeIDE_1.16.0/STM32CubeIDE/plugins/com.st.stm32cube.ide.mcu.externaltools.gnu-tools-for-stm32.12.3.rel1.win32_1.0.200.202406191623/tools/bin/../lib/gcc/arm-none-eabi/12.3.1/thumb/v7e-m+fp/hard\libgcc.a(_udivmoddi4.o)
                0x08003230                        __exidx_end = .
                0x08003230                        . = ALIGN (0x4)

.preinit_array  0x08003230        0x0
                0x08003230                        . = ALIGN (0x4)
                0x08003230                        PROVIDE (__preinit_array_start = .)
 *(.preinit_array*)
                0x08003230                        PROVIDE (__preinit_array_end = .)
                0x08003230                        . = ALIGN (0x4)

.init_array     0x08003230        0x8
                0x08003230                        . = ALIGN (0x4)
                0x08003230                        PROVIDE (__init_array_start = .)
 *(SORT_BY_NAME(.init_array.*))
 *(.init_array*)
 .init_array    0x08003230        0x4 C:/ST/STM32CubeIDE_1.16.0/STM32CubeIDE/plugins/com.st.stm32cube.ide.mcu.externaltools.gnu-tools-for-stm32.12.3.rel1.win32_1.0.200.202406191623/tools/bin/../lib/gcc/arm-none-eabi/12.3.1/thumb/v7e-m+fp/hard/crtbegin.o
 .init_array    0x08003234        0x4 ./Core/Src/cpp_main.o
                0x08003238                        PROVIDE (__init_array_end = .)
                0x08003238                        . = ALIGN (0x4)

.fini_array     0x08003238        0x4
                0x08003238                        . = ALIGN (0x4)
                [!provide]                        PROVIDE (__fini_array_start = .)
 *(SORT_BY_NAME(.fini_array.*))
 *(.fini_array*)
 .fini_array    0x08003238        0x4 C:/ST/STM32CubeIDE_1.16.0/STM32CubeIDE/plugins/com.st.stm32cube.ide.mcu.externaltools.gnu-tools-for-stm32.12.3.rel1.win32_1.0.200.202406191623/tools/bin/../lib/gcc/arm-none-eabi/12.3.1/thumb/v7e-m+fp/hard/crtbegin.o
                [!provide]                        PROVIDE (__fini_array_end = .)
                0x0800323c                        . = ALIGN (0x4)
                0x0800323c                        _sidata = LOADADDR (.data)

.rel.dyn        0x0800323c        0x0
 .rel.iplt      0x0800323c        0x0 C:/ST/STM32CubeIDE_1.16.0/STM32CubeIDE/plugins/com.st.stm32cube.ide.mcu.externaltools.gnu-tools-for-stm32.12.3.rel1.win32_1.0.200.202406191623/tools/bin/../lib/gcc/arm-none-eabi/12.3.1/thumb/v7e-m+fp/hard/crtbegin.o

.data           0x20000000       0x20 load address 0x0800323c
                0x20000000                        . = ALIGN (0x4)
                0x20000000                        _sdata = .
 *(.data)
 *(.data*)
 .data.size     0x20000000        0x1 ./Core/Src/GFX_BW.o
                0x20000000                size
 .data.stringstate
                0x20000001       0x11 ./Core/Src/cpp_main.o
                0x20000001                stringstate
 *fill*         0x20000012        0x2 
 .data.SystemCoreClock
                0x20000014        0x4 ./Core/Src/system_stm32l4xx.o
                0x20000014                SystemCoreClock
 .data.uwTickFreq
                0x20000018        0x1 ./Drivers/STM32L4xx_HAL_Driver/Src/stm32l4xx_hal.o
                0x20000018                uwTickFreq
 *fill*         0x20000019        0x3 
 .data.uwTickPrio
                0x2000001c        0x4 ./Drivers/STM32L4xx_HAL_Driver/Src/stm32l4xx_hal.o
                0x2000001c                uwTickPrio
 *(.RamFunc)
 *(.RamFunc*)
                0x20000020                        . = ALIGN (0x4)
                0x20000020                        _edata = .

.igot.plt       0x20000020        0x0 load address 0x0800325c
 .igot.plt      0x20000020        0x0 C:/ST/STM32CubeIDE_1.16.0/STM32CubeIDE/plugins/com.st.stm32cube.ide.mcu.externaltools.gnu-tools-for-stm32.12.3.rel1.win32_1.0.200.202406191623/tools/bin/../lib/gcc/arm-none-eabi/12.3.1/thumb/v7e-m+fp/hard/crtbegin.o
                0x20000020                        . = ALIGN (0x4)

.bss            0x20000020      0xb24 load address 0x0800325c
                0x20000020                        _sbss = .
                0x20000020                        __bss_start__ = _sbss
 *(.bss)
 .bss           0x20000020       0x1c C:/ST/STM32CubeIDE_1.16.0/STM32CubeIDE/plugins/com.st.stm32cube.ide.mcu.externaltools.gnu-tools-for-stm32.12.3.rel1.win32_1.0.200.202406191623/tools/bin/../lib/gcc/arm-none-eabi/12.3.1/thumb/v7e-m+fp/hard/crtbegin.o
 *(.bss*)
 .bss.font      0x2000003c        0x4 ./Core/Src/GFX_BW.o
                0x2000003c                font
 .bss.currentOLED
                0x20000040        0x4 ./Core/Src/OLED_SSD1306.o
                0x20000040                currentOLED
 .bss.ssd1306_spi
                0x20000044        0x4 ./Core/Src/OLED_SSD1306.o
                0x20000044                ssd1306_spi
 .bss.readState
                0x20000048        0x1 ./Core/Src/cpp_main.o
                0x20000048                readState
 .bss.currentReadChannel
                0x20000049        0x1 ./Core/Src/cpp_main.o
                0x20000049                currentReadChannel
 .bss.msg       0x2000004a       0x14 ./Core/Src/cpp_main.o
                0x2000004a                msg
 .bss.state     0x2000005e       0x10 ./Core/Src/cpp_main.o
                0x2000005e                state
 *fill*         0x2000006e        0x2 
 .bss.enc4      0x20000070       0x2c ./Core/Src/cpp_main.o
                0x20000070                enc4
 .bss.enc3      0x2000009c       0x2c ./Core/Src/cpp_main.o
                0x2000009c                enc3
 .bss.enc2      0x200000c8       0x2c ./Core/Src/cpp_main.o
                0x200000c8                enc2
 .bss.enc1      0x200000f4       0x2c ./Core/Src/cpp_main.o
                0x200000f4                enc1
 .bss.oled2     0x20000120      0x40c ./Core/Src/cpp_main.o
                0x20000120                oled2
 .bss.oled1     0x2000052c      0x40c ./Core/Src/cpp_main.o
                0x2000052c                oled1
 .bss.hdma_spi1_tx
                0x20000938       0x48 ./Core/Src/spi.o
                0x20000938                hdma_spi1_tx
 .bss.hspi1     0x20000980       0x64 ./Core/Src/spi.o
                0x20000980                hspi1
 .bss.htim6     0x200009e4       0x4c ./Core/Src/tim.o
                0x200009e4                htim6
 .bss.huart2    0x20000a30       0x88 ./Core/Src/usart.o
                0x20000a30                huart2
 .bss.huart1    0x20000ab8       0x88 ./Core/Src/usart.o
                0x20000ab8                huart1
 .bss.uwTick    0x20000b40        0x4 ./Drivers/STM32L4xx_HAL_Driver/Src/stm32l4xx_hal.o
                0x20000b40                uwTick
 *(COMMON)
                0x20000b44                        . = ALIGN (0x4)
                0x20000b44                        _ebss = .
                0x20000b44                        __bss_end__ = _ebss

._user_heap_stack
                0x20000b44      0x604 load address 0x0800325c
                0x20000b48                        . = ALIGN (0x8)
 *fill*         0x20000b44        0x4 
                [!provide]                        PROVIDE (end = .)
                0x20000b48                        PROVIDE (_end = .)
                0x20000d48                        . = (. + _Min_Heap_Size)
 *fill*         0x20000b48      0x200 
                0x20001148                        . = (. + _Min_Stack_Size)
 *fill*         0x20000d48      0x400 
                0x20001148                        . = ALIGN (0x8)

/DISCARD/
 libc.a(*)
 libm.a(*)
 libgcc.a(*)

.ARM.attributes
                0x00000000       0x30
 *(.ARM.attributes)
 .ARM.attributes
                0x00000000       0x22 C:/ST/STM32CubeIDE_1.16.0/STM32CubeIDE/plugins/com.st.stm32cube.ide.mcu.externaltools.gnu-tools-for-stm32.12.3.rel1.win32_1.0.200.202406191623/tools/bin/../lib/gcc/arm-none-eabi/12.3.1/thumb/v7e-m+fp/hard/crti.o
 .ARM.attributes
                0x00000022       0x34 C:/ST/STM32CubeIDE_1.16.0/STM32CubeIDE/plugins/com.st.stm32cube.ide.mcu.externaltools.gnu-tools-for-stm32.12.3.rel1.win32_1.0.200.202406191623/tools/bin/../lib/gcc/arm-none-eabi/12.3.1/thumb/v7e-m+fp/hard/crtbegin.o
 .ARM.attributes
                0x00000056       0x34 ./Core/Src/GFX_BW.o
 .ARM.attributes
                0x0000008a       0x34 ./Core/Src/OLED_SSD1306.o
 .ARM.attributes
                0x000000be       0x34 ./Core/Src/cpp_main.o
 .ARM.attributes
                0x000000f2       0x34 ./Core/Src/dma.o
 .ARM.attributes
                0x00000126       0x34 ./Core/Src/encoder.o
 .ARM.attributes
                0x0000015a       0x34 ./Core/Src/gpio.o
 .ARM.attributes
                0x0000018e       0x34 ./Core/Src/main.o
 .ARM.attributes
                0x000001c2       0x34 ./Core/Src/spi.o
 .ARM.attributes
                0x000001f6       0x34 ./Core/Src/stm32l4xx_hal_msp.o
 .ARM.attributes
                0x0000022a       0x34 ./Core/Src/stm32l4xx_it.o
 .ARM.attributes
                0x0000025e       0x34 ./Core/Src/system_stm32l4xx.o
 .ARM.attributes
                0x00000292       0x34 ./Core/Src/tim.o
 .ARM.attributes
                0x000002c6       0x34 ./Core/Src/usart.o
 .ARM.attributes
                0x000002fa       0x21 ./Core/Startup/startup_stm32l412kbux.o
 .ARM.attributes
                0x0000031b       0x34 ./Drivers/STM32L4xx_HAL_Driver/Src/stm32l4xx_hal.o
 .ARM.attributes
                0x0000034f       0x34 ./Drivers/STM32L4xx_HAL_Driver/Src/stm32l4xx_hal_cortex.o
 .ARM.attributes
                0x00000383       0x34 ./Drivers/STM32L4xx_HAL_Driver/Src/stm32l4xx_hal_dma.o
 .ARM.attributes
                0x000003b7       0x34 ./Drivers/STM32L4xx_HAL_Driver/Src/stm32l4xx_hal_gpio.o
 .ARM.attributes
                0x000003eb       0x34 ./Drivers/STM32L4xx_HAL_Driver/Src/stm32l4xx_hal_pwr_ex.o
 .ARM.attributes
                0x0000041f       0x34 ./Drivers/STM32L4xx_HAL_Driver/Src/stm32l4xx_hal_rcc.o
 .ARM.attributes
                0x00000453       0x34 ./Drivers/STM32L4xx_HAL_Driver/Src/stm32l4xx_hal_rcc_ex.o
 .ARM.attributes
                0x00000487       0x34 ./Drivers/STM32L4xx_HAL_Driver/Src/stm32l4xx_hal_spi.o
 .ARM.attributes
                0x000004bb       0x34 ./Drivers/STM32L4xx_HAL_Driver/Src/stm32l4xx_hal_tim.o
 .ARM.attributes
                0x000004ef       0x34 ./Drivers/STM32L4xx_HAL_Driver/Src/stm32l4xx_hal_tim_ex.o
 .ARM.attributes
                0x00000523       0x34 ./Drivers/STM32L4xx_HAL_Driver/Src/stm32l4xx_hal_uart.o
 .ARM.attributes
                0x00000557       0x34 C:/ST/STM32CubeIDE_1.16.0/STM32CubeIDE/plugins/com.st.stm32cube.ide.mcu.externaltools.gnu-tools-for-stm32.12.3.rel1.win32_1.0.200.202406191623/tools/bin/../lib/gcc/arm-none-eabi/12.3.1/../../../../arm-none-eabi/lib/thumb/v7e-m+fp/hard\libc_nano.a(libc_a-memset.o)
 .ARM.attributes
                0x0000058b       0x34 C:/ST/STM32CubeIDE_1.16.0/STM32CubeIDE/plugins/com.st.stm32cube.ide.mcu.externaltools.gnu-tools-for-stm32.12.3.rel1.win32_1.0.200.202406191623/tools/bin/../lib/gcc/arm-none-eabi/12.3.1/../../../../arm-none-eabi/lib/thumb/v7e-m+fp/hard\libc_nano.a(libc_a-strncpy.o)
 .ARM.attributes
                0x000005bf       0x34 C:/ST/STM32CubeIDE_1.16.0/STM32CubeIDE/plugins/com.st.stm32cube.ide.mcu.externaltools.gnu-tools-for-stm32.12.3.rel1.win32_1.0.200.202406191623/tools/bin/../lib/gcc/arm-none-eabi/12.3.1/../../../../arm-none-eabi/lib/thumb/v7e-m+fp/hard\libc_nano.a(libc_a-init.o)
 .ARM.attributes
                0x000005f3       0x22 C:/ST/STM32CubeIDE_1.16.0/STM32CubeIDE/plugins/com.st.stm32cube.ide.mcu.externaltools.gnu-tools-for-stm32.12.3.rel1.win32_1.0.200.202406191623/tools/bin/../lib/gcc/arm-none-eabi/12.3.1/thumb/v7e-m+fp/hard\libgcc.a(_aeabi_uldivmod.o)
 .ARM.attributes
                0x00000615       0x34 C:/ST/STM32CubeIDE_1.16.0/STM32CubeIDE/plugins/com.st.stm32cube.ide.mcu.externaltools.gnu-tools-for-stm32.12.3.rel1.win32_1.0.200.202406191623/tools/bin/../lib/gcc/arm-none-eabi/12.3.1/thumb/v7e-m+fp/hard\libgcc.a(_udivmoddi4.o)
 .ARM.attributes
                0x00000649       0x22 C:/ST/STM32CubeIDE_1.16.0/STM32CubeIDE/plugins/com.st.stm32cube.ide.mcu.externaltools.gnu-tools-for-stm32.12.3.rel1.win32_1.0.200.202406191623/tools/bin/../lib/gcc/arm-none-eabi/12.3.1/thumb/v7e-m+fp/hard\libgcc.a(_dvmd_tls.o)
 .ARM.attributes
                0x0000066b       0x22 C:/ST/STM32CubeIDE_1.16.0/STM32CubeIDE/plugins/com.st.stm32cube.ide.mcu.externaltools.gnu-tools-for-stm32.12.3.rel1.win32_1.0.200.202406191623/tools/bin/../lib/gcc/arm-none-eabi/12.3.1/thumb/v7e-m+fp/hard/crtn.o
OUTPUT(Perc_module_frontend.elf elf32-littlearm)
LOAD linker stubs
LOAD C:/ST/STM32CubeIDE_1.16.0/STM32CubeIDE/plugins/com.st.stm32cube.ide.mcu.externaltools.gnu-tools-for-stm32.12.3.rel1.win32_1.0.200.202406191623/tools/bin/../lib/gcc/arm-none-eabi/12.3.1/../../../../arm-none-eabi/lib/thumb/v7e-m+fp/hard\libc.a
LOAD C:/ST/STM32CubeIDE_1.16.0/STM32CubeIDE/plugins/com.st.stm32cube.ide.mcu.externaltools.gnu-tools-for-stm32.12.3.rel1.win32_1.0.200.202406191623/tools/bin/../lib/gcc/arm-none-eabi/12.3.1/../../../../arm-none-eabi/lib/thumb/v7e-m+fp/hard\libm.a
LOAD C:/ST/STM32CubeIDE_1.16.0/STM32CubeIDE/plugins/com.st.stm32cube.ide.mcu.externaltools.gnu-tools-for-stm32.12.3.rel1.win32_1.0.200.202406191623/tools/bin/../lib/gcc/arm-none-eabi/12.3.1/thumb/v7e-m+fp/hard\libgcc.a

.comment        0x00000000       0x43
 .comment       0x00000000       0x43 ./Core/Src/GFX_BW.o
                                 0x44 (size before relaxing)
 .comment       0x00000043       0x44 ./Core/Src/OLED_SSD1306.o
 .comment       0x00000043       0x44 ./Core/Src/cpp_main.o
 .comment       0x00000043       0x44 ./Core/Src/dma.o
 .comment       0x00000043       0x44 ./Core/Src/encoder.o
 .comment       0x00000043       0x44 ./Core/Src/gpio.o
 .comment       0x00000043       0x44 ./Core/Src/main.o
 .comment       0x00000043       0x44 ./Core/Src/spi.o
 .comment       0x00000043       0x44 ./Core/Src/stm32l4xx_hal_msp.o
 .comment       0x00000043       0x44 ./Core/Src/stm32l4xx_it.o
 .comment       0x00000043       0x44 ./Core/Src/system_stm32l4xx.o
 .comment       0x00000043       0x44 ./Core/Src/tim.o
 .comment       0x00000043       0x44 ./Core/Src/usart.o
 .comment       0x00000043       0x44 ./Drivers/STM32L4xx_HAL_Driver/Src/stm32l4xx_hal.o
 .comment       0x00000043       0x44 ./Drivers/STM32L4xx_HAL_Driver/Src/stm32l4xx_hal_cortex.o
 .comment       0x00000043       0x44 ./Drivers/STM32L4xx_HAL_Driver/Src/stm32l4xx_hal_dma.o
 .comment       0x00000043       0x44 ./Drivers/STM32L4xx_HAL_Driver/Src/stm32l4xx_hal_gpio.o
 .comment       0x00000043       0x44 ./Drivers/STM32L4xx_HAL_Driver/Src/stm32l4xx_hal_pwr_ex.o
 .comment       0x00000043       0x44 ./Drivers/STM32L4xx_HAL_Driver/Src/stm32l4xx_hal_rcc.o
 .comment       0x00000043       0x44 ./Drivers/STM32L4xx_HAL_Driver/Src/stm32l4xx_hal_rcc_ex.o
 .comment       0x00000043       0x44 ./Drivers/STM32L4xx_HAL_Driver/Src/stm32l4xx_hal_spi.o
 .comment       0x00000043       0x44 ./Drivers/STM32L4xx_HAL_Driver/Src/stm32l4xx_hal_tim.o
 .comment       0x00000043       0x44 ./Drivers/STM32L4xx_HAL_Driver/Src/stm32l4xx_hal_tim_ex.o
 .comment       0x00000043       0x44 ./Drivers/STM32L4xx_HAL_Driver/Src/stm32l4xx_hal_uart.o

.debug_frame    0x00000000       0xd4
 .debug_frame   0x00000000       0x20 C:/ST/STM32CubeIDE_1.16.0/STM32CubeIDE/plugins/com.st.stm32cube.ide.mcu.externaltools.gnu-tools-for-stm32.12.3.rel1.win32_1.0.200.202406191623/tools/bin/../lib/gcc/arm-none-eabi/12.3.1/../../../../arm-none-eabi/lib/thumb/v7e-m+fp/hard\libc_nano.a(libc_a-memset.o)
 .debug_frame   0x00000020       0x28 C:/ST/STM32CubeIDE_1.16.0/STM32CubeIDE/plugins/com.st.stm32cube.ide.mcu.externaltools.gnu-tools-for-stm32.12.3.rel1.win32_1.0.200.202406191623/tools/bin/../lib/gcc/arm-none-eabi/12.3.1/../../../../arm-none-eabi/lib/thumb/v7e-m+fp/hard\libc_nano.a(libc_a-strncpy.o)
 .debug_frame   0x00000048       0x2c C:/ST/STM32CubeIDE_1.16.0/STM32CubeIDE/plugins/com.st.stm32cube.ide.mcu.externaltools.gnu-tools-for-stm32.12.3.rel1.win32_1.0.200.202406191623/tools/bin/../lib/gcc/arm-none-eabi/12.3.1/../../../../arm-none-eabi/lib/thumb/v7e-m+fp/hard\libc_nano.a(libc_a-init.o)
 .debug_frame   0x00000074       0x2c C:/ST/STM32CubeIDE_1.16.0/STM32CubeIDE/plugins/com.st.stm32cube.ide.mcu.externaltools.gnu-tools-for-stm32.12.3.rel1.win32_1.0.200.202406191623/tools/bin/../lib/gcc/arm-none-eabi/12.3.1/thumb/v7e-m+fp/hard\libgcc.a(_aeabi_uldivmod.o)
 .debug_frame   0x000000a0       0x34 C:/ST/STM32CubeIDE_1.16.0/STM32CubeIDE/plugins/com.st.stm32cube.ide.mcu.externaltools.gnu-tools-for-stm32.12.3.rel1.win32_1.0.200.202406191623/tools/bin/../lib/gcc/arm-none-eabi/12.3.1/thumb/v7e-m+fp/hard\libgcc.a(_udivmoddi4.o)
